Archive member included because of file (symbol)

C:\Users\Sherry Wong\Desktop\EE2024\assignment_2\Lib_CMSISv1p30_LPC17xx\Debug\libCMSISv1p30_LPC17xx.a(system_LPC17xx.o)
                              ./src/main.o (SystemCoreClock)
C:\Users\Sherry Wong\Desktop\EE2024\assignment_2\Lib_EaBaseBoard\Debug\libLib_EaBaseBoard.a(acc.o)
                              ./src/main.o (acc_init)
C:\Users\Sherry Wong\Desktop\EE2024\assignment_2\Lib_EaBaseBoard\Debug\libLib_EaBaseBoard.a(led7seg.o)
                              ./src/main.o (led7seg_init)
C:\Users\Sherry Wong\Desktop\EE2024\assignment_2\Lib_EaBaseBoard\Debug\libLib_EaBaseBoard.a(light.o)
                              ./src/main.o (light_enable)
C:\Users\Sherry Wong\Desktop\EE2024\assignment_2\Lib_EaBaseBoard\Debug\libLib_EaBaseBoard.a(oled.o)
                              ./src/main.o (oled_init)
C:\Users\Sherry Wong\Desktop\EE2024\assignment_2\Lib_EaBaseBoard\Debug\libLib_EaBaseBoard.a(pca9532.o)
                              ./src/main.o (pca9532_init)
C:\Users\Sherry Wong\Desktop\EE2024\assignment_2\Lib_EaBaseBoard\Debug\libLib_EaBaseBoard.a(temp.o)
                              ./src/main.o (temp_init)
C:\Users\Sherry Wong\Desktop\EE2024\assignment_2\Lib_EaBaseBoard\Debug\libLib_EaBaseBoard.a(font5x7.o)
                              C:\Users\Sherry Wong\Desktop\EE2024\assignment_2\Lib_EaBaseBoard\Debug\libLib_EaBaseBoard.a(oled.o) (font5x7)
C:\Users\Sherry Wong\Desktop\EE2024\assignment_2\Lib_MCU\Debug\libLib_MCU.a(lpc17xx_gpio.o)
                              ./src/main.o (GPIO_SetDir)
C:\Users\Sherry Wong\Desktop\EE2024\assignment_2\Lib_MCU\Debug\libLib_MCU.a(lpc17xx_i2c.o)
                              ./src/main.o (I2C_Init)
C:\Users\Sherry Wong\Desktop\EE2024\assignment_2\Lib_MCU\Debug\libLib_MCU.a(lpc17xx_libcfg_default.o)
                              C:\Users\Sherry Wong\Desktop\EE2024\assignment_2\Lib_MCU\Debug\libLib_MCU.a(lpc17xx_i2c.o) (check_failed)
C:\Users\Sherry Wong\Desktop\EE2024\assignment_2\Lib_MCU\Debug\libLib_MCU.a(lpc17xx_pinsel.o)
                              ./src/main.o (PINSEL_ConfigPin)
C:\Users\Sherry Wong\Desktop\EE2024\assignment_2\Lib_MCU\Debug\libLib_MCU.a(lpc17xx_ssp.o)
                              ./src/main.o (SSP_Init)
C:\Users\Sherry Wong\Desktop\EE2024\assignment_2\Lib_MCU\Debug\libLib_MCU.a(lpc17xx_uart.o)
                              ./src/main.o (UART_TxCmd)
C:\Users\Sherry Wong\Desktop\EE2024\assignment_2\Lib_MCU\Debug\libLib_MCU.a(lpc17xx_clkpwr.o)
                              C:\Users\Sherry Wong\Desktop\EE2024\assignment_2\Lib_MCU\Debug\libLib_MCU.a(lpc17xx_i2c.o) (CLKPWR_SetPCLKDiv)
c:/nxp/lpcxpresso_6.1.4_194/lpcxpresso/tools/bin/../lib/gcc/arm-none-eabi/4.6.2/armv7-m\libgcc.a(_arm_addsubdf3.o)
                              ./src/main.o (__aeabi_i2d)
c:/nxp/lpcxpresso_6.1.4_194/lpcxpresso/tools/bin/../lib/gcc/arm-none-eabi/4.6.2/armv7-m\libgcc.a(_arm_muldivdf3.o)
                              ./src/main.o (__aeabi_ddiv)
c:/nxp/lpcxpresso_6.1.4_194/lpcxpresso/tools/bin/../lib/gcc/arm-none-eabi/4.6.2/armv7-m\libgcc.a(_aeabi_uldivmod.o)
                              C:\Users\Sherry Wong\Desktop\EE2024\assignment_2\Lib_CMSISv1p30_LPC17xx\Debug\libCMSISv1p30_LPC17xx.a(system_LPC17xx.o) (__aeabi_uldivmod)
c:/nxp/lpcxpresso_6.1.4_194/lpcxpresso/tools/bin/../lib/gcc/arm-none-eabi/4.6.2/armv7-m\libgcc.a(bpabi.o)
                              c:/nxp/lpcxpresso_6.1.4_194/lpcxpresso/tools/bin/../lib/gcc/arm-none-eabi/4.6.2/armv7-m\libgcc.a(_aeabi_uldivmod.o) (__gnu_uldivmod_helper)
c:/nxp/lpcxpresso_6.1.4_194/lpcxpresso/tools/bin/../lib/gcc/arm-none-eabi/4.6.2/armv7-m\libgcc.a(_dvmd_tls.o)
                              c:/nxp/lpcxpresso_6.1.4_194/lpcxpresso/tools/bin/../lib/gcc/arm-none-eabi/4.6.2/armv7-m\libgcc.a(_aeabi_uldivmod.o) (__aeabi_ldiv0)
c:/nxp/lpcxpresso_6.1.4_194/lpcxpresso/tools/bin/../lib/gcc/arm-none-eabi/4.6.2/armv7-m\libgcc.a(_divdi3.o)
                              c:/nxp/lpcxpresso_6.1.4_194/lpcxpresso/tools/bin/../lib/gcc/arm-none-eabi/4.6.2/armv7-m\libgcc.a(bpabi.o) (__divdi3)
c:/nxp/lpcxpresso_6.1.4_194/lpcxpresso/tools/bin/../lib/gcc/arm-none-eabi/4.6.2/armv7-m\libgcc.a(_udivdi3.o)
                              c:/nxp/lpcxpresso_6.1.4_194/lpcxpresso/tools/bin/../lib/gcc/arm-none-eabi/4.6.2/armv7-m\libgcc.a(bpabi.o) (__udivdi3)
c:/nxp/lpcxpresso_6.1.4_194/lpcxpresso/tools/bin/../lib/gcc/arm-none-eabi/4.6.2/../../../../arm-none-eabi/lib/armv7-m\libc.a(lib_a-memcpy.o)
                              ./src/main.o (memcpy)
c:/nxp/lpcxpresso_6.1.4_194/lpcxpresso/tools/bin/../lib/gcc/arm-none-eabi/4.6.2/../../../../arm-none-eabi/lib/armv7-m\libc.a(lib_a-memset.o)
                              ./src/main.o (memset)
c:/nxp/lpcxpresso_6.1.4_194/lpcxpresso/tools/bin/../lib/gcc/arm-none-eabi/4.6.2/../../../../arm-none-eabi/lib/armv7-m\libc.a(lib_a-printf.o)
                              ./src/main.o (printf)
[...]
Memory Configuration

Name             Origin             Length             Attributes
MFlash512        0x00000000         0x00080000         xr
RamLoc32         0x10000000         0x00008000         xrw
RamAHB32         0x2007c000         0x00008000         xrw
*default*        0x00000000         0xffffffff

Linker script and memory map

LOAD ./src/cr_startup_lpc17.o
LOAD ./src/main.o
LOAD C:\Users\Sherry Wong\Desktop\EE2024\assignment_2\Lib_CMSISv1p30_LPC17xx\Debug\libCMSISv1p30_LPC17xx.a
LOAD C:\Users\Sherry Wong\Desktop\EE2024\assignment_2\Lib_EaBaseBoard\Debug\libLib_EaBaseBoard.a
LOAD C:\Users\Sherry Wong\Desktop\EE2024\assignment_2\Lib_MCU\Debug\libLib_MCU.a
START GROUP
LOAD c:/nxp/lpcxpresso_6.1.4_194/lpcxpresso/tools/bin/../lib/gcc/arm-none-eabi/4.6.2/armv7-m\libgcc.a
LOAD c:/nxp/lpcxpresso_6.1.4_194/lpcxpresso/tools/bin/../lib/gcc/arm-none-eabi/4.6.2/../../../../arm-none-eabi/lib/armv7-m\libc.a
LOAD c:/nxp/lpcxpresso_6.1.4_194/lpcxpresso/tools/bin/../lib/gcc/arm-none-eabi/4.6.2/../../../../arm-none-eabi/lib/armv7-m\libm.a
LOAD c:/nxp/lpcxpresso_6.1.4_194/lpcxpresso/tools/bin/../lib/gcc/arm-none-eabi/4.6.2/../../../../arm-none-eabi/lib/armv7-m\libcr_newlib_semihost.a
END GROUP
                0x00080000                __top_MFlash512 = 0x80000
                0x10008000                __top_RamLoc32 = 0x10008000
                0x20084000                __top_RamAHB32 = 0x20084000

.text           0x00000000     0xb6b8
 FILL mask 0xff
                0x00000000                __vectors_start__ = ABSOLUTE (.)
 *(.isr_vector)
 .isr_vector    0x00000000       0xcc ./src/cr_startup_lpc17.o
                0x00000000                g_pfnVectors
                0x000000cc                . = ALIGN (0x4)
                0x000000cc                __section_table_start = .
                0x000000cc                __data_section_table = .
                0x000000cc        0x4 LONG 0xb6c0 LOADADDR (.data)
                0x000000d0        0x4 LONG 0x10000000 ADDR (.data)
                0x000000d4        0x4 LONG 0x8fc SIZEOF (.data)
                0x000000d8        0x4 LONG 0xb6c0 LOADADDR (.data_RAM2)
                0x000000dc        0x4 LONG 0x2007c000 ADDR (.data_RAM2)
                0x000000e0        0x4 LONG 0x0 SIZEOF (.data_RAM2)
                0x000000e4                __data_section_table_end = .
                0x000000e4                __bss_section_table = .
                0x000000e4        0x4 LONG 0x100008fc ADDR (.bss)
                0x000000e8        0x4 LONG 0x3d8 SIZEOF (.bss)
                0x000000ec        0x4 LONG 0x2007c000 ADDR (.bss_RAM2)
                0x000000f0        0x4 LONG 0x0 SIZEOF (.bss_RAM2)
                0x000000f4                __bss_section_table_end = .
                0x000000f4                __section_table_end = .
 *(.after_vectors*)
 *(.text*)
 .text.ResetISR
                0x000000f4       0x68 ./src/cr_startup_lpc17.o
                0x000000f4                ResetISR
 .text.NMI_Handler
                0x0000015c        0x8 ./src/cr_startup_lpc17.o
                0x0000015c                NMI_Handler
 .text.HardFault_Handler
                0x00000164        0x8 ./src/cr_startup_lpc17.o
                0x00000164                HardFault_Handler
 .text.MemManage_Handler
                0x0000016c        0x8 ./src/cr_startup_lpc17.o
                0x0000016c                MemManage_Handler
 .text.BusFault_Handler
                0x00000174        0x8 ./src/cr_startup_lpc17.o
                0x00000174                BusFault_Handler
 .text.UsageFault_Handler
                0x0000017c        0x8 ./src/cr_startup_lpc17.o
                0x0000017c                UsageFault_Handler
 .text.SVCall_Handler
                0x00000184        0x8 ./src/cr_startup_lpc17.o
                0x00000184                SVCall_Handler
 .text.DebugMon_Handler
                0x0000018c        0x8 ./src/cr_startup_lpc17.o
                0x0000018c                DebugMon_Handler
 .text.PendSV_Handler
                0x00000194        0x8 ./src/cr_startup_lpc17.o
                0x00000194                PendSV_Handler
 .text.IntDefaultHandler
                0x0000019c        0x8 ./src/cr_startup_lpc17.o
                0x0000019c                TIMER2_IRQHandler
                0x0000019c                RIT_IRQHandler
                0x0000019c                I2C0_IRQHandler
                0x0000019c                USBActivity_IRQHandler
                0x0000019c                PWM1_IRQHandler
                0x0000019c                I2C1_IRQHandler
                0x0000019c                EINT2_IRQHandler
                0x0000019c                UART1_IRQHandler
                0x0000019c                CANActivity_IRQHandler
                0x0000019c                TIMER3_IRQHandler
                0x0000019c                UART0_IRQHandler
                0x0000019c                IntDefaultHandler
                0x0000019c                PLL0_IRQHandler
                0x0000019c                CAN_IRQHandler
                0x0000019c                PLL1_IRQHandler
                0x0000019c                SSP0_IRQHandler
                0x0000019c                I2S_IRQHandler
                0x0000019c                I2C2_IRQHandler
                0x0000019c                RTC_IRQHandler
                0x0000019c                TIMER0_IRQHandler
                0x0000019c                SPI_IRQHandler
                0x0000019c                EINT1_IRQHandler
                0x0000019c                TIMER1_IRQHandler
                0x0000019c                UART2_IRQHandler
                0x0000019c                ADC_IRQHandler
                0x0000019c                SSP1_IRQHandler
                0x0000019c                USB_IRQHandler
                0x0000019c                BOD_IRQHandler
                0x0000019c                WDT_IRQHandler
                0x0000019c                QEI_IRQHandler
                0x0000019c                EINT0_IRQHandler
                0x0000019c                DMA_IRQHandler
                0x0000019c                UART3_IRQHandler
                0x0000019c                MCPWM_IRQHandler
                0x0000019c                ENET_IRQHandler
 .text.NVIC_EnableIRQ
                0x000001a4       0x38 ./src/main.o
 .text.NVIC_SetPriority
                0x000001dc       0x5c ./src/main.o
 .text.SysTick_Config
                0x00000238       0x64 ./src/main.o
 .text.mode_switch
                0x0000029c       0x80 ./src/main.o
                0x0000029c                mode_switch
 .text.SysTick_Handler
                0x0000031c       0x98 ./src/main.o
                0x0000031c                SysTick_Handler
 .text.EINT3_IRQHandler
                0x000003b4       0x38 ./src/main.o
                0x000003b4                EINT3_IRQHandler
 .text.getTicks
                0x000003ec       0x18 ./src/main.o
 .text.init_ssp
                0x00000404       0x98 ./src/main.o
 .text.init_GPIO
                0x0000049c       0xe8 ./src/main.o
                0x0000049c                init_GPIO
 .text.init_i2c
                0x00000584       0x5c ./src/main.o
 .text.pinsel_uart3
                0x000005e0       0x38 ./src/main.o
                0x000005e0                pinsel_uart3
 .text.init_uart
                0x00000618       0x4c ./src/main.o
                0x00000618                init_uart
 .text.init_all
                0x00000664       0x98 ./src/main.o
                0x00000664                init_all
 .text.display_readings
                0x000006fc      0x1d4 ./src/main.o
                0x000006fc                display_readings
 .text.sec_counter_7seg
                0x000008d0       0xc0 ./src/main.o
                0x000008d0                sec_counter_7seg
 .text.main     0x00000990      0x454 ./src/main.o
                0x00000990                main
 .text.SystemInit
                0x00000de4      0x22c C:\Users\Sherry Wong\Desktop\EE2024\assignment_2\Lib_CMSISv1p30_LPC17xx\Debug\libCMSISv1p30_LPC17xx.a(system_LPC17xx.o)
                0x00000de4                SystemInit
 .text.I2CRead  0x00001010       0x5c C:\Users\Sherry Wong\Desktop\EE2024\assignment_2\Lib_EaBaseBoard\Debug\libLib_EaBaseBoard.a(acc.o)
 .text.I2CWrite
                0x0000106c       0x5c C:\Users\Sherry Wong\Desktop\EE2024\assignment_2\Lib_EaBaseBoard\Debug\libLib_EaBaseBoard.a(acc.o)
 .text.getStatus
                0x000010c8       0x3c C:\Users\Sherry Wong\Desktop\EE2024\assignment_2\Lib_EaBaseBoard\Debug\libLib_EaBaseBoard.a(acc.o)
 .text.setModeControl
                0x00001104       0x30 C:\Users\Sherry Wong\Desktop\EE2024\assignment_2\Lib_EaBaseBoard\Debug\libLib_EaBaseBoard.a(acc.o)
 .text.acc_init
                0x00001134       0x10 C:\Users\Sherry Wong\Desktop\EE2024\assignment_2\Lib_EaBaseBoard\Debug\libLib_EaBaseBoard.a(acc.o)
                0x00001134                acc_init
 .text.acc_read
                0x00001144       0xbc C:\Users\Sherry Wong\Desktop\EE2024\assignment_2\Lib_EaBaseBoard\Debug\libLib_EaBaseBoard.a(acc.o)
                0x00001144                acc_read
 .text.led7seg_init
                0x00001200       0x24 C:\Users\Sherry Wong\Desktop\EE2024\assignment_2\Lib_EaBaseBoard\Debug\libLib_EaBaseBoard.a(led7seg.o)
                0x00001200                led7seg_init
 .text.led7seg_setChar
                0x00001224       0x88 C:\Users\Sherry Wong\Desktop\EE2024\assignment_2\Lib_EaBaseBoard\Debug\libLib_EaBaseBoard.a(led7seg.o)
                0x00001224                led7seg_setChar
 .text.I2CRead  0x000012ac       0x5c C:\Users\Sherry Wong\Desktop\EE2024\assignment_2\Lib_EaBaseBoard\Debug\libLib_EaBaseBoard.a(light.o)
 .text.I2CWrite
                0x00001308       0x5c C:\Users\Sherry Wong\Desktop\EE2024\assignment_2\Lib_EaBaseBoard\Debug\libLib_EaBaseBoard.a(light.o)
 .text.readControlReg
                0x00001364       0x3c C:\Users\Sherry Wong\Desktop\EE2024\assignment_2\Lib_EaBaseBoard\Debug\libLib_EaBaseBoard.a(light.o)
 .text.light_enable
                0x000013a0       0x48 C:\Users\Sherry Wong\Desktop\EE2024\assignment_2\Lib_EaBaseBoard\Debug\libLib_EaBaseBoard.a(light.o)
                0x000013a0                light_enable
 .text.light_read
                0x000013e8       0x90 C:\Users\Sherry Wong\Desktop\EE2024\assignment_2\Lib_EaBaseBoard\Debug\libLib_EaBaseBoard.a(light.o)
                0x000013e8                light_read
 .text.light_setRange
                0x00001478       0xac C:\Users\Sherry Wong\Desktop\EE2024\assignment_2\Lib_EaBaseBoard\Debug\libLib_EaBaseBoard.a(light.o)
                0x00001478                light_setRange
 .text.writeCommand
                0x00001524       0x60 C:\Users\Sherry Wong\Desktop\EE2024\assignment_2\Lib_EaBaseBoard\Debug\libLib_EaBaseBoard.a(oled.o)
 .text.writeData
                0x00001584       0x60 C:\Users\Sherry Wong\Desktop\EE2024\assignment_2\Lib_EaBaseBoard\Debug\libLib_EaBaseBoard.a(oled.o)
 .text.writeDataLen
                0x000015e4       0x8c C:\Users\Sherry Wong\Desktop\EE2024\assignment_2\Lib_EaBaseBoard\Debug\libLib_EaBaseBoard.a(oled.o)
 .text.runInitSequence
                0x00001670      0x118 C:\Users\Sherry Wong\Desktop\EE2024\assignment_2\Lib_EaBaseBoard\Debug\libLib_EaBaseBoard.a(oled.o)
 .text.oled_init
                0x00001788       0x9c C:\Users\Sherry Wong\Desktop\EE2024\assignment_2\Lib_EaBaseBoard\Debug\libLib_EaBaseBoard.a(oled.o)
                0x00001788                oled_init
 .text.oled_putPixel
                0x00001824      0x188 C:\Users\Sherry Wong\Desktop\EE2024\assignment_2\Lib_EaBaseBoard\Debug\libLib_EaBaseBoard.a(oled.o)
                0x00001824                oled_putPixel
 .text.oled_clearScreen
                0x000019ac       0x74 C:\Users\Sherry Wong\Desktop\EE2024\assignment_2\Lib_EaBaseBoard\Debug\libLib_EaBaseBoard.a(oled.o)
                0x000019ac                oled_clearScreen
 .text.oled_putChar
                0x00001a20       0xf0 C:\Users\Sherry Wong\Desktop\EE2024\assignment_2\Lib_EaBaseBoard\Debug\libLib_EaBaseBoard.a(oled.o)
                0x00001a20                oled_putChar
 .text.oled_putString
                0x00001b10       0x54 C:\Users\Sherry Wong\Desktop\EE2024\assignment_2\Lib_EaBaseBoard\Debug\libLib_EaBaseBoard.a(oled.o)
                0x00001b10                oled_putString
 .text.pca9532_init
                0x00001b64        0xc C:\Users\Sherry Wong\Desktop\EE2024\assignment_2\Lib_EaBaseBoard\Debug\libLib_EaBaseBoard.a(pca9532.o)
                0x00001b64                pca9532_init
 .text.temp_init
                0x00001b70       0x2c C:\Users\Sherry Wong\Desktop\EE2024\assignment_2\Lib_EaBaseBoard\Debug\libLib_EaBaseBoard.a(temp.o)
                0x00001b70                temp_init
 .text.temp_read
                0x00001b9c      0x10c C:\Users\Sherry Wong\Desktop\EE2024\assignment_2\Lib_EaBaseBoard\Debug\libLib_EaBaseBoard.a(temp.o)
                0x00001b9c                temp_read
 .text.GPIO_GetPointer
                0x00001ca8       0x7c C:\Users\Sherry Wong\Desktop\EE2024\assignment_2\Lib_MCU\Debug\libLib_MCU.a(lpc17xx_gpio.o)
 .text.GPIO_SetDir
                0x00001d24       0x54 C:\Users\Sherry Wong\Desktop\EE2024\assignment_2\Lib_MCU\Debug\libLib_MCU.a(lpc17xx_gpio.o)
                0x00001d24                GPIO_SetDir
 .text.GPIO_SetValue
                0x00001d78       0x2c C:\Users\Sherry Wong\Desktop\EE2024\assignment_2\Lib_MCU\Debug\libLib_MCU.a(lpc17xx_gpio.o)
                0x00001d78                GPIO_SetValue
 .text.GPIO_ClearValue
                0x00001da4       0x2c C:\Users\Sherry Wong\Desktop\EE2024\assignment_2\Lib_MCU\Debug\libLib_MCU.a(lpc17xx_gpio.o)
                0x00001da4                GPIO_ClearValue
 .text.GPIO_ReadValue
                0x00001dd0       0x30 C:\Users\Sherry Wong\Desktop\EE2024\assignment_2\Lib_MCU\Debug\libLib_MCU.a(lpc17xx_gpio.o)
                0x00001dd0                GPIO_ReadValue
 .text.NVIC_EnableIRQ
                0x00001e00       0x38 C:\Users\Sherry Wong\Desktop\EE2024\assignment_2\Lib_MCU\Debug\libLib_MCU.a(lpc17xx_i2c.o)
 .text.NVIC_DisableIRQ
                0x00001e38       0x3c C:\Users\Sherry Wong\Desktop\EE2024\assignment_2\Lib_MCU\Debug\libLib_MCU.a(lpc17xx_i2c.o)
 .text.I2C_getNum
                0x00001e74       0x54 C:\Users\Sherry Wong\Desktop\EE2024\assignment_2\Lib_MCU\Debug\libLib_MCU.a(lpc17xx_i2c.o)
 .text.I2C_Start
                0x00001ec8       0x44 C:\Users\Sherry Wong\Desktop\EE2024\assignment_2\Lib_MCU\Debug\libLib_MCU.a(lpc17xx_i2c.o)
 .text.I2C_Stop
                0x00001f0c       0x38 C:\Users\Sherry Wong\Desktop\EE2024\assignment_2\Lib_MCU\Debug\libLib_MCU.a(lpc17xx_i2c.o)
 .text.I2C_SendByte
                0x00001f44       0x50 C:\Users\Sherry Wong\Desktop\EE2024\assignment_2\Lib_MCU\Debug\libLib_MCU.a(lpc17xx_i2c.o)
 .text.I2C_GetByte
                0x00001f94       0x5c C:\Users\Sherry Wong\Desktop\EE2024\assignment_2\Lib_MCU\Debug\libLib_MCU.a(lpc17xx_i2c.o)
 .text.I2C_IntCmd
                0x00001ff0       0xa8 C:\Users\Sherry Wong\Desktop\EE2024\assignment_2\Lib_MCU\Debug\libLib_MCU.a(lpc17xx_i2c.o)
                0x00001ff0                I2C_IntCmd
 .text.I2C_MasterHandler
                0x00002098      0x408 C:\Users\Sherry Wong\Desktop\EE2024\assignment_2\Lib_MCU\Debug\libLib_MCU.a(lpc17xx_i2c.o)
                0x00002098                I2C_MasterHandler
 .text.I2C_SetClock
                0x000024a0       0xc8 C:\Users\Sherry Wong\Desktop\EE2024\assignment_2\Lib_MCU\Debug\libLib_MCU.a(lpc17xx_i2c.o)
                0x000024a0                I2C_SetClock
 .text.I2C_Init
                0x00002568       0xd8 C:\Users\Sherry Wong\Desktop\EE2024\assignment_2\Lib_MCU\Debug\libLib_MCU.a(lpc17xx_i2c.o)
                0x00002568                I2C_Init
 .text.I2C_Cmd  0x00002640       0x84 C:\Users\Sherry Wong\Desktop\EE2024\assignment_2\Lib_MCU\Debug\libLib_MCU.a(lpc17xx_i2c.o)
                0x00002640                I2C_Cmd
 .text.I2C_MasterTransferData
                0x000026c4      0x390 C:\Users\Sherry Wong\Desktop\EE2024\assignment_2\Lib_MCU\Debug\libLib_MCU.a(lpc17xx_i2c.o)
                0x000026c4                I2C_MasterTransferData
 .text.check_failed
                0x00002a54        0xc C:\Users\Sherry Wong\Desktop\EE2024\assignment_2\Lib_MCU\Debug\libLib_MCU.a(lpc17xx_libcfg_default.o)
                0x00002a54                check_failed
 .text.PINSEL_SetPinFunc
                0x00002a60       0x9c C:\Users\Sherry Wong\Desktop\EE2024\assignment_2\Lib_MCU\Debug\libLib_MCU.a(lpc17xx_pinsel.o)
                0x00002a60                PINSEL_SetPinFunc
 .text.PINSEL_SetResistorMode
                0x00002afc       0x9c C:\Users\Sherry Wong\Desktop\EE2024\assignment_2\Lib_MCU\Debug\libLib_MCU.a(lpc17xx_pinsel.o)
                0x00002afc                PINSEL_SetResistorMode
 .text.PINSEL_SetOpenDrainMode
                0x00002b98       0x7c C:\Users\Sherry Wong\Desktop\EE2024\assignment_2\Lib_MCU\Debug\libLib_MCU.a(lpc17xx_pinsel.o)
                0x00002b98                PINSEL_SetOpenDrainMode
 .text.PINSEL_ConfigPin
                0x00002c14       0x54 C:\Users\Sherry Wong\Desktop\EE2024\assignment_2\Lib_MCU\Debug\libLib_MCU.a(lpc17xx_pinsel.o)
                0x00002c14                PINSEL_ConfigPin
 .text.SSP_getNum
                0x00002c68       0x40 C:\Users\Sherry Wong\Desktop\EE2024\assignment_2\Lib_MCU\Debug\libLib_MCU.a(lpc17xx_ssp.o)
 .text.SSP_IntHandler
                0x00002ca8      0x338 C:\Users\Sherry Wong\Desktop\EE2024\assignment_2\Lib_MCU\Debug\libLib_MCU.a(lpc17xx_ssp.o)
                0x00002ca8                SSP_IntHandler
 .text.SSP_SetClock
                0x00002fe0       0xf8 C:\Users\Sherry Wong\Desktop\EE2024\assignment_2\Lib_MCU\Debug\libLib_MCU.a(lpc17xx_ssp.o)
                0x00002fe0                SSP_SetClock
 .text.SSP_Init
                0x000030d8      0x10c C:\Users\Sherry Wong\Desktop\EE2024\assignment_2\Lib_MCU\Debug\libLib_MCU.a(lpc17xx_ssp.o)
                0x000030d8                SSP_Init
 .text.SSP_ConfigStructInit
                0x000031e4       0x48 C:\Users\Sherry Wong\Desktop\EE2024\assignment_2\Lib_MCU\Debug\libLib_MCU.a(lpc17xx_ssp.o)
                0x000031e4                SSP_ConfigStructInit
 .text.SSP_Cmd  0x0000322c       0x7c C:\Users\Sherry Wong\Desktop\EE2024\assignment_2\Lib_MCU\Debug\libLib_MCU.a(lpc17xx_ssp.o)
                0x0000322c                SSP_Cmd
 .text.SSP_SendData
                0x000032a8       0x48 C:\Users\Sherry Wong\Desktop\EE2024\assignment_2\Lib_MCU\Debug\libLib_MCU.a(lpc17xx_ssp.o)
                0x000032a8                SSP_SendData
 .text.SSP_ReceiveData
                0x000032f0       0x44 C:\Users\Sherry Wong\Desktop\EE2024\assignment_2\Lib_MCU\Debug\libLib_MCU.a(lpc17xx_ssp.o)
                0x000032f0                SSP_ReceiveData
 .text.SSP_ReadWrite
                0x00003334      0x440 C:\Users\Sherry Wong\Desktop\EE2024\assignment_2\Lib_MCU\Debug\libLib_MCU.a(lpc17xx_ssp.o)
                0x00003334                SSP_ReadWrite
 .text.uart_set_divisors
                0x00003774      0x26c C:\Users\Sherry Wong\Desktop\EE2024\assignment_2\Lib_MCU\Debug\libLib_MCU.a(lpc17xx_uart.o)
                0x00003774                uart_set_divisors
 .text.UART_Init
                0x000039e0      0x368 C:\Users\Sherry Wong\Desktop\EE2024\assignment_2\Lib_MCU\Debug\libLib_MCU.a(lpc17xx_uart.o)
                0x000039e0                UART_Init
 .text.UART_SendData
                0x00003d48       0x78 C:\Users\Sherry Wong\Desktop\EE2024\assignment_2\Lib_MCU\Debug\libLib_MCU.a(lpc17xx_uart.o)
                0x00003d48                UART_SendData
 .text.UART_TxCmd
                0x00003dc0       0xe8 C:\Users\Sherry Wong\Desktop\EE2024\assignment_2\Lib_MCU\Debug\libLib_MCU.a(lpc17xx_uart.o)
                0x00003dc0                UART_TxCmd
 .text.UART_Send
                0x00003ea8      0x10c C:\Users\Sherry Wong\Desktop\EE2024\assignment_2\Lib_MCU\Debug\libLib_MCU.a(lpc17xx_uart.o)
                0x00003ea8                UART_Send
 .text.CLKPWR_SetPCLKDiv
                0x00003fb4       0xcc C:\Users\Sherry Wong\Desktop\EE2024\assignment_2\Lib_MCU\Debug\libLib_MCU.a(lpc17xx_clkpwr.o)
                0x00003fb4                CLKPWR_SetPCLKDiv
 .text.CLKPWR_GetPCLKSEL
                0x00004080       0x54 C:\Users\Sherry Wong\Desktop\EE2024\assignment_2\Lib_MCU\Debug\libLib_MCU.a(lpc17xx_clkpwr.o)
                0x00004080                CLKPWR_GetPCLKSEL
 .text.CLKPWR_GetPCLK
                0x000040d4       0x74 C:\Users\Sherry Wong\Desktop\EE2024\assignment_2\Lib_MCU\Debug\libLib_MCU.a(lpc17xx_clkpwr.o)
                0x000040d4                CLKPWR_GetPCLK
 .text.CLKPWR_ConfigPPWR
                0x00004148       0x78 C:\Users\Sherry Wong\Desktop\EE2024\assignment_2\Lib_MCU\Debug\libLib_MCU.a(lpc17xx_clkpwr.o)
                0x00004148                CLKPWR_ConfigPPWR
 .text          0x000041c0      0x370 c:/nxp/lpcxpresso_6.1.4_194/lpcxpresso/tools/bin/../lib/gcc/arm-none-eabi/4.6.2/armv7-m\libgcc.a(_arm_addsubdf3.o)
                0x000041c0                __aeabi_drsub
                0x000041c8                __aeabi_dsub
                0x000041c8                __subdf3
                0x000041cc                __aeabi_dadd
                0x000041cc                __adddf3
                0x00004444                __floatunsidf
                0x00004444                __aeabi_ui2d
                0x00004464                __floatsidf
                0x00004464                __aeabi_i2d
                0x00004488                __aeabi_f2d
                0x00004488                __extendsfdf2
                0x000044c4                __floatundidf
                0x000044c4                __aeabi_ul2d
                0x000044d4                __floatdidf
                0x000044d4                __aeabi_l2d
 .text          0x00004530      0x424 c:/nxp/lpcxpresso_6.1.4_194/lpcxpresso/tools/bin/../lib/gcc/arm-none-eabi/4.6.2/armv7-m\libgcc.a(_arm_muldivdf3.o)
                0x00004530                __aeabi_dmul
                0x00004530                __muldf3
                0x00004784                __divdf3
                0x00004784                __aeabi_ddiv
 .text          0x00004954       0x2c c:/nxp/lpcxpresso_6.1.4_194/lpcxpresso/tools/bin/../lib/gcc/arm-none-eabi/4.6.2/armv7-m\libgcc.a(_aeabi_uldivmod.o)
                0x00004954                __aeabi_uldivmod
 .text          0x00004980       0x5c c:/nxp/lpcxpresso_6.1.4_194/lpcxpresso/tools/bin/../lib/gcc/arm-none-eabi/4.6.2/armv7-m\libgcc.a(bpabi.o)
                0x00004980                __gnu_ldivmod_helper
                0x000049b0                __gnu_uldivmod_helper
 .text          0x000049dc        0x4 c:/nxp/lpcxpresso_6.1.4_194/lpcxpresso/tools/bin/../lib/gcc/arm-none-eabi/4.6.2/armv7-m\libgcc.a(_dvmd_tls.o)
                0x000049dc                __aeabi_idiv0
                0x000049dc                __aeabi_ldiv0
 .text          0x000049e0      0x2c8 c:/nxp/lpcxpresso_6.1.4_194/lpcxpresso/tools/bin/../lib/gcc/arm-none-eabi/4.6.2/armv7-m\libgcc.a(_divdi3.o)
                0x000049e0                __divdi3
 .text          0x00004ca8      0x298 c:/nxp/lpcxpresso_6.1.4_194/lpcxpresso/tools/bin/../lib/gcc/arm-none-eabi/4.6.2/armv7-m\libgcc.a(_udivdi3.o)
                0x00004ca8                __udivdi3
 .text.memcpy   0x00004f40       0x84 c:/nxp/lpcxpresso_6.1.4_194/lpcxpresso/tools/bin/../lib/gcc/arm-none-eabi/4.6.2/../../../../arm-none-eabi/lib/armv7-m\libc.a(lib_a-memcpy.o)
                0x00004f40                memcpy
 .text.memset   0x00004fc4       0x90 c:/nxp/lpcxpresso_6.1.4_194/lpcxpresso/tools/bin/../lib/gcc/arm-none-eabi/4.6.2/../../../../arm-none-eabi/lib/armv7-m\libc.a(lib_a-memset.o)
                0x00004fc4                memset
 .text.printf   0x00005054       0x2c c:/nxp/lpcxpresso_6.1.4_194/lpcxpresso/tools/bin/../lib/gcc/arm-none-eabi/4.6.2/../../../../arm-none-eabi/lib/armv7-m\libc.a(lib_a-printf.o)
                0x00005054                printf
 .text.sprintf  0x00005080       0x50 c:/nxp/lpcxpresso_6.1.4_194/lpcxpresso/tools/bin/../lib/gcc/arm-none-eabi/4.6.2/../../../../arm-none-eabi/lib/armv7-m\libc.a(lib_a-sprintf.o)
                0x00005080                sprintf
 .text.strlen   0x000050d0       0x60 c:/nxp/lpcxpresso_6.1.4_194/lpcxpresso/tools/bin/../lib/gcc/arm-none-eabi/4.6.2/../../../../arm-none-eabi/lib/armv7-m\libc.a(lib_a-strlen.o)
                0x000050d0                strlen
 .text._svfprintf_r
                0x00005130     0x1408 c:/nxp/lpcxpresso_6.1.4_194/lpcxpresso/tools/bin/../lib/gcc/arm-none-eabi/4.6.2/../../../../arm-none-eabi/lib/armv7-m\libc.a(lib_a-svfprintf.o)
                0x00005130                _svfprintf_r
 .text._vfprintf_r
                0x00006538     0x171c c:/nxp/lpcxpresso_6.1.4_194/lpcxpresso/tools/bin/../lib/gcc/arm-none-eabi/4.6.2/../../../../arm-none-eabi/lib/armv7-m\libc.a(lib_a-vfprintf.o)
                0x00006538                _vfprintf_r
 .text.__swsetup_r
                0x00007c54       0xb8 c:/nxp/lpcxpresso_6.1.4_194/lpcxpresso/tools/bin/../lib/gcc/arm-none-eabi/4.6.2/../../../../arm-none-eabi/lib/armv7-m\libc.a(lib_a-wsetup.o)
                0x00007c54                __swsetup_r
 .text.quorem   0x00007d0c      0x150 c:/nxp/lpcxpresso_6.1.4_194/lpcxpresso/tools/bin/../lib/gcc/arm-none-eabi/4.6.2/../../../../arm-none-eabi/lib/armv7-m\libc.a(lib_a-dtoa.o)
 *fill*         0x00007e5c        0x4 00
 .text._dtoa_r  0x00007e60      0xe60 c:/nxp/lpcxpresso_6.1.4_194/lpcxpresso/tools/bin/../lib/gcc/arm-none-eabi/4.6.2/../../../../arm-none-eabi/lib/armv7-m\libc.a(lib_a-dtoa.o)
                0x00007e60                _dtoa_r
 .text._fflush_r
                0x00008cc0      0x16c c:/nxp/lpcxpresso_6.1.4_194/lpcxpresso/tools/bin/../lib/gcc/arm-none-eabi/4.6.2/../../../../arm-none-eabi/lib/armv7-m\libc.a(lib_a-fflush.o)
                0x00008cc0                _fflush_r
 .text._cleanup_r
                0x00008e2c        0xc c:/nxp/lpcxpresso_6.1.4_194/lpcxpresso/tools/bin/../lib/gcc/arm-none-eabi/4.6.2/../../../../arm-none-eabi/lib/armv7-m\libc.a(lib_a-findfp.o)
                0x00008e2c                _cleanup_r
 .text.std.isra.0
                0x00008e38       0x50 c:/nxp/lpcxpresso_6.1.4_194/lpcxpresso/tools/bin/../lib/gcc/arm-none-eabi/4.6.2/../../../../arm-none-eabi/lib/armv7-m\libc.a(lib_a-findfp.o)
 .text.__sinit  0x00008e88       0x4c c:/nxp/lpcxpresso_6.1.4_194/lpcxpresso/tools/bin/../lib/gcc/arm-none-eabi/4.6.2/../../../../arm-none-eabi/lib/armv7-m\libc.a(lib_a-findfp.o)
                0x00008e88                __sinit
 .text.__sfp_lock_acquire
                0x00008ed4        0x4 c:/nxp/lpcxpresso_6.1.4_194/lpcxpresso/tools/bin/../lib/gcc/arm-none-eabi/4.6.2/../../../../arm-none-eabi/lib/armv7-m\libc.a(lib_a-findfp.o)
                0x00008ed4                __sfp_lock_acquire
 .text.__sfp_lock_release
                0x00008ed8        0x4 c:/nxp/lpcxpresso_6.1.4_194/lpcxpresso/tools/bin/../lib/gcc/arm-none-eabi/4.6.2/../../../../arm-none-eabi/lib/armv7-m\libc.a(lib_a-findfp.o)
                0x00008ed8                __sfp_lock_release
 .text._malloc_trim_r
                0x00008edc       0xa0 c:/nxp/lpcxpresso_6.1.4_194/lpcxpresso/tools/bin/../lib/gcc/arm-none-eabi/4.6.2/../../../../arm-none-eabi/lib/armv7-m\libc.a(lib_a-freer.o)
                0x00008edc                _malloc_trim_r
 .text._free_r  0x00008f7c      0x190 c:/nxp/lpcxpresso_6.1.4_194/lpcxpresso/tools/bin/../lib/gcc/arm-none-eabi/4.6.2/../../../../arm-none-eabi/lib/armv7-m\libc.a(lib_a-freer.o)
                0x00008f7c                _free_r
 .text._fwalk   0x0000910c       0x54 c:/nxp/lpcxpresso_6.1.4_194/lpcxpresso/tools/bin/../lib/gcc/arm-none-eabi/4.6.2/../../../../arm-none-eabi/lib/armv7-m\libc.a(lib_a-fwalk.o)
                0x0000910c                _fwalk
 .text.__locale_charset
                0x00009160        0xc c:/nxp/lpcxpresso_6.1.4_194/lpcxpresso/tools/bin/../lib/gcc/arm-none-eabi/4.6.2/../../../../arm-none-eabi/lib/armv7-m\libc.a(lib_a-locale.o)
                0x00009160                __locale_charset
 .text.__locale_mb_cur_max
                0x0000916c        0xc c:/nxp/lpcxpresso_6.1.4_194/lpcxpresso/tools/bin/../lib/gcc/arm-none-eabi/4.6.2/../../../../arm-none-eabi/lib/armv7-m\libc.a(lib_a-locale.o)
                0x0000916c                __locale_mb_cur_max
 .text._localeconv_r
                0x00009178        0xc c:/nxp/lpcxpresso_6.1.4_194/lpcxpresso/tools/bin/../lib/gcc/arm-none-eabi/4.6.2/../../../../arm-none-eabi/lib/armv7-m\libc.a(lib_a-locale.o)
                0x00009178                _localeconv_r
 .text.__smakebuf_r
                0x00009184       0xe0 c:/nxp/lpcxpresso_6.1.4_194/lpcxpresso/tools/bin/../lib/gcc/arm-none-eabi/4.6.2/../../../../arm-none-eabi/lib/armv7-m\libc.a(lib_a-makebuf.o)
                0x00009184                __smakebuf_r
 .text._malloc_r
                0x00009264      0x528 c:/nxp/lpcxpresso_6.1.4_194/lpcxpresso/tools/bin/../lib/gcc/arm-none-eabi/4.6.2/../../../../arm-none-eabi/lib/armv7-m\libc.a(lib_a-mallocr.o)
                0x00009264                _malloc_r
 .text.memchr   0x0000978c       0x84 c:/nxp/lpcxpresso_6.1.4_194/lpcxpresso/tools/bin/../lib/gcc/arm-none-eabi/4.6.2/../../../../arm-none-eabi/lib/armv7-m\libc.a(lib_a-memchr.o)
                0x0000978c                memchr
 .text.__malloc_lock
                0x00009810        0x4 c:/nxp/lpcxpresso_6.1.4_194/lpcxpresso/tools/bin/../lib/gcc/arm-none-eabi/4.6.2/../../../../arm-none-eabi/lib/armv7-m\libc.a(lib_a-mlock.o)
                0x00009810                __malloc_lock
 .text.__malloc_unlock
                0x00009814        0x4 c:/nxp/lpcxpresso_6.1.4_194/lpcxpresso/tools/bin/../lib/gcc/arm-none-eabi/4.6.2/../../../../arm-none-eabi/lib/armv7-m\libc.a(lib_a-mlock.o)
                0x00009814                __malloc_unlock
 .text._Balloc  0x00009818       0x4c c:/nxp/lpcxpresso_6.1.4_194/lpcxpresso/tools/bin/../lib/gcc/arm-none-eabi/4.6.2/../../../../arm-none-eabi/lib/armv7-m\libc.a(lib_a-mprec.o)
                0x00009818                _Balloc
 .text._Bfree   0x00009864       0x14 c:/nxp/lpcxpresso_6.1.4_194/lpcxpresso/tools/bin/../lib/gcc/arm-none-eabi/4.6.2/../../../../arm-none-eabi/lib/armv7-m\libc.a(lib_a-mprec.o)
                0x00009864                _Bfree
 .text.__multadd
                0x00009878       0x84 c:/nxp/lpcxpresso_6.1.4_194/lpcxpresso/tools/bin/../lib/gcc/arm-none-eabi/4.6.2/../../../../arm-none-eabi/lib/armv7-m\libc.a(lib_a-mprec.o)
                0x00009878                __multadd
 .text.__hi0bits
                0x000098fc       0x3c c:/nxp/lpcxpresso_6.1.4_194/lpcxpresso/tools/bin/../lib/gcc/arm-none-eabi/4.6.2/../../../../arm-none-eabi/lib/armv7-m\libc.a(lib_a-mprec.o)
                0x000098fc                __hi0bits
 .text.__lo0bits
                0x00009938       0x5c c:/nxp/lpcxpresso_6.1.4_194/lpcxpresso/tools/bin/../lib/gcc/arm-none-eabi/4.6.2/../../../../arm-none-eabi/lib/armv7-m\libc.a(lib_a-mprec.o)
                0x00009938                __lo0bits
 .text.__i2b    0x00009994       0x14 c:/nxp/lpcxpresso_6.1.4_194/lpcxpresso/tools/bin/../lib/gcc/arm-none-eabi/4.6.2/../../../../arm-none-eabi/lib/armv7-m\libc.a(lib_a-mprec.o)
                0x00009994                __i2b
 .text.__multiply
                0x000099a8      0x144 c:/nxp/lpcxpresso_6.1.4_194/lpcxpresso/tools/bin/../lib/gcc/arm-none-eabi/4.6.2/../../../../arm-none-eabi/lib/armv7-m\libc.a(lib_a-mprec.o)
                0x000099a8                __multiply
 .text.__pow5mult
                0x00009aec       0x98 c:/nxp/lpcxpresso_6.1.4_194/lpcxpresso/tools/bin/../lib/gcc/arm-none-eabi/4.6.2/../../../../arm-none-eabi/lib/armv7-m\libc.a(lib_a-mprec.o)
                0x00009aec                __pow5mult
 .text.__lshift
                0x00009b84       0xc0 c:/nxp/lpcxpresso_6.1.4_194/lpcxpresso/tools/bin/../lib/gcc/arm-none-eabi/4.6.2/../../../../arm-none-eabi/lib/armv7-m\libc.a(lib_a-mprec.o)
                0x00009b84                __lshift
 .text.__mcmp   0x00009c44       0x3c c:/nxp/lpcxpresso_6.1.4_194/lpcxpresso/tools/bin/../lib/gcc/arm-none-eabi/4.6.2/../../../../arm-none-eabi/lib/armv7-m\libc.a(lib_a-mprec.o)
                0x00009c44                __mcmp
 .text.__mdiff  0x00009c80       0xd8 c:/nxp/lpcxpresso_6.1.4_194/lpcxpresso/tools/bin/../lib/gcc/arm-none-eabi/4.6.2/../../../../arm-none-eabi/lib/armv7-m\libc.a(lib_a-mprec.o)
                0x00009c80                __mdiff
 .text.__d2b    0x00009d58       0xcc c:/nxp/lpcxpresso_6.1.4_194/lpcxpresso/tools/bin/../lib/gcc/arm-none-eabi/4.6.2/../../../../arm-none-eabi/lib/armv7-m\libc.a(lib_a-mprec.o)
                0x00009d58                __d2b
 .text.__fpclassifyd
                0x00009e24       0x68 c:/nxp/lpcxpresso_6.1.4_194/lpcxpresso/tools/bin/../lib/gcc/arm-none-eabi/4.6.2/../../../../arm-none-eabi/lib/armv7-m\libc.a(lib_a-s_fpclassify.o)
                0x00009e24                __fpclassifyd
 .text._sbrk_r  0x00009e8c       0x24 c:/nxp/lpcxpresso_6.1.4_194/lpcxpresso/tools/bin/../lib/gcc/arm-none-eabi/4.6.2/../../../../arm-none-eabi/lib/armv7-m\libc.a(lib_a-sbrkr.o)
                0x00009e8c                _sbrk_r
 .text.__sread  0x00009eb0       0x24 c:/nxp/lpcxpresso_6.1.4_194/lpcxpresso/tools/bin/../lib/gcc/arm-none-eabi/4.6.2/../../../../arm-none-eabi/lib/armv7-m\libc.a(lib_a-stdio.o)
                0x00009eb0                __sread
 .text.__swrite
                0x00009ed4       0x40 c:/nxp/lpcxpresso_6.1.4_194/lpcxpresso/tools/bin/../lib/gcc/arm-none-eabi/4.6.2/../../../../arm-none-eabi/lib/armv7-m\libc.a(lib_a-stdio.o)
                0x00009ed4                __swrite
 .text.__sseek  0x00009f14       0x24 c:/nxp/lpcxpresso_6.1.4_194/lpcxpresso/tools/bin/../lib/gcc/arm-none-eabi/4.6.2/../../../../arm-none-eabi/lib/armv7-m\libc.a(lib_a-stdio.o)
                0x00009f14                __sseek
 .text.__sclose
                0x00009f38        0x8 c:/nxp/lpcxpresso_6.1.4_194/lpcxpresso/tools/bin/../lib/gcc/arm-none-eabi/4.6.2/../../../../arm-none-eabi/lib/armv7-m\libc.a(lib_a-stdio.o)
                0x00009f38                __sclose
 .text.__ssprint_r
                0x00009f40       0xf8 c:/nxp/lpcxpresso_6.1.4_194/lpcxpresso/tools/bin/../lib/gcc/arm-none-eabi/4.6.2/../../../../arm-none-eabi/lib/armv7-m\libc.a(lib_a-svfiprintf.o)
                0x00009f40                __ssprint_r
 .text.__sprint_r
                0x0000a038       0x80 c:/nxp/lpcxpresso_6.1.4_194/lpcxpresso/tools/bin/../lib/gcc/arm-none-eabi/4.6.2/../../../../arm-none-eabi/lib/armv7-m\libc.a(lib_a-vfiprintf.o)
                0x0000a038                __sprint_r
 .text._write_r
                0x0000a0b8       0x28 c:/nxp/lpcxpresso_6.1.4_194/lpcxpresso/tools/bin/../lib/gcc/arm-none-eabi/4.6.2/../../../../arm-none-eabi/lib/armv7-m\libc.a(lib_a-writer.o)
                0x0000a0b8                _write_r
 .text._calloc_r
                0x0000a0e0       0x60 c:/nxp/lpcxpresso_6.1.4_194/lpcxpresso/tools/bin/../lib/gcc/arm-none-eabi/4.6.2/../../../../arm-none-eabi/lib/armv7-m\libc.a(lib_a-callocr.o)
                0x0000a0e0                _calloc_r
 .text._close_r
                0x0000a140       0x24 c:/nxp/lpcxpresso_6.1.4_194/lpcxpresso/tools/bin/../lib/gcc/arm-none-eabi/4.6.2/../../../../arm-none-eabi/lib/armv7-m\libc.a(lib_a-closer.o)
                0x0000a140                _close_r
 .text._fclose_r
                0x0000a164       0x90 c:/nxp/lpcxpresso_6.1.4_194/lpcxpresso/tools/bin/../lib/gcc/arm-none-eabi/4.6.2/../../../../arm-none-eabi/lib/armv7-m\libc.a(lib_a-fclose.o)
                0x0000a164                _fclose_r
 .text.fclose   0x0000a1f4       0x14 c:/nxp/lpcxpresso_6.1.4_194/lpcxpresso/tools/bin/../lib/gcc/arm-none-eabi/4.6.2/../../../../arm-none-eabi/lib/armv7-m\libc.a(lib_a-fclose.o)
                0x0000a1f4                fclose
 .text._fputwc_r
                0x0000a208       0xd0 c:/nxp/lpcxpresso_6.1.4_194/lpcxpresso/tools/bin/../lib/gcc/arm-none-eabi/4.6.2/../../../../arm-none-eabi/lib/armv7-m\libc.a(lib_a-fputwc.o)
                0x0000a208                _fputwc_r
 .text._fstat_r
                0x0000a2d8       0x28 c:/nxp/lpcxpresso_6.1.4_194/lpcxpresso/tools/bin/../lib/gcc/arm-none-eabi/4.6.2/../../../../arm-none-eabi/lib/armv7-m\libc.a(lib_a-fstatr.o)
                0x0000a2d8                _fstat_r
 .text.__sfvwrite_r
                0x0000a300      0x2e8 c:/nxp/lpcxpresso_6.1.4_194/lpcxpresso/tools/bin/../lib/gcc/arm-none-eabi/4.6.2/../../../../arm-none-eabi/lib/armv7-m\libc.a(lib_a-fvwrite.o)
                0x0000a300                __sfvwrite_r
 .text._isatty_r
                0x0000a5e8       0x24 c:/nxp/lpcxpresso_6.1.4_194/lpcxpresso/tools/bin/../lib/gcc/arm-none-eabi/4.6.2/../../../../arm-none-eabi/lib/armv7-m\libc.a(lib_a-isattyr.o)
                0x0000a5e8                _isatty_r
 .text._lseek_r
                0x0000a60c       0x28 c:/nxp/lpcxpresso_6.1.4_194/lpcxpresso/tools/bin/../lib/gcc/arm-none-eabi/4.6.2/../../../../arm-none-eabi/lib/armv7-m\libc.a(lib_a-lseekr.o)
                0x0000a60c                _lseek_r
 .text.memmove  0x0000a634       0xb0 c:/nxp/lpcxpresso_6.1.4_194/lpcxpresso/tools/bin/../lib/gcc/arm-none-eabi/4.6.2/../../../../arm-none-eabi/lib/armv7-m\libc.a(lib_a-memmove.o)
                0x0000a634                memmove
 .text._read_r  0x0000a6e4       0x28 c:/nxp/lpcxpresso_6.1.4_194/lpcxpresso/tools/bin/../lib/gcc/arm-none-eabi/4.6.2/../../../../arm-none-eabi/lib/armv7-m\libc.a(lib_a-readr.o)
                0x0000a6e4                _read_r
 .text._realloc_r
                0x0000a70c      0x3f4 c:/nxp/lpcxpresso_6.1.4_194/lpcxpresso/tools/bin/../lib/gcc/arm-none-eabi/4.6.2/../../../../arm-none-eabi/lib/armv7-m\libc.a(lib_a-reallocr.o)
                0x0000a70c                _realloc_r
 .text.__swbuf_r
                0x0000ab00       0xc0 c:/nxp/lpcxpresso_6.1.4_194/lpcxpresso/tools/bin/../lib/gcc/arm-none-eabi/4.6.2/../../../../arm-none-eabi/lib/armv7-m\libc.a(lib_a-wbuf.o)
                0x0000ab00                __swbuf_r
 .text._wcrtomb_r
                0x0000abc0       0x4c c:/nxp/lpcxpresso_6.1.4_194/lpcxpresso/tools/bin/../lib/gcc/arm-none-eabi/4.6.2/../../../../arm-none-eabi/lib/armv7-m\libc.a(lib_a-wcrtomb.o)
                0x0000abc0                _wcrtomb_r
 .text.__ascii_wctomb
                0x0000ac0c       0x1c c:/nxp/lpcxpresso_6.1.4_194/lpcxpresso/tools/bin/../lib/gcc/arm-none-eabi/4.6.2/../../../../arm-none-eabi/lib/armv7-m\libc.a(lib_a-wctomb_r.o)
                0x0000ac0c                __ascii_wctomb
 .text._sbrk    0x0000ac28       0x3c c:/nxp/lpcxpresso_6.1.4_194/lpcxpresso/tools/bin/../lib/gcc/arm-none-eabi/4.6.2/../../../../arm-none-eabi/lib/armv7-m\libcr_newlib_semihost.a(_cr_sbrk.o)
                0x0000ac28                _sbrk
 .text.do_AngelSWI
                0x0000ac64       0x12 c:/nxp/lpcxpresso_6.1.4_194/lpcxpresso/tools/bin/../lib/gcc/arm-none-eabi/4.6.2/../../../../arm-none-eabi/lib/armv7-m\libcr_newlib_semihost.a(syscalls.o)
 *fill*         0x0000ac76        0x2 00
 .text.initialise_monitor_handles
                0x0000ac78       0x9c c:/nxp/lpcxpresso_6.1.4_194/lpcxpresso/tools/bin/../lib/gcc/arm-none-eabi/4.6.2/../../../../arm-none-eabi/lib/armv7-m\libcr_newlib_semihost.a(syscalls.o)
 .text.findslot
                0x0000ad14       0x2c c:/nxp/lpcxpresso_6.1.4_194/lpcxpresso/tools/bin/../lib/gcc/arm-none-eabi/4.6.2/../../../../arm-none-eabi/lib/armv7-m\libcr_newlib_semihost.a(syscalls.o)
 .text.error    0x0000ad40       0x18 c:/nxp/lpcxpresso_6.1.4_194/lpcxpresso/tools/bin/../lib/gcc/arm-none-eabi/4.6.2/../../../../arm-none-eabi/lib/armv7-m\libcr_newlib_semihost.a(syscalls.o)
 .text.checkerror
                0x0000ad58        0xc c:/nxp/lpcxpresso_6.1.4_194/lpcxpresso/tools/bin/../lib/gcc/arm-none-eabi/4.6.2/../../../../arm-none-eabi/lib/armv7-m\libcr_newlib_semihost.a(syscalls.o)
 .text._swiread
                0x0000ad64       0x18 c:/nxp/lpcxpresso_6.1.4_194/lpcxpresso/tools/bin/../lib/gcc/arm-none-eabi/4.6.2/../../../../arm-none-eabi/lib/armv7-m\libcr_newlib_semihost.a(syscalls.o)
                0x0000ad64                _swiread
 .text._read    0x0000ad7c       0x36 c:/nxp/lpcxpresso_6.1.4_194/lpcxpresso/tools/bin/../lib/gcc/arm-none-eabi/4.6.2/../../../../arm-none-eabi/lib/armv7-m\libcr_newlib_semihost.a(syscalls.o)
                0x0000ad7c                _read
 .text._swilseek
                0x0000adb2       0x76 c:/nxp/lpcxpresso_6.1.4_194/lpcxpresso/tools/bin/../lib/gcc/arm-none-eabi/4.6.2/../../../../arm-none-eabi/lib/armv7-m\libcr_newlib_semihost.a(syscalls.o)
                0x0000adb2                _swilseek
 .text._lseek   0x0000ae28        0x4 c:/nxp/lpcxpresso_6.1.4_194/lpcxpresso/tools/bin/../lib/gcc/arm-none-eabi/4.6.2/../../../../arm-none-eabi/lib/armv7-m\libcr_newlib_semihost.a(syscalls.o)
                0x0000ae28                _lseek
 .text._swiwrite
                0x0000ae2c       0x18 c:/nxp/lpcxpresso_6.1.4_194/lpcxpresso/tools/bin/../lib/gcc/arm-none-eabi/4.6.2/../../../../arm-none-eabi/lib/armv7-m\libcr_newlib_semihost.a(syscalls.o)
                0x0000ae2c                _swiwrite
 .text._write   0x0000ae44       0x46 c:/nxp/lpcxpresso_6.1.4_194/lpcxpresso/tools/bin/../lib/gcc/arm-none-eabi/4.6.2/../../../../arm-none-eabi/lib/armv7-m\libcr_newlib_semihost.a(syscalls.o)
                0x0000ae44                _write
 .text._swiclose
                0x0000ae8a       0x14 c:/nxp/lpcxpresso_6.1.4_194/lpcxpresso/tools/bin/../lib/gcc/arm-none-eabi/4.6.2/../../../../arm-none-eabi/lib/armv7-m\libcr_newlib_semihost.a(syscalls.o)
                0x0000ae8a                _swiclose
 *fill*         0x0000ae9e        0x2 00
 .text._close   0x0000aea0       0x48 c:/nxp/lpcxpresso_6.1.4_194/lpcxpresso/tools/bin/../lib/gcc/arm-none-eabi/4.6.2/../../../../arm-none-eabi/lib/armv7-m\libcr_newlib_semihost.a(syscalls.o)
                0x0000aea0                _close
 .text._swistat
                0x0000aee8       0x3e c:/nxp/lpcxpresso_6.1.4_194/lpcxpresso/tools/bin/../lib/gcc/arm-none-eabi/4.6.2/../../../../arm-none-eabi/lib/armv7-m\libcr_newlib_semihost.a(syscalls.o)
                0x0000aee8                _swistat
 .text._fstat   0x0000af26       0x1c c:/nxp/lpcxpresso_6.1.4_194/lpcxpresso/tools/bin/../lib/gcc/arm-none-eabi/4.6.2/../../../../arm-none-eabi/lib/armv7-m\libcr_newlib_semihost.a(syscalls.o)
                0x0000af26                _fstat
 .text._isatty  0x0000af42       0x26 c:/nxp/lpcxpresso_6.1.4_194/lpcxpresso/tools/bin/../lib/gcc/arm-none-eabi/4.6.2/../../../../arm-none-eabi/lib/armv7-m\libcr_newlib_semihost.a(syscalls.o)
                0x0000af42                _isatty
 .text.__check_heap_overflow
                0x0000af68       0x2c c:/nxp/lpcxpresso_6.1.4_194/lpcxpresso/tools/bin/../lib/gcc/arm-none-eabi/4.6.2/../../../../arm-none-eabi/lib/armv7-m\libcr_newlib_semihost.a(_cr_check_heap.o)
                0x0000af68                __check_heap_overflow
 .text          0x0000af94      0x110 c:/nxp/lpcxpresso_6.1.4_194/lpcxpresso/tools/bin/../lib/gcc/arm-none-eabi/4.6.2/armv7-m\libgcc.a(_arm_cmpdf2.o)
                0x0000af94                __gtdf2
                0x0000af94                __gedf2
                0x0000af9c                __ltdf2
                0x0000af9c                __ledf2
                0x0000afa4                __nedf2
                0x0000afa4                __eqdf2
                0x0000afa4                __cmpdf2
                0x0000b020                __aeabi_cdrcmple
                0x0000b030                __aeabi_cdcmpeq
                0x0000b030                __aeabi_cdcmple
                0x0000b040                __aeabi_dcmpeq
                0x0000b054                __aeabi_dcmplt
                0x0000b068                __aeabi_dcmple
                0x0000b07c                __aeabi_dcmpge
                0x0000b090                __aeabi_dcmpgt
 .text          0x0000b0a4       0x50 c:/nxp/lpcxpresso_6.1.4_194/lpcxpresso/tools/bin/../lib/gcc/arm-none-eabi/4.6.2/armv7-m\libgcc.a(_arm_fixdfsi.o)
                0x0000b0a4                __aeabi_d2iz
                0x0000b0a4                __fixdfsi
 .text.__errno  0x0000b0f4        0xc c:/nxp/lpcxpresso_6.1.4_194/lpcxpresso/tools/bin/../lib/gcc/arm-none-eabi/4.6.2/../../../../arm-none-eabi/lib/armv7-m\libc.a(lib_a-errno.o)
                0x0000b0f4                __errno
 *(.rodata .rodata.* .constdata .constdata.*)
 .rodata        0x0000b100       0xc0 ./src/main.o
 .rodata        0x0000b1c0        0x8 C:\Users\Sherry Wong\Desktop\EE2024\assignment_2\Lib_EaBaseBoard\Debug\libLib_EaBaseBoard.a(oled.o)
 .rodata        0x0000b1c8      0x300 C:\Users\Sherry Wong\Desktop\EE2024\assignment_2\Lib_EaBaseBoard\Debug\libLib_EaBaseBoard.a(font5x7.o)
                0x0000b1c8                font5x7
 .rodata        0x0000b4c8       0x18 C:\Users\Sherry Wong\Desktop\EE2024\assignment_2\Lib_MCU\Debug\libLib_MCU.a(lpc17xx_i2c.o)
 .rodata        0x0000b4e0       0x18 C:\Users\Sherry Wong\Desktop\EE2024\assignment_2\Lib_MCU\Debug\libLib_MCU.a(lpc17xx_ssp.o)
 .rodata        0x0000b4f8       0x18 C:\Users\Sherry Wong\Desktop\EE2024\assignment_2\Lib_MCU\Debug\libLib_MCU.a(lpc17xx_uart.o)
 .rodata.zeroes.6590
                0x0000b510       0x10 c:/nxp/lpcxpresso_6.1.4_194/lpcxpresso/tools/bin/../lib/gcc/arm-none-eabi/4.6.2/../../../../arm-none-eabi/lib/armv7-m\libc.a(lib_a-svfprintf.o)
 .rodata.str1.4
                0x0000b520       0x42 c:/nxp/lpcxpresso_6.1.4_194/lpcxpresso/tools/bin/../lib/gcc/arm-none-eabi/4.6.2/../../../../arm-none-eabi/lib/armv7-m\libc.a(lib_a-svfprintf.o)
                                 0x44 (size before relaxing)
 *fill*         0x0000b562        0x2 00
 .rodata.blanks.6589
                0x0000b564       0x10 c:/nxp/lpcxpresso_6.1.4_194/lpcxpresso/tools/bin/../lib/gcc/arm-none-eabi/4.6.2/../../../../arm-none-eabi/lib/armv7-m\libc.a(lib_a-svfprintf.o)
 .rodata.zeroes.6605
                0x0000b574       0x10 c:/nxp/lpcxpresso_6.1.4_194/lpcxpresso/tools/bin/../lib/gcc/arm-none-eabi/4.6.2/../../../../arm-none-eabi/lib/armv7-m\libc.a(lib_a-vfprintf.o)
 .rodata.str1.4
                0x00000000       0x44 c:/nxp/lpcxpresso_6.1.4_194/lpcxpresso/tools/bin/../lib/gcc/arm-none-eabi/4.6.2/../../../../arm-none-eabi/lib/armv7-m\libc.a(lib_a-vfprintf.o)
 .rodata.blanks.6604
                0x0000b584       0x10 c:/nxp/lpcxpresso_6.1.4_194/lpcxpresso/tools/bin/../lib/gcc/arm-none-eabi/4.6.2/../../../../arm-none-eabi/lib/armv7-m\libc.a(lib_a-vfprintf.o)
 .rodata.str1.4
                0x0000b594       0x10 c:/nxp/lpcxpresso_6.1.4_194/lpcxpresso/tools/bin/../lib/gcc/arm-none-eabi/4.6.2/../../../../arm-none-eabi/lib/armv7-m\libc.a(lib_a-dtoa.o)
                                 0x14 (size before relaxing)
 .rodata.str1.4
                0x0000b5a4        0x2 c:/nxp/lpcxpresso_6.1.4_194/lpcxpresso/tools/bin/../lib/gcc/arm-none-eabi/4.6.2/../../../../arm-none-eabi/lib/armv7-m\libc.a(lib_a-impure.o)
                                  0x4 (size before relaxing)
 *fill*         0x0000b5a6        0x2 00
 .rodata.str1.4
                0x0000b5a8        0xc c:/nxp/lpcxpresso_6.1.4_194/lpcxpresso/tools/bin/../lib/gcc/arm-none-eabi/4.6.2/../../../../arm-none-eabi/lib/armv7-m\libc.a(lib_a-locale.o)
                                 0x14 (size before relaxing)
 *fill*         0x0000b5b4        0x4 00
 .rodata.__mprec_tens
                0x0000b5b8       0xc8 c:/nxp/lpcxpresso_6.1.4_194/lpcxpresso/tools/bin/../lib/gcc/arm-none-eabi/4.6.2/../../../../arm-none-eabi/lib/armv7-m\libc.a(lib_a-mprec.o)
                0x0000b5b8                __mprec_tens
 .rodata.__mprec_bigtens
                0x0000b680       0x28 c:/nxp/lpcxpresso_6.1.4_194/lpcxpresso/tools/bin/../lib/gcc/arm-none-eabi/4.6.2/../../../../arm-none-eabi/lib/armv7-m\libc.a(lib_a-mprec.o)
                0x0000b680                __mprec_bigtens
 .rodata.p05.5111
                0x0000b6a8        0xc c:/nxp/lpcxpresso_6.1.4_194/lpcxpresso/tools/bin/../lib/gcc/arm-none-eabi/4.6.2/../../../../arm-none-eabi/lib/armv7-m\libc.a(lib_a-mprec.o)
 .rodata.str1.1
                0x0000b6b4        0x4 c:/nxp/lpcxpresso_6.1.4_194/lpcxpresso/tools/bin/../lib/gcc/arm-none-eabi/4.6.2/../../../../arm-none-eabi/lib/armv7-m\libcr_newlib_semihost.a(syscalls.o)
                0x0000b6b8                . = ALIGN (0x4)

.glue_7         0x0000b6b8        0x0
 .glue_7        0x00000000        0x0 linker stubs

.glue_7t        0x0000b6b8        0x0
 .glue_7t       0x00000000        0x0 linker stubs

.vfp11_veneer   0x0000b6b8        0x0
 .vfp11_veneer  0x00000000        0x0 linker stubs

.v4_bx          0x0000b6b8        0x0
 .v4_bx         0x00000000        0x0 linker stubs

.ARM.extab
 *(.ARM.extab* .gnu.linkonce.armextab.*)
                0x0000b6b8                __exidx_start = .

.ARM.exidx      0x0000b6b8        0x8
 *(.ARM.exidx* .gnu.linkonce.armexidx.*)
 .ARM.exidx     0x0000b6b8        0x8 c:/nxp/lpcxpresso_6.1.4_194/lpcxpresso/tools/bin/../lib/gcc/arm-none-eabi/4.6.2/armv7-m\libgcc.a(_divdi3.o)
 .ARM.exidx     0x0000b6c0        0x0 c:/nxp/lpcxpresso_6.1.4_194/lpcxpresso/tools/bin/../lib/gcc/arm-none-eabi/4.6.2/armv7-m\libgcc.a(_udivdi3.o)
                                  0x8 (size before relaxing)
                0x0000b6c0                __exidx_end = .
                0x0000b6c0                _etext = .

.data_RAM2      0x2007c000        0x0 load address 0x0000b6c0
 FILL mask 0xff
 *(.data.$RAM2*)
 *(.data.$RamAHB32*)
                0x2007c000                . = ALIGN (0x4)

.uninit_RESERVED
                0x10000000        0x0
 *(.bss.$RESERVED*)
                0x10000000                . = ALIGN (0x4)
                0x10000000                _end_uninit_RESERVED = .

.data           0x10000000      0x8fc load address 0x0000b6c0
 FILL mask 0xff
                0x10000000                _data = .
 *(vtable)
 *(.data*)
 .data          0x10000000        0x2 ./src/main.o
                0x10000000                mode_Btn
                0x10000001                pre_Mode_Btn
 *fill*         0x10000002        0x2 00
 .data          0x10000004        0x4 C:\Users\Sherry Wong\Desktop\EE2024\assignment_2\Lib_CMSISv1p30_LPC17xx\Debug\libCMSISv1p30_LPC17xx.a(system_LPC17xx.o)
                0x10000004                SystemCoreClock
 .data          0x10000008       0x50 C:\Users\Sherry Wong\Desktop\EE2024\assignment_2\Lib_EaBaseBoard\Debug\libLib_EaBaseBoard.a(led7seg.o)
 .data          0x10000058        0x8 C:\Users\Sherry Wong\Desktop\EE2024\assignment_2\Lib_EaBaseBoard\Debug\libLib_EaBaseBoard.a(light.o)
 .data.impure_data
                0x10000060      0x428 c:/nxp/lpcxpresso_6.1.4_194/lpcxpresso/tools/bin/../lib/gcc/arm-none-eabi/4.6.2/../../../../arm-none-eabi/lib/armv7-m\libc.a(lib_a-impure.o)
 .data._impure_ptr
                0x10000488        0x4 c:/nxp/lpcxpresso_6.1.4_194/lpcxpresso/tools/bin/../lib/gcc/arm-none-eabi/4.6.2/../../../../arm-none-eabi/lib/armv7-m\libc.a(lib_a-impure.o)
                0x10000488                _impure_ptr
 .data.lconv    0x1000048c       0x38 c:/nxp/lpcxpresso_6.1.4_194/lpcxpresso/tools/bin/../lib/gcc/arm-none-eabi/4.6.2/../../../../arm-none-eabi/lib/armv7-m\libc.a(lib_a-locale.o)
 .data.lc_ctype_charset
                0x100004c4       0x20 c:/nxp/lpcxpresso_6.1.4_194/lpcxpresso/tools/bin/../lib/gcc/arm-none-eabi/4.6.2/../../../../arm-none-eabi/lib/armv7-m\libc.a(lib_a-locale.o)
 .data.__mb_cur_max
                0x100004e4        0x4 c:/nxp/lpcxpresso_6.1.4_194/lpcxpresso/tools/bin/../lib/gcc/arm-none-eabi/4.6.2/../../../../arm-none-eabi/lib/armv7-m\libc.a(lib_a-locale.o)
                0x100004e4                __mb_cur_max
 .data.__malloc_av_
                0x100004e8      0x408 c:/nxp/lpcxpresso_6.1.4_194/lpcxpresso/tools/bin/../lib/gcc/arm-none-eabi/4.6.2/../../../../arm-none-eabi/lib/armv7-m\libc.a(lib_a-mallocr.o)
                0x100004e8                __malloc_av_
 .data.__malloc_trim_threshold
                0x100008f0        0x4 c:/nxp/lpcxpresso_6.1.4_194/lpcxpresso/tools/bin/../lib/gcc/arm-none-eabi/4.6.2/../../../../arm-none-eabi/lib/armv7-m\libc.a(lib_a-mallocr.o)
                0x100008f0                __malloc_trim_threshold
 .data.__malloc_sbrk_base
                0x100008f4        0x4 c:/nxp/lpcxpresso_6.1.4_194/lpcxpresso/tools/bin/../lib/gcc/arm-none-eabi/4.6.2/../../../../arm-none-eabi/lib/armv7-m\libc.a(lib_a-mallocr.o)
                0x100008f4                __malloc_sbrk_base
 .data.__wctomb
                0x100008f8        0x4 c:/nxp/lpcxpresso_6.1.4_194/lpcxpresso/tools/bin/../lib/gcc/arm-none-eabi/4.6.2/../../../../arm-none-eabi/lib/armv7-m\libc.a(lib_a-wctomb_r.o)
                0x100008f8                __wctomb
                0x100008fc                . = ALIGN (0x4)
                0x100008fc                _edata = .

.bss_RAM2       0x2007c000        0x0
 *(.bss.$RAM2*)
 *(.bss.$RamAHB32*)
                0x2007c000                . = ALIGN (0x4)

.bss            0x100008fc      0x3d8
                0x100008fc                _bss = .
 *(.bss*)
 .bss           0x100008fc       0x24 ./src/main.o
                0x100008fc                msTicks
                0x1000090d                ms_Flag_200
                0x10000914                monitor_Mode
                0x10000915                pre_Monitor_Mode
 .bss           0x10000920      0x300 C:\Users\Sherry Wong\Desktop\EE2024\assignment_2\Lib_EaBaseBoard\Debug\libLib_EaBaseBoard.a(oled.o)
 .bss           0x10000c20        0x4 C:\Users\Sherry Wong\Desktop\EE2024\assignment_2\Lib_EaBaseBoard\Debug\libLib_EaBaseBoard.a(temp.o)
 .bss           0x10000c24       0x24 C:\Users\Sherry Wong\Desktop\EE2024\assignment_2\Lib_MCU\Debug\libLib_MCU.a(lpc17xx_i2c.o)
 .bss           0x10000c48       0x18 C:\Users\Sherry Wong\Desktop\EE2024\assignment_2\Lib_MCU\Debug\libLib_MCU.a(lpc17xx_ssp.o)
 .bss.__malloc_max_total_mem
                0x10000c60        0x4 c:/nxp/lpcxpresso_6.1.4_194/lpcxpresso/tools/bin/../lib/gcc/arm-none-eabi/4.6.2/../../../../arm-none-eabi/lib/armv7-m\libc.a(lib_a-mallocr.o)
                0x10000c60                __malloc_max_total_mem
 .bss.__malloc_max_sbrked_mem
                0x10000c64        0x4 c:/nxp/lpcxpresso_6.1.4_194/lpcxpresso/tools/bin/../lib/gcc/arm-none-eabi/4.6.2/../../../../arm-none-eabi/lib/armv7-m\libc.a(lib_a-mallocr.o)
                0x10000c64                __malloc_max_sbrked_mem
 .bss.__malloc_top_pad
                0x10000c68        0x4 c:/nxp/lpcxpresso_6.1.4_194/lpcxpresso/tools/bin/../lib/gcc/arm-none-eabi/4.6.2/../../../../arm-none-eabi/lib/armv7-m\libc.a(lib_a-mallocr.o)
                0x10000c68                __malloc_top_pad
 .bss.__malloc_current_mallinfo
                0x10000c6c       0x28 c:/nxp/lpcxpresso_6.1.4_194/lpcxpresso/tools/bin/../lib/gcc/arm-none-eabi/4.6.2/../../../../arm-none-eabi/lib/armv7-m\libc.a(lib_a-mallocr.o)
                0x10000c6c                __malloc_current_mallinfo
 .bss.monitor_stdout
                0x10000c94        0x4 c:/nxp/lpcxpresso_6.1.4_194/lpcxpresso/tools/bin/../lib/gcc/arm-none-eabi/4.6.2/../../../../arm-none-eabi/lib/armv7-m\libcr_newlib_semihost.a(syscalls.o)
 .bss.monitor_stdin
                0x10000c98        0x4 c:/nxp/lpcxpresso_6.1.4_194/lpcxpresso/tools/bin/../lib/gcc/arm-none-eabi/4.6.2/../../../../arm-none-eabi/lib/armv7-m\libcr_newlib_semihost.a(syscalls.o)
 .bss.initialized.2429
                0x10000c9c        0x4 c:/nxp/lpcxpresso_6.1.4_194/lpcxpresso/tools/bin/../lib/gcc/arm-none-eabi/4.6.2/../../../../arm-none-eabi/lib/armv7-m\libcr_newlib_semihost.a(syscalls.o)
 .bss.monitor_stderr
                0x10000ca0        0x4 c:/nxp/lpcxpresso_6.1.4_194/lpcxpresso/tools/bin/../lib/gcc/arm-none-eabi/4.6.2/../../../../arm-none-eabi/lib/armv7-m\libcr_newlib_semihost.a(syscalls.o)
 .bss.openfiles
                0x10000ca4       0x28 c:/nxp/lpcxpresso_6.1.4_194/lpcxpresso/tools/bin/../lib/gcc/arm-none-eabi/4.6.2/../../../../arm-none-eabi/lib/armv7-m\libcr_newlib_semihost.a(syscalls.o)
 *(COMMON)
 COMMON         0x10000ccc        0x4 c:/nxp/lpcxpresso_6.1.4_194/lpcxpresso/tools/bin/../lib/gcc/arm-none-eabi/4.6.2/../../../../arm-none-eabi/lib/armv7-m\libc.a(lib_a-reent.o)
                0x10000ccc                errno
 COMMON         0x10000cd0        0x4 c:/nxp/lpcxpresso_6.1.4_194/lpcxpresso/tools/bin/../lib/gcc/arm-none-eabi/4.6.2/../../../../arm-none-eabi/lib/armv7-m\libcr_newlib_semihost.a(_cr_sbrk.o)
                0x10000cd0                __end_of_heap
                0x10000cd4                . = ALIGN (0x4)
                0x10000cd4                _ebss = .
                0x10000cd4                PROVIDE (end, .)

.noinit_RAM2    0x2007c000        0x0
 *(.noinit.$RAM2*)
 *(.noinit.$RamAHB32*)
                0x2007c000                . = ALIGN (0x4)

.noinit         0x10000cd4        0x0
                0x10000cd4                _noinit = .
 *(.noinit*)
                0x10000cd4                . = ALIGN (0x4)
                0x10000cd4                _end_noinit = .
                0x10000cd4                PROVIDE (_pvHeapStart, .)
                0x10008000                PROVIDE (_vStackTop, (__top_RamLoc32 - 0x0))
OUTPUT(demo.axf elf32-littlearm)

.debug_info     0x00000000     0x8551
 .debug_info    0x00000000      0x209 ./src/cr_startup_lpc17.o
 .debug_info    0x00000209     0x1053 ./src/main.o
 .debug_info    0x0000125c      0x357 C:\Users\Sherry Wong\Desktop\EE2024\assignment_2\Lib_CMSISv1p30_LPC17xx\Debug\libCMSISv1p30_LPC17xx.a(system_LPC17xx.o)
 .debug_info    0x000015b3      0x53d C:\Users\Sherry Wong\Desktop\EE2024\assignment_2\Lib_EaBaseBoard\Debug\libLib_EaBaseBoard.a(acc.o)
 .debug_info    0x00001af0      0x282 C:\Users\Sherry Wong\Desktop\EE2024\assignment_2\Lib_EaBaseBoard\Debug\libLib_EaBaseBoard.a(led7seg.o)
 .debug_info    0x00001d72      0x763 C:\Users\Sherry Wong\Desktop\EE2024\assignment_2\Lib_EaBaseBoard\Debug\libLib_EaBaseBoard.a(light.o)
 .debug_info    0x000024d5      0x97d C:\Users\Sherry Wong\Desktop\EE2024\assignment_2\Lib_EaBaseBoard\Debug\libLib_EaBaseBoard.a(oled.o)
 .debug_info    0x00002e52      0x642 C:\Users\Sherry Wong\Desktop\EE2024\assignment_2\Lib_EaBaseBoard\Debug\libLib_EaBaseBoard.a(pca9532.o)
 .debug_info    0x00003494      0x154 C:\Users\Sherry Wong\Desktop\EE2024\assignment_2\Lib_EaBaseBoard\Debug\libLib_EaBaseBoard.a(temp.o)
 .debug_info    0x000035e8       0x65 C:\Users\Sherry Wong\Desktop\EE2024\assignment_2\Lib_EaBaseBoard\Debug\libLib_EaBaseBoard.a(font5x7.o)
 .debug_info    0x0000364d      0xb95 C:\Users\Sherry Wong\Desktop\EE2024\assignment_2\Lib_MCU\Debug\libLib_MCU.a(lpc17xx_gpio.o)
 .debug_info    0x000041e2      0xcc3 C:\Users\Sherry Wong\Desktop\EE2024\assignment_2\Lib_MCU\Debug\libLib_MCU.a(lpc17xx_i2c.o)
 .debug_info    0x00004ea5       0xcd C:\Users\Sherry Wong\Desktop\EE2024\assignment_2\Lib_MCU\Debug\libLib_MCU.a(lpc17xx_libcfg_default.o)
 .debug_info    0x00004f72      0x4b1 C:\Users\Sherry Wong\Desktop\EE2024\assignment_2\Lib_MCU\Debug\libLib_MCU.a(lpc17xx_pinsel.o)
 .debug_info    0x00005423      0x867 C:\Users\Sherry Wong\Desktop\EE2024\assignment_2\Lib_MCU\Debug\libLib_MCU.a(lpc17xx_ssp.o)
 .debug_info    0x00005c8a     0x14df C:\Users\Sherry Wong\Desktop\EE2024\assignment_2\Lib_MCU\Debug\libLib_MCU.a(lpc17xx_uart.o)
 .debug_info    0x00007169      0x641 C:\Users\Sherry Wong\Desktop\EE2024\assignment_2\Lib_MCU\Debug\libLib_MCU.a(lpc17xx_clkpwr.o)
 .debug_info    0x000077aa      0x106 c:/nxp/lpcxpresso_6.1.4_194/lpcxpresso/tools/bin/../lib/gcc/arm-none-eabi/4.6.2/../../../../arm-none-eabi/lib/armv7-m\libcr_newlib_semihost.a(_cr_sbrk.o)
 .debug_info    0x000078b0      0xbec c:/nxp/lpcxpresso_6.1.4_194/lpcxpresso/tools/bin/../lib/gcc/arm-none-eabi/4.6.2/../../../../arm-none-eabi/lib/armv7-m\libcr_newlib_semihost.a(syscalls.o)
 .debug_info    0x0000849c       0xb5 c:/nxp/lpcxpresso_6.1.4_194/lpcxpresso/tools/bin/../lib/gcc/arm-none-eabi/4.6.2/../../../../arm-none-eabi/lib/armv7-m\libcr_newlib_semihost.a(_cr_check_heap.o)

.debug_abbrev   0x00000000     0x1ba4
 .debug_abbrev  0x00000000       0xb4 ./src/cr_startup_lpc17.o
 .debug_abbrev  0x000000b4      0x290 ./src/main.o
 .debug_abbrev  0x00000344       0xce C:\Users\Sherry Wong\Desktop\EE2024\assignment_2\Lib_CMSISv1p30_LPC17xx\Debug\libCMSISv1p30_LPC17xx.a(system_LPC17xx.o)
 .debug_abbrev  0x00000412      0x15c C:\Users\Sherry Wong\Desktop\EE2024\assignment_2\Lib_EaBaseBoard\Debug\libLib_EaBaseBoard.a(acc.o)
 .debug_abbrev  0x0000056e      0x155 C:\Users\Sherry Wong\Desktop\EE2024\assignment_2\Lib_EaBaseBoard\Debug\libLib_EaBaseBoard.a(led7seg.o)
 .debug_abbrev  0x000006c3      0x1bd C:\Users\Sherry Wong\Desktop\EE2024\assignment_2\Lib_EaBaseBoard\Debug\libLib_EaBaseBoard.a(light.o)
 .debug_abbrev  0x00000880      0x1f1 C:\Users\Sherry Wong\Desktop\EE2024\assignment_2\Lib_EaBaseBoard\Debug\libLib_EaBaseBoard.a(oled.o)
 .debug_abbrev  0x00000a71      0x1aa C:\Users\Sherry Wong\Desktop\EE2024\assignment_2\Lib_EaBaseBoard\Debug\libLib_EaBaseBoard.a(pca9532.o)
 .debug_abbrev  0x00000c1b       0xc2 C:\Users\Sherry Wong\Desktop\EE2024\assignment_2\Lib_EaBaseBoard\Debug\libLib_EaBaseBoard.a(temp.o)
 .debug_abbrev  0x00000cdd       0x4b C:\Users\Sherry Wong\Desktop\EE2024\assignment_2\Lib_EaBaseBoard\Debug\libLib_EaBaseBoard.a(font5x7.o)
 .debug_abbrev  0x00000d28      0x185 C:\Users\Sherry Wong\Desktop\EE2024\assignment_2\Lib_MCU\Debug\libLib_MCU.a(lpc17xx_gpio.o)
 .debug_abbrev  0x00000ead      0x24a C:\Users\Sherry Wong\Desktop\EE2024\assignment_2\Lib_MCU\Debug\libLib_MCU.a(lpc17xx_i2c.o)
 .debug_abbrev  0x000010f7       0x6a C:\Users\Sherry Wong\Desktop\EE2024\assignment_2\Lib_MCU\Debug\libLib_MCU.a(lpc17xx_libcfg_default.o)
 .debug_abbrev  0x00001161      0x10a C:\Users\Sherry Wong\Desktop\EE2024\assignment_2\Lib_MCU\Debug\libLib_MCU.a(lpc17xx_pinsel.o)
 .debug_abbrev  0x0000126b      0x1d3 C:\Users\Sherry Wong\Desktop\EE2024\assignment_2\Lib_MCU\Debug\libLib_MCU.a(lpc17xx_ssp.o)
 .debug_abbrev  0x0000143e      0x259 C:\Users\Sherry Wong\Desktop\EE2024\assignment_2\Lib_MCU\Debug\libLib_MCU.a(lpc17xx_uart.o)
 .debug_abbrev  0x00001697      0x174 C:\Users\Sherry Wong\Desktop\EE2024\assignment_2\Lib_MCU\Debug\libLib_MCU.a(lpc17xx_clkpwr.o)
 .debug_abbrev  0x0000180b       0xa8 c:/nxp/lpcxpresso_6.1.4_194/lpcxpresso/tools/bin/../lib/gcc/arm-none-eabi/4.6.2/../../../../arm-none-eabi/lib/armv7-m\libcr_newlib_semihost.a(_cr_sbrk.o)
 .debug_abbrev  0x000018b3      0x27f c:/nxp/lpcxpresso_6.1.4_194/lpcxpresso/tools/bin/../lib/gcc/arm-none-eabi/4.6.2/../../../../arm-none-eabi/lib/armv7-m\libcr_newlib_semihost.a(syscalls.o)
 .debug_abbrev  0x00001b32       0x72 c:/nxp/lpcxpresso_6.1.4_194/lpcxpresso/tools/bin/../lib/gcc/arm-none-eabi/4.6.2/../../../../arm-none-eabi/lib/armv7-m\libcr_newlib_semihost.a(_cr_check_heap.o)

.debug_loc      0x00000000     0x3576
 .debug_loc     0x00000000      0x1f0 ./src/cr_startup_lpc17.o
 .debug_loc     0x000001f0      0x348 ./src/main.o
 .debug_loc     0x00000538       0x58 C:\Users\Sherry Wong\Desktop\EE2024\assignment_2\Lib_CMSISv1p30_LPC17xx\Debug\libCMSISv1p30_LPC17xx.a(system_LPC17xx.o)
 .debug_loc     0x00000590      0x1f0 C:\Users\Sherry Wong\Desktop\EE2024\assignment_2\Lib_EaBaseBoard\Debug\libLib_EaBaseBoard.a(acc.o)
 .debug_loc     0x00000780       0x64 C:\Users\Sherry Wong\Desktop\EE2024\assignment_2\Lib_EaBaseBoard\Debug\libLib_EaBaseBoard.a(led7seg.o)
 .debug_loc     0x000007e4      0x378 C:\Users\Sherry Wong\Desktop\EE2024\assignment_2\Lib_EaBaseBoard\Debug\libLib_EaBaseBoard.a(light.o)
 .debug_loc     0x00000b5c      0x33e C:\Users\Sherry Wong\Desktop\EE2024\assignment_2\Lib_EaBaseBoard\Debug\libLib_EaBaseBoard.a(oled.o)
 .debug_loc     0x00000e9a      0x2d0 C:\Users\Sherry Wong\Desktop\EE2024\assignment_2\Lib_EaBaseBoard\Debug\libLib_EaBaseBoard.a(pca9532.o)
 .debug_loc     0x0000116a       0x70 C:\Users\Sherry Wong\Desktop\EE2024\assignment_2\Lib_EaBaseBoard\Debug\libLib_EaBaseBoard.a(temp.o)
 .debug_loc     0x000011da      0x4d0 C:\Users\Sherry Wong\Desktop\EE2024\assignment_2\Lib_MCU\Debug\libLib_MCU.a(lpc17xx_gpio.o)
 .debug_loc     0x000016aa      0x4e4 C:\Users\Sherry Wong\Desktop\EE2024\assignment_2\Lib_MCU\Debug\libLib_MCU.a(lpc17xx_i2c.o)
 .debug_loc     0x00001b8e       0x38 C:\Users\Sherry Wong\Desktop\EE2024\assignment_2\Lib_MCU\Debug\libLib_MCU.a(lpc17xx_libcfg_default.o)
 .debug_loc     0x00001bc6      0x150 C:\Users\Sherry Wong\Desktop\EE2024\assignment_2\Lib_MCU\Debug\libLib_MCU.a(lpc17xx_pinsel.o)
 .debug_loc     0x00001d16      0x448 C:\Users\Sherry Wong\Desktop\EE2024\assignment_2\Lib_MCU\Debug\libLib_MCU.a(lpc17xx_ssp.o)
 .debug_loc     0x0000215e      0x77a C:\Users\Sherry Wong\Desktop\EE2024\assignment_2\Lib_MCU\Debug\libLib_MCU.a(lpc17xx_uart.o)
 .debug_loc     0x000028d8      0x1bc C:\Users\Sherry Wong\Desktop\EE2024\assignment_2\Lib_MCU\Debug\libLib_MCU.a(lpc17xx_clkpwr.o)
 .debug_loc     0x00002a94       0x55 c:/nxp/lpcxpresso_6.1.4_194/lpcxpresso/tools/bin/../lib/gcc/arm-none-eabi/4.6.2/../../../../arm-none-eabi/lib/armv7-m\libcr_newlib_semihost.a(_cr_sbrk.o)
 .debug_loc     0x00002ae9      0xa64 c:/nxp/lpcxpresso_6.1.4_194/lpcxpresso/tools/bin/../lib/gcc/arm-none-eabi/4.6.2/../../../../arm-none-eabi/lib/armv7-m\libcr_newlib_semihost.a(syscalls.o)
 .debug_loc     0x0000354d       0x29 c:/nxp/lpcxpresso_6.1.4_194/lpcxpresso/tools/bin/../lib/gcc/arm-none-eabi/4.6.2/../../../../arm-none-eabi/lib/armv7-m\libcr_newlib_semihost.a(_cr_check_heap.o)

.debug_aranges  0x00000000      0x900
 .debug_aranges
                0x00000000       0x70 ./src/cr_startup_lpc17.o
 .debug_aranges
                0x00000070       0x98 ./src/main.o
 .debug_aranges
                0x00000108       0x28 C:\Users\Sherry Wong\Desktop\EE2024\assignment_2\Lib_CMSISv1p30_LPC17xx\Debug\libCMSISv1p30_LPC17xx.a(system_LPC17xx.o)
 .debug_aranges
                0x00000130       0x60 C:\Users\Sherry Wong\Desktop\EE2024\assignment_2\Lib_EaBaseBoard\Debug\libLib_EaBaseBoard.a(acc.o)
 .debug_aranges
                0x00000190       0x28 C:\Users\Sherry Wong\Desktop\EE2024\assignment_2\Lib_EaBaseBoard\Debug\libLib_EaBaseBoard.a(led7seg.o)
 .debug_aranges
                0x000001b8       0x98 C:\Users\Sherry Wong\Desktop\EE2024\assignment_2\Lib_EaBaseBoard\Debug\libLib_EaBaseBoard.a(light.o)
 .debug_aranges
                0x00000250       0x90 C:\Users\Sherry Wong\Desktop\EE2024\assignment_2\Lib_EaBaseBoard\Debug\libLib_EaBaseBoard.a(oled.o)
 .debug_aranges
                0x000002e0       0x80 C:\Users\Sherry Wong\Desktop\EE2024\assignment_2\Lib_EaBaseBoard\Debug\libLib_EaBaseBoard.a(pca9532.o)
 .debug_aranges
                0x00000360       0x28 C:\Users\Sherry Wong\Desktop\EE2024\assignment_2\Lib_EaBaseBoard\Debug\libLib_EaBaseBoard.a(temp.o)
 .debug_aranges
                0x00000388       0xc8 C:\Users\Sherry Wong\Desktop\EE2024\assignment_2\Lib_MCU\Debug\libLib_MCU.a(lpc17xx_gpio.o)
 .debug_aranges
                0x00000450       0xd0 C:\Users\Sherry Wong\Desktop\EE2024\assignment_2\Lib_MCU\Debug\libLib_MCU.a(lpc17xx_i2c.o)
 .debug_aranges
                0x00000520       0x20 C:\Users\Sherry Wong\Desktop\EE2024\assignment_2\Lib_MCU\Debug\libLib_MCU.a(lpc17xx_libcfg_default.o)
 .debug_aranges
                0x00000540       0x48 C:\Users\Sherry Wong\Desktop\EE2024\assignment_2\Lib_MCU\Debug\libLib_MCU.a(lpc17xx_pinsel.o)
 .debug_aranges
                0x00000588       0xb8 C:\Users\Sherry Wong\Desktop\EE2024\assignment_2\Lib_MCU\Debug\libLib_MCU.a(lpc17xx_ssp.o)
 .debug_aranges
                0x00000640      0x130 C:\Users\Sherry Wong\Desktop\EE2024\assignment_2\Lib_MCU\Debug\libLib_MCU.a(lpc17xx_uart.o)
 .debug_aranges
                0x00000770       0x60 C:\Users\Sherry Wong\Desktop\EE2024\assignment_2\Lib_MCU\Debug\libLib_MCU.a(lpc17xx_clkpwr.o)
 .debug_aranges
                0x000007d0       0x20 c:/nxp/lpcxpresso_6.1.4_194/lpcxpresso/tools/bin/../lib/gcc/arm-none-eabi/4.6.2/../../../../arm-none-eabi/lib/armv7-m\libcr_newlib_semihost.a(_cr_sbrk.o)
 .debug_aranges
                0x000007f0       0xf0 c:/nxp/lpcxpresso_6.1.4_194/lpcxpresso/tools/bin/../lib/gcc/arm-none-eabi/4.6.2/../../../../arm-none-eabi/lib/armv7-m\libcr_newlib_semihost.a(syscalls.o)
 .debug_aranges
                0x000008e0       0x20 c:/nxp/lpcxpresso_6.1.4_194/lpcxpresso/tools/bin/../lib/gcc/arm-none-eabi/4.6.2/../../../../arm-none-eabi/lib/armv7-m\libcr_newlib_semihost.a(_cr_check_heap.o)

.debug_ranges   0x00000000      0x830
 .debug_ranges  0x00000000       0x60 ./src/cr_startup_lpc17.o
 .debug_ranges  0x00000060       0x88 ./src/main.o
 .debug_ranges  0x000000e8       0x18 C:\Users\Sherry Wong\Desktop\EE2024\assignment_2\Lib_CMSISv1p30_LPC17xx\Debug\libCMSISv1p30_LPC17xx.a(system_LPC17xx.o)
 .debug_ranges  0x00000100       0x50 C:\Users\Sherry Wong\Desktop\EE2024\assignment_2\Lib_EaBaseBoard\Debug\libLib_EaBaseBoard.a(acc.o)
 .debug_ranges  0x00000150       0x18 C:\Users\Sherry Wong\Desktop\EE2024\assignment_2\Lib_EaBaseBoard\Debug\libLib_EaBaseBoard.a(led7seg.o)
 .debug_ranges  0x00000168       0x88 C:\Users\Sherry Wong\Desktop\EE2024\assignment_2\Lib_EaBaseBoard\Debug\libLib_EaBaseBoard.a(light.o)
 .debug_ranges  0x000001f0       0x80 C:\Users\Sherry Wong\Desktop\EE2024\assignment_2\Lib_EaBaseBoard\Debug\libLib_EaBaseBoard.a(oled.o)
 .debug_ranges  0x00000270       0x70 C:\Users\Sherry Wong\Desktop\EE2024\assignment_2\Lib_EaBaseBoard\Debug\libLib_EaBaseBoard.a(pca9532.o)
 .debug_ranges  0x000002e0       0x18 C:\Users\Sherry Wong\Desktop\EE2024\assignment_2\Lib_EaBaseBoard\Debug\libLib_EaBaseBoard.a(temp.o)
 .debug_ranges  0x000002f8       0xb8 C:\Users\Sherry Wong\Desktop\EE2024\assignment_2\Lib_MCU\Debug\libLib_MCU.a(lpc17xx_gpio.o)
 .debug_ranges  0x000003b0       0xc0 C:\Users\Sherry Wong\Desktop\EE2024\assignment_2\Lib_MCU\Debug\libLib_MCU.a(lpc17xx_i2c.o)
 .debug_ranges  0x00000470       0x10 C:\Users\Sherry Wong\Desktop\EE2024\assignment_2\Lib_MCU\Debug\libLib_MCU.a(lpc17xx_libcfg_default.o)
 .debug_ranges  0x00000480       0x38 C:\Users\Sherry Wong\Desktop\EE2024\assignment_2\Lib_MCU\Debug\libLib_MCU.a(lpc17xx_pinsel.o)
 .debug_ranges  0x000004b8       0xa8 C:\Users\Sherry Wong\Desktop\EE2024\assignment_2\Lib_MCU\Debug\libLib_MCU.a(lpc17xx_ssp.o)
 .debug_ranges  0x00000560      0x120 C:\Users\Sherry Wong\Desktop\EE2024\assignment_2\Lib_MCU\Debug\libLib_MCU.a(lpc17xx_uart.o)
 .debug_ranges  0x00000680       0x50 C:\Users\Sherry Wong\Desktop\EE2024\assignment_2\Lib_MCU\Debug\libLib_MCU.a(lpc17xx_clkpwr.o)
 .debug_ranges  0x000006d0       0x10 c:/nxp/lpcxpresso_6.1.4_194/lpcxpresso/tools/bin/../lib/gcc/arm-none-eabi/4.6.2/../../../../arm-none-eabi/lib/armv7-m\libcr_newlib_semihost.a(_cr_sbrk.o)
 .debug_ranges  0x000006e0      0x140 c:/nxp/lpcxpresso_6.1.4_194/lpcxpresso/tools/bin/../lib/gcc/arm-none-eabi/4.6.2/../../../../arm-none-eabi/lib/armv7-m\libcr_newlib_semihost.a(syscalls.o)
 .debug_ranges  0x00000820       0x10 c:/nxp/lpcxpresso_6.1.4_194/lpcxpresso/tools/bin/../lib/gcc/arm-none-eabi/4.6.2/../../../../arm-none-eabi/lib/armv7-m\libcr_newlib_semihost.a(_cr_check_heap.o)

.debug_line     0x00000000     0x6319
 .debug_line    0x00000000      0x36c ./src/cr_startup_lpc17.o
 .debug_line    0x0000036c      0x621 ./src/main.o
 .debug_line    0x0000098d      0x40b C:\Users\Sherry Wong\Desktop\EE2024\assignment_2\Lib_CMSISv1p30_LPC17xx\Debug\libCMSISv1p30_LPC17xx.a(system_LPC17xx.o)
 .debug_line    0x00000d98      0x4ee C:\Users\Sherry Wong\Desktop\EE2024\assignment_2\Lib_EaBaseBoard\Debug\libLib_EaBaseBoard.a(acc.o)
 .debug_line    0x00001286      0x469 C:\Users\Sherry Wong\Desktop\EE2024\assignment_2\Lib_EaBaseBoard\Debug\libLib_EaBaseBoard.a(led7seg.o)
 .debug_line    0x000016ef      0x59a C:\Users\Sherry Wong\Desktop\EE2024\assignment_2\Lib_EaBaseBoard\Debug\libLib_EaBaseBoard.a(light.o)
 .debug_line    0x00001c89      0x773 C:\Users\Sherry Wong\Desktop\EE2024\assignment_2\Lib_EaBaseBoard\Debug\libLib_EaBaseBoard.a(oled.o)
 .debug_line    0x000023fc      0x585 C:\Users\Sherry Wong\Desktop\EE2024\assignment_2\Lib_EaBaseBoard\Debug\libLib_EaBaseBoard.a(pca9532.o)
 .debug_line    0x00002981      0x467 C:\Users\Sherry Wong\Desktop\EE2024\assignment_2\Lib_EaBaseBoard\Debug\libLib_EaBaseBoard.a(temp.o)
 .debug_line    0x00002de8       0x86 C:\Users\Sherry Wong\Desktop\EE2024\assignment_2\Lib_EaBaseBoard\Debug\libLib_EaBaseBoard.a(font5x7.o)
 .debug_line    0x00002e6e      0x5e6 C:\Users\Sherry Wong\Desktop\EE2024\assignment_2\Lib_MCU\Debug\libLib_MCU.a(lpc17xx_gpio.o)
 .debug_line    0x00003454      0x901 C:\Users\Sherry Wong\Desktop\EE2024\assignment_2\Lib_MCU\Debug\libLib_MCU.a(lpc17xx_i2c.o)
 .debug_line    0x00003d55      0x382 C:\Users\Sherry Wong\Desktop\EE2024\assignment_2\Lib_MCU\Debug\libLib_MCU.a(lpc17xx_libcfg_default.o)
 .debug_line    0x000040d7      0x465 C:\Users\Sherry Wong\Desktop\EE2024\assignment_2\Lib_MCU\Debug\libLib_MCU.a(lpc17xx_pinsel.o)
 .debug_line    0x0000453c      0x834 C:\Users\Sherry Wong\Desktop\EE2024\assignment_2\Lib_MCU\Debug\libLib_MCU.a(lpc17xx_ssp.o)
 .debug_line    0x00004d70      0xb80 C:\Users\Sherry Wong\Desktop\EE2024\assignment_2\Lib_MCU\Debug\libLib_MCU.a(lpc17xx_uart.o)
 .debug_line    0x000058f0      0x4c6 C:\Users\Sherry Wong\Desktop\EE2024\assignment_2\Lib_MCU\Debug\libLib_MCU.a(lpc17xx_clkpwr.o)
 .debug_line    0x00005db6       0xc0 c:/nxp/lpcxpresso_6.1.4_194/lpcxpresso/tools/bin/../lib/gcc/arm-none-eabi/4.6.2/../../../../arm-none-eabi/lib/armv7-m\libcr_newlib_semihost.a(_cr_sbrk.o)
 .debug_line    0x00005e76      0x44f c:/nxp/lpcxpresso_6.1.4_194/lpcxpresso/tools/bin/../lib/gcc/arm-none-eabi/4.6.2/../../../../arm-none-eabi/lib/armv7-m\libcr_newlib_semihost.a(syscalls.o)
 .debug_line    0x000062c5       0x54 c:/nxp/lpcxpresso_6.1.4_194/lpcxpresso/tools/bin/../lib/gcc/arm-none-eabi/4.6.2/../../../../arm-none-eabi/lib/armv7-m\libcr_newlib_semihost.a(_cr_check_heap.o)

.debug_macinfo  0x00000000    0x8e896
 .debug_macinfo
                0x00000000     0x2c15 ./src/cr_startup_lpc17.o
 .debug_macinfo
                0x00002c15     0xb86d ./src/main.o
 .debug_macinfo
                0x0000e482     0x83f8 C:\Users\Sherry Wong\Desktop\EE2024\assignment_2\Lib_CMSISv1p30_LPC17xx\Debug\libCMSISv1p30_LPC17xx.a(system_LPC17xx.o)
 .debug_macinfo
                0x0001687a     0x8f1b C:\Users\Sherry Wong\Desktop\EE2024\assignment_2\Lib_EaBaseBoard\Debug\libLib_EaBaseBoard.a(acc.o)
 .debug_macinfo
                0x0001f795     0x96a3 C:\Users\Sherry Wong\Desktop\EE2024\assignment_2\Lib_EaBaseBoard\Debug\libLib_EaBaseBoard.a(led7seg.o)
 .debug_macinfo
                0x00028e38     0x8e3a C:\Users\Sherry Wong\Desktop\EE2024\assignment_2\Lib_EaBaseBoard\Debug\libLib_EaBaseBoard.a(light.o)
 .debug_macinfo
                0x00031c72     0xa143 C:\Users\Sherry Wong\Desktop\EE2024\assignment_2\Lib_EaBaseBoard\Debug\libLib_EaBaseBoard.a(oled.o)
 .debug_macinfo
                0x0003bdb5     0x8e59 C:\Users\Sherry Wong\Desktop\EE2024\assignment_2\Lib_EaBaseBoard\Debug\libLib_EaBaseBoard.a(pca9532.o)
 .debug_macinfo
                0x00044c0e     0x85e6 C:\Users\Sherry Wong\Desktop\EE2024\assignment_2\Lib_EaBaseBoard\Debug\libLib_EaBaseBoard.a(temp.o)
 .debug_macinfo
                0x0004d1f4     0x332a C:\Users\Sherry Wong\Desktop\EE2024\assignment_2\Lib_EaBaseBoard\Debug\libLib_EaBaseBoard.a(font5x7.o)
 .debug_macinfo
                0x0005051e     0x86b8 C:\Users\Sherry Wong\Desktop\EE2024\assignment_2\Lib_MCU\Debug\libLib_MCU.a(lpc17xx_gpio.o)
 .debug_macinfo
                0x00058bd6     0xa5d8 C:\Users\Sherry Wong\Desktop\EE2024\assignment_2\Lib_MCU\Debug\libLib_MCU.a(lpc17xx_i2c.o)
 .debug_macinfo
                0x000631ae     0x400d C:\Users\Sherry Wong\Desktop\EE2024\assignment_2\Lib_MCU\Debug\libLib_MCU.a(lpc17xx_libcfg_default.o)
 .debug_macinfo
                0x000671bb     0x87d3 C:\Users\Sherry Wong\Desktop\EE2024\assignment_2\Lib_MCU\Debug\libLib_MCU.a(lpc17xx_pinsel.o)
 .debug_macinfo
                0x0006f98e     0xa8d0 C:\Users\Sherry Wong\Desktop\EE2024\assignment_2\Lib_MCU\Debug\libLib_MCU.a(lpc17xx_ssp.o)
 .debug_macinfo
                0x0007a25e     0xb03f C:\Users\Sherry Wong\Desktop\EE2024\assignment_2\Lib_MCU\Debug\libLib_MCU.a(lpc17xx_uart.o)
 .debug_macinfo
                0x0008529d     0x95f9 C:\Users\Sherry Wong\Desktop\EE2024\assignment_2\Lib_MCU\Debug\libLib_MCU.a(lpc17xx_clkpwr.o)

.debug_str      0x00000000     0x2bb7
 .debug_str     0x00000000      0x1c7 ./src/cr_startup_lpc17.o
                                0x201 (size before relaxing)
 .debug_str     0x000001c7      0x815 ./src/main.o
                                0x96b (size before relaxing)
 .debug_str     0x000009dc      0x179 C:\Users\Sherry Wong\Desktop\EE2024\assignment_2\Lib_CMSISv1p30_LPC17xx\Debug\libCMSISv1p30_LPC17xx.a(system_LPC17xx.o)
                                0x2a0 (size before relaxing)
 .debug_str     0x00000b55      0x21d C:\Users\Sherry Wong\Desktop\EE2024\assignment_2\Lib_EaBaseBoard\Debug\libLib_EaBaseBoard.a(acc.o)
                                0x39c (size before relaxing)
 .debug_str     0x00000d72       0x95 C:\Users\Sherry Wong\Desktop\EE2024\assignment_2\Lib_EaBaseBoard\Debug\libLib_EaBaseBoard.a(led7seg.o)
                                0x208 (size before relaxing)
 .debug_str     0x00000e07      0x204 C:\Users\Sherry Wong\Desktop\EE2024\assignment_2\Lib_EaBaseBoard\Debug\libLib_EaBaseBoard.a(light.o)
                                0x501 (size before relaxing)
 .debug_str     0x0000100b      0x1a9 C:\Users\Sherry Wong\Desktop\EE2024\assignment_2\Lib_EaBaseBoard\Debug\libLib_EaBaseBoard.a(oled.o)
                                0x3b9 (size before relaxing)
 .debug_str     0x000011b4      0x136 C:\Users\Sherry Wong\Desktop\EE2024\assignment_2\Lib_EaBaseBoard\Debug\libLib_EaBaseBoard.a(pca9532.o)
                                0x3f3 (size before relaxing)
 .debug_str     0x000012ea       0x33 C:\Users\Sherry Wong\Desktop\EE2024\assignment_2\Lib_EaBaseBoard\Debug\libLib_EaBaseBoard.a(temp.o)
                                0x170 (size before relaxing)
 .debug_str     0x0000131d       0x11 C:\Users\Sherry Wong\Desktop\EE2024\assignment_2\Lib_EaBaseBoard\Debug\libLib_EaBaseBoard.a(font5x7.o)
                                 0xc4 (size before relaxing)
 .debug_str     0x0000132e      0x37d C:\Users\Sherry Wong\Desktop\EE2024\assignment_2\Lib_MCU\Debug\libLib_MCU.a(lpc17xx_gpio.o)
                                0x475 (size before relaxing)
 .debug_str     0x000016ab      0x304 C:\Users\Sherry Wong\Desktop\EE2024\assignment_2\Lib_MCU\Debug\libLib_MCU.a(lpc17xx_i2c.o)
                                0x80b (size before relaxing)
 .debug_str     0x000019af       0x32 C:\Users\Sherry Wong\Desktop\EE2024\assignment_2\Lib_MCU\Debug\libLib_MCU.a(lpc17xx_libcfg_default.o)
                                0x14e (size before relaxing)
 .debug_str     0x000019e1      0x214 C:\Users\Sherry Wong\Desktop\EE2024\assignment_2\Lib_MCU\Debug\libLib_MCU.a(lpc17xx_pinsel.o)
                                0x3aa (size before relaxing)
 .debug_str     0x00001bf5      0x204 C:\Users\Sherry Wong\Desktop\EE2024\assignment_2\Lib_MCU\Debug\libLib_MCU.a(lpc17xx_ssp.o)
                                0x488 (size before relaxing)
 .debug_str     0x00001df9      0x91f C:\Users\Sherry Wong\Desktop\EE2024\assignment_2\Lib_MCU\Debug\libLib_MCU.a(lpc17xx_uart.o)
                                0xc5e (size before relaxing)
 .debug_str     0x00002718       0xcb C:\Users\Sherry Wong\Desktop\EE2024\assignment_2\Lib_MCU\Debug\libLib_MCU.a(lpc17xx_clkpwr.o)
                                0x3a6 (size before relaxing)
 .debug_str     0x000027e3       0xbc c:/nxp/lpcxpresso_6.1.4_194/lpcxpresso/tools/bin/../lib/gcc/arm-none-eabi/4.6.2/../../../../arm-none-eabi/lib/armv7-m\libcr_newlib_semihost.a(_cr_sbrk.o)
                                0x145 (size before relaxing)
 .debug_str     0x0000289f      0x2dd c:/nxp/lpcxpresso_6.1.4_194/lpcxpresso/tools/bin/../lib/gcc/arm-none-eabi/4.6.2/../../../../arm-none-eabi/lib/armv7-m\libcr_newlib_semihost.a(syscalls.o)
                                0x40b (size before relaxing)
 .debug_str     0x00002b7c       0x3b c:/nxp/lpcxpresso_6.1.4_194/lpcxpresso/tools/bin/../lib/gcc/arm-none-eabi/4.6.2/../../../../arm-none-eabi/lib/armv7-m\libcr_newlib_semihost.a(_cr_check_heap.o)
                                 0xd1 (size before relaxing)

.comment        0x00000000       0x9a
 .comment       0x00000000       0x70 ./src/cr_startup_lpc17.o
                                 0x71 (size before relaxing)
 .comment       0x00000000       0x71 ./src/main.o
 .comment       0x00000000       0x71 C:\Users\Sherry Wong\Desktop\EE2024\assignment_2\Lib_CMSISv1p30_LPC17xx\Debug\libCMSISv1p30_LPC17xx.a(system_LPC17xx.o)
 .comment       0x00000000       0x71 C:\Users\Sherry Wong\Desktop\EE2024\assignment_2\Lib_EaBaseBoard\Debug\libLib_EaBaseBoard.a(acc.o)
 .comment       0x00000000       0x71 C:\Users\Sherry Wong\Desktop\EE2024\assignment_2\Lib_EaBaseBoard\Debug\libLib_EaBaseBoard.a(led7seg.o)
 .comment       0x00000000       0x71 C:\Users\Sherry Wong\Desktop\EE2024\assignment_2\Lib_EaBaseBoard\Debug\libLib_EaBaseBoard.a(light.o)
 .comment       0x00000000       0x71 C:\Users\Sherry Wong\Desktop\EE2024\assignment_2\Lib_EaBaseBoard\Debug\libLib_EaBaseBoard.a(oled.o)
 .comment       0x00000000       0x71 C:\Users\Sherry Wong\Desktop\EE2024\assignment_2\Lib_EaBaseBoard\Debug\libLib_EaBaseBoard.a(pca9532.o)
 .comment       0x00000000       0x71 C:\Users\Sherry Wong\Desktop\EE2024\assignment_2\Lib_EaBaseBoard\Debug\libLib_EaBaseBoard.a(temp.o)
 .comment       0x00000000       0x71 C:\Users\Sherry Wong\Desktop\EE2024\assignment_2\Lib_EaBaseBoard\Debug\libLib_EaBaseBoard.a(font5x7.o)
 .comment       0x00000000       0x71 C:\Users\Sherry Wong\Desktop\EE2024\assignment_2\Lib_MCU\Debug\libLib_MCU.a(lpc17xx_gpio.o)
 .comment       0x00000000       0x71 C:\Users\Sherry Wong\Desktop\EE2024\assignment_2\Lib_MCU\Debug\libLib_MCU.a(lpc17xx_i2c.o)
 .comment       0x00000000       0x71 C:\Users\Sherry Wong\Desktop\EE2024\assignment_2\Lib_MCU\Debug\libLib_MCU.a(lpc17xx_libcfg_default.o)
 .comment       0x00000000       0x71 C:\Users\Sherry Wong\Desktop\EE2024\assignment_2\Lib_MCU\Debug\libLib_MCU.a(lpc17xx_pinsel.o)
 .comment       0x00000000       0x71 C:\Users\Sherry Wong\Desktop\EE2024\assignment_2\Lib_MCU\Debug\libLib_MCU.a(lpc17xx_ssp.o)
 .comment       0x00000000       0x71 C:\Users\Sherry Wong\Desktop\EE2024\assignment_2\Lib_MCU\Debug\libLib_MCU.a(lpc17xx_uart.o)
 .comment       0x00000000       0x71 C:\Users\Sherry Wong\Desktop\EE2024\assignment_2\Lib_MCU\Debug\libLib_MCU.a(lpc17xx_clkpwr.o)
 .comment       0x00000070       0x2a c:/nxp/lpcxpresso_6.1.4_194/lpcxpresso/tools/bin/../lib/gcc/arm-none-eabi/4.6.2/../../../../arm-none-eabi/lib/armv7-m\libcr_newlib_semihost.a(_cr_sbrk.o)
                                 0x2b (size before relaxing)
 .comment       0x00000000       0x2b c:/nxp/lpcxpresso_6.1.4_194/lpcxpresso/tools/bin/../lib/gcc/arm-none-eabi/4.6.2/../../../../arm-none-eabi/lib/armv7-m\libcr_newlib_semihost.a(syscalls.o)
 .comment       0x00000000       0x2b c:/nxp/lpcxpresso_6.1.4_194/lpcxpresso/tools/bin/../lib/gcc/arm-none-eabi/4.6.2/../../../../arm-none-eabi/lib/armv7-m\libcr_newlib_semihost.a(_cr_check_heap.o)

.ARM.attributes
                0x00000000       0x33
 .ARM.attributes
                0x00000000       0x33 ./src/cr_startup_lpc17.o
 .ARM.attributes
                0x00000033       0x33 ./src/main.o
 .ARM.attributes
                0x00000066       0x33 C:\Users\Sherry Wong\Desktop\EE2024\assignment_2\Lib_CMSISv1p30_LPC17xx\Debug\libCMSISv1p30_LPC17xx.a(system_LPC17xx.o)
 .ARM.attributes
                0x00000099       0x33 C:\Users\Sherry Wong\Desktop\EE2024\assignment_2\Lib_EaBaseBoard\Debug\libLib_EaBaseBoard.a(acc.o)
 .ARM.attributes
                0x000000cc       0x33 C:\Users\Sherry Wong\Desktop\EE2024\assignment_2\Lib_EaBaseBoard\Debug\libLib_EaBaseBoard.a(led7seg.o)
 .ARM.attributes
                0x000000ff       0x33 C:\Users\Sherry Wong\Desktop\EE2024\assignment_2\Lib_EaBaseBoard\Debug\libLib_EaBaseBoard.a(light.o)
 .ARM.attributes
                0x00000132       0x33 C:\Users\Sherry Wong\Desktop\EE2024\assignment_2\Lib_EaBaseBoard\Debug\libLib_EaBaseBoard.a(oled.o)
 .ARM.attributes
                0x00000165       0x33 C:\Users\Sherry Wong\Desktop\EE2024\assignment_2\Lib_EaBaseBoard\Debug\libLib_EaBaseBoard.a(pca9532.o)
 .ARM.attributes
                0x00000198       0x33 C:\Users\Sherry Wong\Desktop\EE2024\assignment_2\Lib_EaBaseBoard\Debug\libLib_EaBaseBoard.a(temp.o)
 .ARM.attributes
                0x000001cb       0x33 C:\Users\Sherry Wong\Desktop\EE2024\assignment_2\Lib_EaBaseBoard\Debug\libLib_EaBaseBoard.a(font5x7.o)
 .ARM.attributes
                0x000001fe       0x33 C:\Users\Sherry Wong\Desktop\EE2024\assignment_2\Lib_MCU\Debug\libLib_MCU.a(lpc17xx_gpio.o)
 .ARM.attributes
                0x00000231       0x33 C:\Users\Sherry Wong\Desktop\EE2024\assignment_2\Lib_MCU\Debug\libLib_MCU.a(lpc17xx_i2c.o)
 .ARM.attributes
                0x00000264       0x33 C:\Users\Sherry Wong\Desktop\EE2024\assignment_2\Lib_MCU\Debug\libLib_MCU.a(lpc17xx_libcfg_default.o)
 .ARM.attributes
                0x00000297       0x33 C:\Users\Sherry Wong\Desktop\EE2024\assignment_2\Lib_MCU\Debug\libLib_MCU.a(lpc17xx_pinsel.o)
 .ARM.attributes
                0x000002ca       0x33 C:\Users\Sherry Wong\Desktop\EE2024\assignment_2\Lib_MCU\Debug\libLib_MCU.a(lpc17xx_ssp.o)
 .ARM.attributes
                0x000002fd       0x33 C:\Users\Sherry Wong\Desktop\EE2024\assignment_2\Lib_MCU\Debug\libLib_MCU.a(lpc17xx_uart.o)
 .ARM.attributes
                0x00000330       0x33 C:\Users\Sherry Wong\Desktop\EE2024\assignment_2\Lib_MCU\Debug\libLib_MCU.a(lpc17xx_clkpwr.o)
 .ARM.attributes
                0x00000363       0x1d c:/nxp/lpcxpresso_6.1.4_194/lpcxpresso/tools/bin/../lib/gcc/arm-none-eabi/4.6.2/armv7-m\libgcc.a(_arm_addsubdf3.o)
 .ARM.attributes
                0x00000380       0x1d c:/nxp/lpcxpresso_6.1.4_194/lpcxpresso/tools/bin/../lib/gcc/arm-none-eabi/4.6.2/armv7-m\libgcc.a(_arm_muldivdf3.o)
 .ARM.attributes
                0x0000039d       0x1d c:/nxp/lpcxpresso_6.1.4_194/lpcxpresso/tools/bin/../lib/gcc/arm-none-eabi/4.6.2/armv7-m\libgcc.a(_aeabi_uldivmod.o)
 .ARM.attributes
                0x000003ba       0x2d c:/nxp/lpcxpresso_6.1.4_194/lpcxpresso/tools/bin/../lib/gcc/arm-none-eabi/4.6.2/armv7-m\libgcc.a(bpabi.o)
 .ARM.attributes
                0x000003e7       0x1d c:/nxp/lpcxpresso_6.1.4_194/lpcxpresso/tools/bin/../lib/gcc/arm-none-eabi/4.6.2/armv7-m\libgcc.a(_dvmd_tls.o)
 .ARM.attributes
                0x00000404       0x2d c:/nxp/lpcxpresso_6.1.4_194/lpcxpresso/tools/bin/../lib/gcc/arm-none-eabi/4.6.2/armv7-m\libgcc.a(_divdi3.o)
 .ARM.attributes
                0x00000431       0x2d c:/nxp/lpcxpresso_6.1.4_194/lpcxpresso/tools/bin/../lib/gcc/arm-none-eabi/4.6.2/armv7-m\libgcc.a(_udivdi3.o)
 .ARM.attributes
                0x0000045e       0x2d c:/nxp/lpcxpresso_6.1.4_194/lpcxpresso/tools/bin/../lib/gcc/arm-none-eabi/4.6.2/../../../../arm-none-eabi/lib/armv7-m\libc.a(lib_a-memcpy.o)
 .ARM.attributes
                0x0000048b       0x2d c:/nxp/lpcxpresso_6.1.4_194/lpcxpresso/tools/bin/../lib/gcc/arm-none-eabi/4.6.2/../../../../arm-none-eabi/lib/armv7-m\libc.a(lib_a-memset.o)
 .ARM.attributes
                0x000004b8       0x2d c:/nxp/lpcxpresso_6.1.4_194/lpcxpresso/tools/bin/../lib/gcc/arm-none-eabi/4.6.2/../../../../arm-none-eabi/lib/armv7-m\libc.a(lib_a-printf.o)
 .ARM.attributes
                0x000004e5       0x2d c:/nxp/lpcxpresso_6.1.4_194/lpcxpresso/tools/bin/../lib/gcc/arm-none-eabi/4.6.2/../../../../arm-none-eabi/lib/armv7-m\libc.a(lib_a-sprintf.o)
 .ARM.attributes
                0x00000512       0x2d c:/nxp/lpcxpresso_6.1.4_194/lpcxpresso/tools/bin/../lib/gcc/arm-none-eabi/4.6.2/../../../../arm-none-eabi/lib/armv7-m\libc.a(lib_a-strlen.o)
 .ARM.attributes
                0x0000053f       0x2d c:/nxp/lpcxpresso_6.1.4_194/lpcxpresso/tools/bin/../lib/gcc/arm-none-eabi/4.6.2/../../../../arm-none-eabi/lib/armv7-m\libc.a(lib_a-svfprintf.o)
 .ARM.attributes
                0x0000056c       0x2d c:/nxp/lpcxpresso_6.1.4_194/lpcxpresso/tools/bin/../lib/gcc/arm-none-eabi/4.6.2/../../../../arm-none-eabi/lib/armv7-m\libc.a(lib_a-vfprintf.o)
 .ARM.attributes
                0x00000599       0x2d c:/nxp/lpcxpresso_6.1.4_194/lpcxpresso/tools/bin/../lib/gcc/arm-none-eabi/4.6.2/../../../../arm-none-eabi/lib/armv7-m\libc.a(lib_a-wsetup.o)
 .ARM.attributes
                0x000005c6       0x2d c:/nxp/lpcxpresso_6.1.4_194/lpcxpresso/tools/bin/../lib/gcc/arm-none-eabi/4.6.2/../../../../arm-none-eabi/lib/armv7-m\libc.a(lib_a-dtoa.o)
 .ARM.attributes
                0x000005f3       0x2d c:/nxp/lpcxpresso_6.1.4_194/lpcxpresso/tools/bin/../lib/gcc/arm-none-eabi/4.6.2/../../../../arm-none-eabi/lib/armv7-m\libc.a(lib_a-fflush.o)
 .ARM.attributes
                0x00000620       0x2d c:/nxp/lpcxpresso_6.1.4_194/lpcxpresso/tools/bin/../lib/gcc/arm-none-eabi/4.6.2/../../../../arm-none-eabi/lib/armv7-m\libc.a(lib_a-findfp.o)
 .ARM.attributes
                0x0000064d       0x2d c:/nxp/lpcxpresso_6.1.4_194/lpcxpresso/tools/bin/../lib/gcc/arm-none-eabi/4.6.2/../../../../arm-none-eabi/lib/armv7-m\libc.a(lib_a-freer.o)
 .ARM.attributes
                0x0000067a       0x2d c:/nxp/lpcxpresso_6.1.4_194/lpcxpresso/tools/bin/../lib/gcc/arm-none-eabi/4.6.2/../../../../arm-none-eabi/lib/armv7-m\libc.a(lib_a-fwalk.o)
 .ARM.attributes
                0x000006a7       0x2d c:/nxp/lpcxpresso_6.1.4_194/lpcxpresso/tools/bin/../lib/gcc/arm-none-eabi/4.6.2/../../../../arm-none-eabi/lib/armv7-m\libc.a(lib_a-impure.o)
 .ARM.attributes
                0x000006d4       0x2d c:/nxp/lpcxpresso_6.1.4_194/lpcxpresso/tools/bin/../lib/gcc/arm-none-eabi/4.6.2/../../../../arm-none-eabi/lib/armv7-m\libc.a(lib_a-locale.o)
 .ARM.attributes
                0x00000701       0x2d c:/nxp/lpcxpresso_6.1.4_194/lpcxpresso/tools/bin/../lib/gcc/arm-none-eabi/4.6.2/../../../../arm-none-eabi/lib/armv7-m\libc.a(lib_a-makebuf.o)
 .ARM.attributes
                0x0000072e       0x2d c:/nxp/lpcxpresso_6.1.4_194/lpcxpresso/tools/bin/../lib/gcc/arm-none-eabi/4.6.2/../../../../arm-none-eabi/lib/armv7-m\libc.a(lib_a-mallocr.o)
 .ARM.attributes
                0x0000075b       0x2d c:/nxp/lpcxpresso_6.1.4_194/lpcxpresso/tools/bin/../lib/gcc/arm-none-eabi/4.6.2/../../../../arm-none-eabi/lib/armv7-m\libc.a(lib_a-memchr.o)
 .ARM.attributes
                0x00000788       0x2d c:/nxp/lpcxpresso_6.1.4_194/lpcxpresso/tools/bin/../lib/gcc/arm-none-eabi/4.6.2/../../../../arm-none-eabi/lib/armv7-m\libc.a(lib_a-mlock.o)
 .ARM.attributes
                0x000007b5       0x2d c:/nxp/lpcxpresso_6.1.4_194/lpcxpresso/tools/bin/../lib/gcc/arm-none-eabi/4.6.2/../../../../arm-none-eabi/lib/armv7-m\libc.a(lib_a-mprec.o)
 .ARM.attributes
                0x000007e2       0x2d c:/nxp/lpcxpresso_6.1.4_194/lpcxpresso/tools/bin/../lib/gcc/arm-none-eabi/4.6.2/../../../../arm-none-eabi/lib/armv7-m\libc.a(lib_a-s_fpclassify.o)
 .ARM.attributes
                0x0000080f       0x2d c:/nxp/lpcxpresso_6.1.4_194/lpcxpresso/tools/bin/../lib/gcc/arm-none-eabi/4.6.2/../../../../arm-none-eabi/lib/armv7-m\libc.a(lib_a-sbrkr.o)
 .ARM.attributes
                0x0000083c       0x2d c:/nxp/lpcxpresso_6.1.4_194/lpcxpresso/tools/bin/../lib/gcc/arm-none-eabi/4.6.2/../../../../arm-none-eabi/lib/armv7-m\libc.a(lib_a-stdio.o)
 .ARM.attributes
                0x00000869       0x2d c:/nxp/lpcxpresso_6.1.4_194/lpcxpresso/tools/bin/../lib/gcc/arm-none-eabi/4.6.2/../../../../arm-none-eabi/lib/armv7-m\libc.a(lib_a-strcmp.o)
 .ARM.attributes
                0x00000896       0x2d c:/nxp/lpcxpresso_6.1.4_194/lpcxpresso/tools/bin/../lib/gcc/arm-none-eabi/4.6.2/../../../../arm-none-eabi/lib/armv7-m\libc.a(lib_a-svfiprintf.o)
 .ARM.attributes
                0x000008c3       0x2d c:/nxp/lpcxpresso_6.1.4_194/lpcxpresso/tools/bin/../lib/gcc/arm-none-eabi/4.6.2/../../../../arm-none-eabi/lib/armv7-m\libc.a(lib_a-vfiprintf.o)
 .ARM.attributes
                0x000008f0       0x2d c:/nxp/lpcxpresso_6.1.4_194/lpcxpresso/tools/bin/../lib/gcc/arm-none-eabi/4.6.2/../../../../arm-none-eabi/lib/armv7-m\libc.a(lib_a-writer.o)
 .ARM.attributes
                0x0000091d       0x2d c:/nxp/lpcxpresso_6.1.4_194/lpcxpresso/tools/bin/../lib/gcc/arm-none-eabi/4.6.2/../../../../arm-none-eabi/lib/armv7-m\libc.a(lib_a-callocr.o)
 .ARM.attributes
                0x0000094a       0x2d c:/nxp/lpcxpresso_6.1.4_194/lpcxpresso/tools/bin/../lib/gcc/arm-none-eabi/4.6.2/../../../../arm-none-eabi/lib/armv7-m\libc.a(lib_a-closer.o)
 .ARM.attributes
                0x00000977       0x2d c:/nxp/lpcxpresso_6.1.4_194/lpcxpresso/tools/bin/../lib/gcc/arm-none-eabi/4.6.2/../../../../arm-none-eabi/lib/armv7-m\libc.a(lib_a-fclose.o)
 .ARM.attributes
                0x000009a4       0x2d c:/nxp/lpcxpresso_6.1.4_194/lpcxpresso/tools/bin/../lib/gcc/arm-none-eabi/4.6.2/../../../../arm-none-eabi/lib/armv7-m\libc.a(lib_a-fputwc.o)
 .ARM.attributes
                0x000009d1       0x2d c:/nxp/lpcxpresso_6.1.4_194/lpcxpresso/tools/bin/../lib/gcc/arm-none-eabi/4.6.2/../../../../arm-none-eabi/lib/armv7-m\libc.a(lib_a-fstatr.o)
 .ARM.attributes
                0x000009fe       0x2d c:/nxp/lpcxpresso_6.1.4_194/lpcxpresso/tools/bin/../lib/gcc/arm-none-eabi/4.6.2/../../../../arm-none-eabi/lib/armv7-m\libc.a(lib_a-fvwrite.o)
 .ARM.attributes
                0x00000a2b       0x2d c:/nxp/lpcxpresso_6.1.4_194/lpcxpresso/tools/bin/../lib/gcc/arm-none-eabi/4.6.2/../../../../arm-none-eabi/lib/armv7-m\libc.a(lib_a-isattyr.o)
 .ARM.attributes
                0x00000a58       0x2d c:/nxp/lpcxpresso_6.1.4_194/lpcxpresso/tools/bin/../lib/gcc/arm-none-eabi/4.6.2/../../../../arm-none-eabi/lib/armv7-m\libc.a(lib_a-lseekr.o)
 .ARM.attributes
                0x00000a85       0x2d c:/nxp/lpcxpresso_6.1.4_194/lpcxpresso/tools/bin/../lib/gcc/arm-none-eabi/4.6.2/../../../../arm-none-eabi/lib/armv7-m\libc.a(lib_a-memmove.o)
 .ARM.attributes
                0x00000ab2       0x2d c:/nxp/lpcxpresso_6.1.4_194/lpcxpresso/tools/bin/../lib/gcc/arm-none-eabi/4.6.2/../../../../arm-none-eabi/lib/armv7-m\libc.a(lib_a-readr.o)
 .ARM.attributes
                0x00000adf       0x2d c:/nxp/lpcxpresso_6.1.4_194/lpcxpresso/tools/bin/../lib/gcc/arm-none-eabi/4.6.2/../../../../arm-none-eabi/lib/armv7-m\libc.a(lib_a-reallocr.o)
 .ARM.attributes
                0x00000b0c       0x2d c:/nxp/lpcxpresso_6.1.4_194/lpcxpresso/tools/bin/../lib/gcc/arm-none-eabi/4.6.2/../../../../arm-none-eabi/lib/armv7-m\libc.a(lib_a-reent.o)
 .ARM.attributes