Archive member included because of file (symbol)

C:\Users\Sherry Wong\Desktop\EE2024\assignment_2\Lib_CMSISv1p30_LPC17xx\Debug\libCMSISv1p30_LPC17xx.a(system_LPC17xx.o)
                              ./src/main.o (SystemCoreClock)
C:\Users\Sherry Wong\Desktop\EE2024\assignment_2\Lib_EaBaseBoard\Debug\libLib_EaBaseBoard.a(acc.o)
                              ./src/main.o (acc_init)
C:\Users\Sherry Wong\Desktop\EE2024\assignment_2\Lib_EaBaseBoard\Debug\libLib_EaBaseBoard.a(joystick.o)
                              ./src/main.o (joystick_init)
C:\Users\Sherry Wong\Desktop\EE2024\assignment_2\Lib_EaBaseBoard\Debug\libLib_EaBaseBoard.a(led7seg.o)
                              ./src/main.o (led7seg_init)
C:\Users\Sherry Wong\Desktop\EE2024\assignment_2\Lib_EaBaseBoard\Debug\libLib_EaBaseBoard.a(light.o)
                              ./src/main.o (light_enable)
C:\Users\Sherry Wong\Desktop\EE2024\assignment_2\Lib_EaBaseBoard\Debug\libLib_EaBaseBoard.a(oled.o)
                              ./src/main.o (oled_putPixel)
C:\Users\Sherry Wong\Desktop\EE2024\assignment_2\Lib_EaBaseBoard\Debug\libLib_EaBaseBoard.a(pca9532.o)
                              ./src/main.o (pca9532_init)
C:\Users\Sherry Wong\Desktop\EE2024\assignment_2\Lib_EaBaseBoard\Debug\libLib_EaBaseBoard.a(temp.o)
                              ./src/main.o (temp_init)
C:\Users\Sherry Wong\Desktop\EE2024\assignment_2\Lib_EaBaseBoard\Debug\libLib_EaBaseBoard.a(font5x7.o)
                              C:\Users\Sherry Wong\Desktop\EE2024\assignment_2\Lib_EaBaseBoard\Debug\libLib_EaBaseBoard.a(oled.o) (font5x7)
C:\Users\Sherry Wong\Desktop\EE2024\assignment_2\Lib_MCU\Debug\libLib_MCU.a(lpc17xx_gpio.o)
                              ./src/main.o (GPIO_SetDir)
C:\Users\Sherry Wong\Desktop\EE2024\assignment_2\Lib_MCU\Debug\libLib_MCU.a(lpc17xx_i2c.o)
                              ./src/main.o (I2C_Init)
C:\Users\Sherry Wong\Desktop\EE2024\assignment_2\Lib_MCU\Debug\libLib_MCU.a(lpc17xx_pinsel.o)
                              ./src/main.o (PINSEL_ConfigPin)
C:\Users\Sherry Wong\Desktop\EE2024\assignment_2\Lib_MCU\Debug\libLib_MCU.a(lpc17xx_ssp.o)
                              ./src/main.o (SSP_Init)
C:\Users\Sherry Wong\Desktop\EE2024\assignment_2\Lib_MCU\Debug\libLib_MCU.a(lpc17xx_timer.o)
                              ./src/main.o (Timer0_Wait)
C:\Users\Sherry Wong\Desktop\EE2024\assignment_2\Lib_MCU\Debug\libLib_MCU.a(lpc17xx_uart.o)
                              ./src/main.o (UART_TxCmd)
C:\Users\Sherry Wong\Desktop\EE2024\assignment_2\Lib_MCU\Debug\libLib_MCU.a(lpc17xx_clkpwr.o)
                              C:\Users\Sherry Wong\Desktop\EE2024\assignment_2\Lib_MCU\Debug\libLib_MCU.a(lpc17xx_i2c.o) (CLKPWR_SetPCLKDiv)
c:/nxp/lpcxpresso_6.1.4_194/lpcxpresso/tools/bin/../lib/gcc/arm-none-eabi/4.6.2/armv7-m\libgcc.a(_aeabi_uldivmod.o)
                              C:\Users\Sherry Wong\Desktop\EE2024\assignment_2\Lib_CMSISv1p30_LPC17xx\Debug\libCMSISv1p30_LPC17xx.a(system_LPC17xx.o) (__aeabi_uldivmod)
c:/nxp/lpcxpresso_6.1.4_194/lpcxpresso/tools/bin/../lib/gcc/arm-none-eabi/4.6.2/armv7-m\libgcc.a(bpabi.o)
                              c:/nxp/lpcxpresso_6.1.4_194/lpcxpresso/tools/bin/../lib/gcc/arm-none-eabi/4.6.2/armv7-m\libgcc.a(_aeabi_uldivmod.o) (__gnu_uldivmod_helper)
c:/nxp/lpcxpresso_6.1.4_194/lpcxpresso/tools/bin/../lib/gcc/arm-none-eabi/4.6.2/armv7-m\libgcc.a(_dvmd_tls.o)
                              c:/nxp/lpcxpresso_6.1.4_194/lpcxpresso/tools/bin/../lib/gcc/arm-none-eabi/4.6.2/armv7-m\libgcc.a(_aeabi_uldivmod.o) (__aeabi_ldiv0)
c:/nxp/lpcxpresso_6.1.4_194/lpcxpresso/tools/bin/../lib/gcc/arm-none-eabi/4.6.2/armv7-m\libgcc.a(_divdi3.o)
                              c:/nxp/lpcxpresso_6.1.4_194/lpcxpresso/tools/bin/../lib/gcc/arm-none-eabi/4.6.2/armv7-m\libgcc.a(bpabi.o) (__divdi3)
c:/nxp/lpcxpresso_6.1.4_194/lpcxpresso/tools/bin/../lib/gcc/arm-none-eabi/4.6.2/armv7-m\libgcc.a(_udivdi3.o)
                              c:/nxp/lpcxpresso_6.1.4_194/lpcxpresso/tools/bin/../lib/gcc/arm-none-eabi/4.6.2/armv7-m\libgcc.a(bpabi.o) (__udivdi3)
c:/nxp/lpcxpresso_6.1.4_194/lpcxpresso/tools/bin/../lib/gcc/arm-none-eabi/4.6.2/../../../../arm-none-eabi/lib/armv7-m\libc.a(lib_a-memcpy.o)
                              ./src/main.o (memcpy)
c:/nxp/lpcxpresso_6.1.4_194/lpcxpresso/tools/bin/../lib/gcc/arm-none-eabi/4.6.2/../../../../arm-none-eabi/lib/armv7-m\libc.a(lib_a-memset.o)
                              C:\Users\Sherry Wong\Desktop\EE2024\assignment_2\Lib_EaBaseBoard\Debug\libLib_EaBaseBoard.a(oled.o) (memset)
c:/nxp/lpcxpresso_6.1.4_194/lpcxpresso/tools/bin/../lib/gcc/arm-none-eabi/4.6.2/../../../../arm-none-eabi/lib/armv7-m\libc.a(lib_a-printf.o)
                              ./src/main.o (printf)
c:/nxp/lpcxpresso_6.1.4_194/lpcxpresso/tools/bin/../lib/gcc/arm-none-eabi/4.6.2/../../../../arm-none-eabi/lib/armv7-m\libc.a(lib_a-sprintf.o)
                              ./src/main.o (sprintf)
[...]
Memory Configuration

Name             Origin             Length             Attributes
MFlash512        0x00000000         0x00080000         xr
RamLoc32         0x10000000         0x00008000         xrw
RamAHB32         0x2007c000         0x00008000         xrw
*default*        0x00000000         0xffffffff

Linker script and memory map

LOAD ./src/cr_startup_lpc17.o
LOAD ./src/main.o
LOAD C:\Users\Sherry Wong\Desktop\EE2024\assignment_2\Lib_CMSISv1p30_LPC17xx\Debug\libCMSISv1p30_LPC17xx.a
LOAD C:\Users\Sherry Wong\Desktop\EE2024\assignment_2\Lib_EaBaseBoard\Debug\libLib_EaBaseBoard.a
LOAD C:\Users\Sherry Wong\Desktop\EE2024\assignment_2\Lib_MCU\Debug\libLib_MCU.a
START GROUP
LOAD c:/nxp/lpcxpresso_6.1.4_194/lpcxpresso/tools/bin/../lib/gcc/arm-none-eabi/4.6.2/armv7-m\libgcc.a
LOAD c:/nxp/lpcxpresso_6.1.4_194/lpcxpresso/tools/bin/../lib/gcc/arm-none-eabi/4.6.2/../../../../arm-none-eabi/lib/armv7-m\libc.a
LOAD c:/nxp/lpcxpresso_6.1.4_194/lpcxpresso/tools/bin/../lib/gcc/arm-none-eabi/4.6.2/../../../../arm-none-eabi/lib/armv7-m\libm.a
LOAD c:/nxp/lpcxpresso_6.1.4_194/lpcxpresso/tools/bin/../lib/gcc/arm-none-eabi/4.6.2/../../../../arm-none-eabi/lib/armv7-m\libcr_newlib_semihost.a
END GROUP
                0x00080000                __top_MFlash512 = 0x80000
                0x10008000                __top_RamLoc32 = 0x10008000
                0x20084000                __top_RamAHB32 = 0x20084000

.text           0x00000000     0xbd90
 FILL mask 0xff
                0x00000000                __vectors_start__ = ABSOLUTE (.)
 *(.isr_vector)
 .isr_vector    0x00000000       0xcc ./src/cr_startup_lpc17.o
                0x00000000                g_pfnVectors
                0x000000cc                . = ALIGN (0x4)
                0x000000cc                __section_table_start = .
                0x000000cc                __data_section_table = .
                0x000000cc        0x4 LONG 0xbd98 LOADADDR (.data)
                0x000000d0        0x4 LONG 0x10000000 ADDR (.data)
                0x000000d4        0x4 LONG 0x93c SIZEOF (.data)
                0x000000d8        0x4 LONG 0xbd98 LOADADDR (.data_RAM2)
                0x000000dc        0x4 LONG 0x2007c000 ADDR (.data_RAM2)
                0x000000e0        0x4 LONG 0x0 SIZEOF (.data_RAM2)
                0x000000e4                __data_section_table_end = .
                0x000000e4                __bss_section_table = .
                0x000000e4        0x4 LONG 0x1000093c ADDR (.bss)
                0x000000e8        0x4 LONG 0x3dc SIZEOF (.bss)
                0x000000ec        0x4 LONG 0x2007c000 ADDR (.bss_RAM2)
                0x000000f0        0x4 LONG 0x0 SIZEOF (.bss_RAM2)
                0x000000f4                __bss_section_table_end = .
                0x000000f4                __section_table_end = .
 *(.after_vectors*)
 *(.text*)
 .text.ResetISR
                0x000000f4       0x68 ./src/cr_startup_lpc17.o
                0x000000f4                ResetISR
 .text.NMI_Handler
                0x0000015c        0x8 ./src/cr_startup_lpc17.o
                0x0000015c                NMI_Handler
 .text.HardFault_Handler
                0x00000164        0x8 ./src/cr_startup_lpc17.o
                0x00000164                HardFault_Handler
 .text.MemManage_Handler
                0x0000016c        0x8 ./src/cr_startup_lpc17.o
                0x0000016c                MemManage_Handler
 .text.BusFault_Handler
                0x00000174        0x8 ./src/cr_startup_lpc17.o
                0x00000174                BusFault_Handler
 .text.UsageFault_Handler
                0x0000017c        0x8 ./src/cr_startup_lpc17.o
                0x0000017c                UsageFault_Handler
 .text.SVCall_Handler
                0x00000184        0x8 ./src/cr_startup_lpc17.o
                0x00000184                SVCall_Handler
 .text.DebugMon_Handler
                0x0000018c        0x8 ./src/cr_startup_lpc17.o
                0x0000018c                DebugMon_Handler
 .text.PendSV_Handler
                0x00000194        0x8 ./src/cr_startup_lpc17.o
                0x00000194                PendSV_Handler
 .text.IntDefaultHandler
                0x0000019c        0x8 ./src/cr_startup_lpc17.o
                0x0000019c                TIMER2_IRQHandler
                0x0000019c                RIT_IRQHandler
                0x0000019c                I2C0_IRQHandler
                0x0000019c                USBActivity_IRQHandler
                0x0000019c                PWM1_IRQHandler
                0x0000019c                I2C1_IRQHandler
                0x0000019c                EINT2_IRQHandler
                0x0000019c                UART1_IRQHandler
                0x0000019c                CANActivity_IRQHandler
                0x0000019c                TIMER3_IRQHandler
                0x0000019c                UART0_IRQHandler
                0x0000019c                IntDefaultHandler
                0x0000019c                PLL0_IRQHandler
                0x0000019c                CAN_IRQHandler
                0x0000019c                PLL1_IRQHandler
                0x0000019c                SSP0_IRQHandler
                0x0000019c                I2S_IRQHandler
                0x0000019c                I2C2_IRQHandler
                0x0000019c                RTC_IRQHandler
                0x0000019c                TIMER0_IRQHandler
                0x0000019c                SPI_IRQHandler
                0x0000019c                EINT1_IRQHandler
                0x0000019c                TIMER1_IRQHandler
                0x0000019c                UART2_IRQHandler
                0x0000019c                ADC_IRQHandler
                0x0000019c                SSP1_IRQHandler
                0x0000019c                USB_IRQHandler
                0x0000019c                BOD_IRQHandler
                0x0000019c                WDT_IRQHandler
                0x0000019c                QEI_IRQHandler
                0x0000019c                EINT0_IRQHandler
                0x0000019c                DMA_IRQHandler
                0x0000019c                UART3_IRQHandler
                0x0000019c                MCPWM_IRQHandler
                0x0000019c                ENET_IRQHandler
 .text.NVIC_EnableIRQ
                0x000001a4       0x38 ./src/main.o
 .text.NVIC_SetPriority
                0x000001dc       0x5c ./src/main.o
 .text.SysTick_Config
                0x00000238       0x64 ./src/main.o
 .text.moveBar  0x0000029c       0xa8 ./src/main.o
 .text.drawOled
                0x00000344      0x1a4 ./src/main.o
 .text.playNote
                0x000004e8       0x70 ./src/main.o
 .text.getNote  0x00000558       0x5c ./src/main.o
 .text.getDuration
                0x000005b4       0x38 ./src/main.o
 .text.getPause
                0x000005ec       0x4c ./src/main.o
 .text.playSong
                0x00000638       0x94 ./src/main.o
 .text.init_ssp
                0x000006cc       0x98 ./src/main.o
 .text.init_i2c
                0x00000764       0x5c ./src/main.o
 .text.getTicks
                0x000007c0       0x18 ./src/main.o
 .text.init_GPIO
                0x000007d8      0x11c ./src/main.o
                0x000007d8                init_GPIO
 .text.SysTick_Handler
                0x000008f4       0x24 ./src/main.o
                0x000008f4                SysTick_Handler
 .text.EINT3_IRQHandler
                0x00000918       0x38 ./src/main.o
                0x00000918                EINT3_IRQHandler
 .text.init_speaker
                0x00000950       0x8c ./src/main.o
                0x00000950                init_speaker
 .text.init_all
                0x000009dc       0x64 ./src/main.o
                0x000009dc                init_all
 .text.toggle_mode_sw4
                0x00000a40       0x60 ./src/main.o
                0x00000a40                toggle_mode_sw4
 .text.display_readings
                0x00000aa0      0x298 ./src/main.o
                0x00000aa0                display_readings
 .text.main     0x00000d38      0x560 ./src/main.o
                0x00000d38                main
 .text.check_failed
                0x00001298        0xc ./src/main.o
                0x00001298                check_failed
 .text.SystemInit
                0x000012a4      0x22c C:\Users\Sherry Wong\Desktop\EE2024\assignment_2\Lib_CMSISv1p30_LPC17xx\Debug\libCMSISv1p30_LPC17xx.a(system_LPC17xx.o)
                0x000012a4                SystemInit
 .text.I2CRead  0x000014d0       0x5c C:\Users\Sherry Wong\Desktop\EE2024\assignment_2\Lib_EaBaseBoard\Debug\libLib_EaBaseBoard.a(acc.o)
 .text.I2CWrite
                0x0000152c       0x5c C:\Users\Sherry Wong\Desktop\EE2024\assignment_2\Lib_EaBaseBoard\Debug\libLib_EaBaseBoard.a(acc.o)
 .text.getStatus
                0x00001588       0x3c C:\Users\Sherry Wong\Desktop\EE2024\assignment_2\Lib_EaBaseBoard\Debug\libLib_EaBaseBoard.a(acc.o)
 .text.setModeControl
                0x000015c4       0x30 C:\Users\Sherry Wong\Desktop\EE2024\assignment_2\Lib_EaBaseBoard\Debug\libLib_EaBaseBoard.a(acc.o)
 .text.acc_init
                0x000015f4       0x10 C:\Users\Sherry Wong\Desktop\EE2024\assignment_2\Lib_EaBaseBoard\Debug\libLib_EaBaseBoard.a(acc.o)
                0x000015f4                acc_init
 .text.acc_read
                0x00001604       0xbc C:\Users\Sherry Wong\Desktop\EE2024\assignment_2\Lib_EaBaseBoard\Debug\libLib_EaBaseBoard.a(acc.o)
                0x00001604                acc_read
 .text.joystick_init
                0x000016c0       0x28 C:\Users\Sherry Wong\Desktop\EE2024\assignment_2\Lib_EaBaseBoard\Debug\libLib_EaBaseBoard.a(joystick.o)
                0x000016c0                joystick_init
 .text.joystick_read
                0x000016e8       0x98 C:\Users\Sherry Wong\Desktop\EE2024\assignment_2\Lib_EaBaseBoard\Debug\libLib_EaBaseBoard.a(joystick.o)
                0x000016e8                joystick_read
 .text.led7seg_init
                0x00001780       0x24 C:\Users\Sherry Wong\Desktop\EE2024\assignment_2\Lib_EaBaseBoard\Debug\libLib_EaBaseBoard.a(led7seg.o)
                0x00001780                led7seg_init
 .text.led7seg_setChar
                0x000017a4       0x88 C:\Users\Sherry Wong\Desktop\EE2024\assignment_2\Lib_EaBaseBoard\Debug\libLib_EaBaseBoard.a(led7seg.o)
                0x000017a4                led7seg_setChar
 .text.I2CRead  0x0000182c       0x5c C:\Users\Sherry Wong\Desktop\EE2024\assignment_2\Lib_EaBaseBoard\Debug\libLib_EaBaseBoard.a(light.o)
 .text.I2CWrite
                0x00001888       0x5c C:\Users\Sherry Wong\Desktop\EE2024\assignment_2\Lib_EaBaseBoard\Debug\libLib_EaBaseBoard.a(light.o)
 .text.readControlReg
                0x000018e4       0x3c C:\Users\Sherry Wong\Desktop\EE2024\assignment_2\Lib_EaBaseBoard\Debug\libLib_EaBaseBoard.a(light.o)
 .text.light_enable
                0x00001920       0x48 C:\Users\Sherry Wong\Desktop\EE2024\assignment_2\Lib_EaBaseBoard\Debug\libLib_EaBaseBoard.a(light.o)
                0x00001920                light_enable
 .text.light_read
                0x00001968       0x90 C:\Users\Sherry Wong\Desktop\EE2024\assignment_2\Lib_EaBaseBoard\Debug\libLib_EaBaseBoard.a(light.o)
                0x00001968                light_read
 .text.light_setRange
                0x000019f8       0xac C:\Users\Sherry Wong\Desktop\EE2024\assignment_2\Lib_EaBaseBoard\Debug\libLib_EaBaseBoard.a(light.o)
                0x000019f8                light_setRange
 .text.writeCommand
                0x00001aa4       0x60 C:\Users\Sherry Wong\Desktop\EE2024\assignment_2\Lib_EaBaseBoard\Debug\libLib_EaBaseBoard.a(oled.o)
 .text.writeData
                0x00001b04       0x60 C:\Users\Sherry Wong\Desktop\EE2024\assignment_2\Lib_EaBaseBoard\Debug\libLib_EaBaseBoard.a(oled.o)
 .text.writeDataLen
                0x00001b64       0x8c C:\Users\Sherry Wong\Desktop\EE2024\assignment_2\Lib_EaBaseBoard\Debug\libLib_EaBaseBoard.a(oled.o)
 .text.runInitSequence
                0x00001bf0      0x118 C:\Users\Sherry Wong\Desktop\EE2024\assignment_2\Lib_EaBaseBoard\Debug\libLib_EaBaseBoard.a(oled.o)
 .text.oled_init
                0x00001d08       0x9c C:\Users\Sherry Wong\Desktop\EE2024\assignment_2\Lib_EaBaseBoard\Debug\libLib_EaBaseBoard.a(oled.o)
                0x00001d08                oled_init
 .text.oled_putPixel
                0x00001da4      0x188 C:\Users\Sherry Wong\Desktop\EE2024\assignment_2\Lib_EaBaseBoard\Debug\libLib_EaBaseBoard.a(oled.o)
                0x00001da4                oled_putPixel
 .text.oled_clearScreen
                0x00001f2c       0x74 C:\Users\Sherry Wong\Desktop\EE2024\assignment_2\Lib_EaBaseBoard\Debug\libLib_EaBaseBoard.a(oled.o)
                0x00001f2c                oled_clearScreen
 .text.oled_putChar
                0x00001fa0       0xf0 C:\Users\Sherry Wong\Desktop\EE2024\assignment_2\Lib_EaBaseBoard\Debug\libLib_EaBaseBoard.a(oled.o)
                0x00001fa0                oled_putChar
 .text.oled_putString
                0x00002090       0x54 C:\Users\Sherry Wong\Desktop\EE2024\assignment_2\Lib_EaBaseBoard\Debug\libLib_EaBaseBoard.a(oled.o)
                0x00002090                oled_putString
 .text.I2CWrite
                0x000020e4       0x5c C:\Users\Sherry Wong\Desktop\EE2024\assignment_2\Lib_EaBaseBoard\Debug\libLib_EaBaseBoard.a(pca9532.o)
 .text.setLsStates
                0x00002140       0xc4 C:\Users\Sherry Wong\Desktop\EE2024\assignment_2\Lib_EaBaseBoard\Debug\libLib_EaBaseBoard.a(pca9532.o)
 .text.setLeds  0x00002204       0xa0 C:\Users\Sherry Wong\Desktop\EE2024\assignment_2\Lib_EaBaseBoard\Debug\libLib_EaBaseBoard.a(pca9532.o)
 .text.pca9532_init
                0x000022a4        0xc C:\Users\Sherry Wong\Desktop\EE2024\assignment_2\Lib_EaBaseBoard\Debug\libLib_EaBaseBoard.a(pca9532.o)
                0x000022a4                pca9532_init
 .text.pca9532_setLeds
                0x000022b0       0xa0 C:\Users\Sherry Wong\Desktop\EE2024\assignment_2\Lib_EaBaseBoard\Debug\libLib_EaBaseBoard.a(pca9532.o)
                0x000022b0                pca9532_setLeds
 .text.temp_init
                0x00002350       0x2c C:\Users\Sherry Wong\Desktop\EE2024\assignment_2\Lib_EaBaseBoard\Debug\libLib_EaBaseBoard.a(temp.o)
                0x00002350                temp_init
 .text.temp_read
                0x0000237c      0x10c C:\Users\Sherry Wong\Desktop\EE2024\assignment_2\Lib_EaBaseBoard\Debug\libLib_EaBaseBoard.a(temp.o)
                0x0000237c                temp_read
 .text.GPIO_GetPointer
                0x00002488       0x7c C:\Users\Sherry Wong\Desktop\EE2024\assignment_2\Lib_MCU\Debug\libLib_MCU.a(lpc17xx_gpio.o)
 .text.GPIO_SetDir
                0x00002504       0x54 C:\Users\Sherry Wong\Desktop\EE2024\assignment_2\Lib_MCU\Debug\libLib_MCU.a(lpc17xx_gpio.o)
                0x00002504                GPIO_SetDir
 .text.GPIO_SetValue
                0x00002558       0x2c C:\Users\Sherry Wong\Desktop\EE2024\assignment_2\Lib_MCU\Debug\libLib_MCU.a(lpc17xx_gpio.o)
                0x00002558                GPIO_SetValue
 .text.GPIO_ClearValue
                0x00002584       0x2c C:\Users\Sherry Wong\Desktop\EE2024\assignment_2\Lib_MCU\Debug\libLib_MCU.a(lpc17xx_gpio.o)
                0x00002584                GPIO_ClearValue
 .text.GPIO_ReadValue
                0x000025b0       0x30 C:\Users\Sherry Wong\Desktop\EE2024\assignment_2\Lib_MCU\Debug\libLib_MCU.a(lpc17xx_gpio.o)
                0x000025b0                GPIO_ReadValue
 .text.NVIC_EnableIRQ
                0x000025e0       0x38 C:\Users\Sherry Wong\Desktop\EE2024\assignment_2\Lib_MCU\Debug\libLib_MCU.a(lpc17xx_i2c.o)
 .text.NVIC_DisableIRQ
                0x00002618       0x3c C:\Users\Sherry Wong\Desktop\EE2024\assignment_2\Lib_MCU\Debug\libLib_MCU.a(lpc17xx_i2c.o)
 .text.I2C_getNum
                0x00002654       0x54 C:\Users\Sherry Wong\Desktop\EE2024\assignment_2\Lib_MCU\Debug\libLib_MCU.a(lpc17xx_i2c.o)
 .text.I2C_Start
                0x000026a8       0x44 C:\Users\Sherry Wong\Desktop\EE2024\assignment_2\Lib_MCU\Debug\libLib_MCU.a(lpc17xx_i2c.o)
 .text.I2C_Stop
                0x000026ec       0x38 C:\Users\Sherry Wong\Desktop\EE2024\assignment_2\Lib_MCU\Debug\libLib_MCU.a(lpc17xx_i2c.o)
 .text.I2C_SendByte
                0x00002724       0x50 C:\Users\Sherry Wong\Desktop\EE2024\assignment_2\Lib_MCU\Debug\libLib_MCU.a(lpc17xx_i2c.o)
 .text.I2C_GetByte
                0x00002774       0x5c C:\Users\Sherry Wong\Desktop\EE2024\assignment_2\Lib_MCU\Debug\libLib_MCU.a(lpc17xx_i2c.o)
 .text.I2C_IntCmd
                0x000027d0       0xa8 C:\Users\Sherry Wong\Desktop\EE2024\assignment_2\Lib_MCU\Debug\libLib_MCU.a(lpc17xx_i2c.o)
                0x000027d0                I2C_IntCmd
 .text.I2C_MasterHandler
                0x00002878      0x408 C:\Users\Sherry Wong\Desktop\EE2024\assignment_2\Lib_MCU\Debug\libLib_MCU.a(lpc17xx_i2c.o)
                0x00002878                I2C_MasterHandler
 .text.I2C_SetClock
                0x00002c80       0xc8 C:\Users\Sherry Wong\Desktop\EE2024\assignment_2\Lib_MCU\Debug\libLib_MCU.a(lpc17xx_i2c.o)
                0x00002c80                I2C_SetClock
 .text.I2C_Init
                0x00002d48       0xd8 C:\Users\Sherry Wong\Desktop\EE2024\assignment_2\Lib_MCU\Debug\libLib_MCU.a(lpc17xx_i2c.o)
                0x00002d48                I2C_Init
 .text.I2C_Cmd  0x00002e20       0x84 C:\Users\Sherry Wong\Desktop\EE2024\assignment_2\Lib_MCU\Debug\libLib_MCU.a(lpc17xx_i2c.o)
                0x00002e20                I2C_Cmd
 .text.I2C_MasterTransferData
                0x00002ea4      0x390 C:\Users\Sherry Wong\Desktop\EE2024\assignment_2\Lib_MCU\Debug\libLib_MCU.a(lpc17xx_i2c.o)
                0x00002ea4                I2C_MasterTransferData
 .text.PINSEL_SetPinFunc
                0x00003234       0x9c C:\Users\Sherry Wong\Desktop\EE2024\assignment_2\Lib_MCU\Debug\libLib_MCU.a(lpc17xx_pinsel.o)
                0x00003234                PINSEL_SetPinFunc
 .text.PINSEL_SetResistorMode
                0x000032d0       0x9c C:\Users\Sherry Wong\Desktop\EE2024\assignment_2\Lib_MCU\Debug\libLib_MCU.a(lpc17xx_pinsel.o)
                0x000032d0                PINSEL_SetResistorMode
 .text.PINSEL_SetOpenDrainMode
                0x0000336c       0x7c C:\Users\Sherry Wong\Desktop\EE2024\assignment_2\Lib_MCU\Debug\libLib_MCU.a(lpc17xx_pinsel.o)
                0x0000336c                PINSEL_SetOpenDrainMode
 .text.PINSEL_ConfigPin
                0x000033e8       0x54 C:\Users\Sherry Wong\Desktop\EE2024\assignment_2\Lib_MCU\Debug\libLib_MCU.a(lpc17xx_pinsel.o)
                0x000033e8                PINSEL_ConfigPin
 .text.SSP_getNum
                0x0000343c       0x40 C:\Users\Sherry Wong\Desktop\EE2024\assignment_2\Lib_MCU\Debug\libLib_MCU.a(lpc17xx_ssp.o)
 .text.SSP_IntHandler
                0x0000347c      0x338 C:\Users\Sherry Wong\Desktop\EE2024\assignment_2\Lib_MCU\Debug\libLib_MCU.a(lpc17xx_ssp.o)
                0x0000347c                SSP_IntHandler
 .text.SSP_SetClock
                0x000037b4       0xf8 C:\Users\Sherry Wong\Desktop\EE2024\assignment_2\Lib_MCU\Debug\libLib_MCU.a(lpc17xx_ssp.o)
                0x000037b4                SSP_SetClock
 .text.SSP_Init
                0x000038ac      0x10c C:\Users\Sherry Wong\Desktop\EE2024\assignment_2\Lib_MCU\Debug\libLib_MCU.a(lpc17xx_ssp.o)
                0x000038ac                SSP_Init
 .text.SSP_ConfigStructInit
                0x000039b8       0x48 C:\Users\Sherry Wong\Desktop\EE2024\assignment_2\Lib_MCU\Debug\libLib_MCU.a(lpc17xx_ssp.o)
                0x000039b8                SSP_ConfigStructInit
 .text.SSP_Cmd  0x00003a00       0x7c C:\Users\Sherry Wong\Desktop\EE2024\assignment_2\Lib_MCU\Debug\libLib_MCU.a(lpc17xx_ssp.o)
                0x00003a00                SSP_Cmd
 .text.SSP_SendData
                0x00003a7c       0x48 C:\Users\Sherry Wong\Desktop\EE2024\assignment_2\Lib_MCU\Debug\libLib_MCU.a(lpc17xx_ssp.o)
                0x00003a7c                SSP_SendData
 .text.SSP_ReceiveData
                0x00003ac4       0x44 C:\Users\Sherry Wong\Desktop\EE2024\assignment_2\Lib_MCU\Debug\libLib_MCU.a(lpc17xx_ssp.o)
                0x00003ac4                SSP_ReceiveData
 .text.SSP_ReadWrite
                0x00003b08      0x440 C:\Users\Sherry Wong\Desktop\EE2024\assignment_2\Lib_MCU\Debug\libLib_MCU.a(lpc17xx_ssp.o)
                0x00003b08                SSP_ReadWrite
 .text.TIM_GetPClock
                0x00003f48       0x68 C:\Users\Sherry Wong\Desktop\EE2024\assignment_2\Lib_MCU\Debug\libLib_MCU.a(lpc17xx_timer.o)
                0x00003f48                TIM_GetPClock
 .text.TIM_ConverUSecToVal
                0x00003fb0       0x64 C:\Users\Sherry Wong\Desktop\EE2024\assignment_2\Lib_MCU\Debug\libLib_MCU.a(lpc17xx_timer.o)
                0x00003fb0                TIM_ConverUSecToVal
 .text.TIM_ConverPtrToTimeNum
                0x00004014       0x6c C:\Users\Sherry Wong\Desktop\EE2024\assignment_2\Lib_MCU\Debug\libLib_MCU.a(lpc17xx_timer.o)
                0x00004014                TIM_ConverPtrToTimeNum
 .text.TIM_GetIntStatus
                0x00004080       0xb4 C:\Users\Sherry Wong\Desktop\EE2024\assignment_2\Lib_MCU\Debug\libLib_MCU.a(lpc17xx_timer.o)
                0x00004080                TIM_GetIntStatus
 .text.TIM_ClearIntPending
                0x00004134       0xa0 C:\Users\Sherry Wong\Desktop\EE2024\assignment_2\Lib_MCU\Debug\libLib_MCU.a(lpc17xx_timer.o)
                0x00004134                TIM_ClearIntPending
 .text.TIM_Init
                0x000041d4      0x1bc C:\Users\Sherry Wong\Desktop\EE2024\assignment_2\Lib_MCU\Debug\libLib_MCU.a(lpc17xx_timer.o)
                0x000041d4                TIM_Init
 .text.TIM_Cmd  0x00004390       0x78 C:\Users\Sherry Wong\Desktop\EE2024\assignment_2\Lib_MCU\Debug\libLib_MCU.a(lpc17xx_timer.o)
                0x00004390                TIM_Cmd
 .text.TIM_ConfigMatch
                0x00004408      0x19c C:\Users\Sherry Wong\Desktop\EE2024\assignment_2\Lib_MCU\Debug\libLib_MCU.a(lpc17xx_timer.o)
                0x00004408                TIM_ConfigMatch
 .text.Timer0_Wait
                0x000045a4       0x8c C:\Users\Sherry Wong\Desktop\EE2024\assignment_2\Lib_MCU\Debug\libLib_MCU.a(lpc17xx_timer.o)
                0x000045a4                Timer0_Wait
 .text.Timer0_us_Wait
                0x00004630       0x8c C:\Users\Sherry Wong\Desktop\EE2024\assignment_2\Lib_MCU\Debug\libLib_MCU.a(lpc17xx_timer.o)
                0x00004630                Timer0_us_Wait
 .text.CLKPWR_SetPCLKDiv
                0x000046bc       0xcc C:\Users\Sherry Wong\Desktop\EE2024\assignment_2\Lib_MCU\Debug\libLib_MCU.a(lpc17xx_clkpwr.o)
                0x000046bc                CLKPWR_SetPCLKDiv
 .text.CLKPWR_GetPCLKSEL
                0x00004788       0x54 C:\Users\Sherry Wong\Desktop\EE2024\assignment_2\Lib_MCU\Debug\libLib_MCU.a(lpc17xx_clkpwr.o)
                0x00004788                CLKPWR_GetPCLKSEL
 .text.CLKPWR_GetPCLK
                0x000047dc       0x74 C:\Users\Sherry Wong\Desktop\EE2024\assignment_2\Lib_MCU\Debug\libLib_MCU.a(lpc17xx_clkpwr.o)
                0x000047dc                CLKPWR_GetPCLK
 .text.CLKPWR_ConfigPPWR
                0x00004850       0x78 C:\Users\Sherry Wong\Desktop\EE2024\assignment_2\Lib_MCU\Debug\libLib_MCU.a(lpc17xx_clkpwr.o)
                0x00004850                CLKPWR_ConfigPPWR
 .text          0x000048c8       0x2c c:/nxp/lpcxpresso_6.1.4_194/lpcxpresso/tools/bin/../lib/gcc/arm-none-eabi/4.6.2/armv7-m\libgcc.a(_aeabi_uldivmod.o)
                0x000048c8                __aeabi_uldivmod
 .text          0x000048f4       0x5c c:/nxp/lpcxpresso_6.1.4_194/lpcxpresso/tools/bin/../lib/gcc/arm-none-eabi/4.6.2/armv7-m\libgcc.a(bpabi.o)
                0x000048f4                __gnu_ldivmod_helper
                0x00004924                __gnu_uldivmod_helper
 .text          0x00004950        0x4 c:/nxp/lpcxpresso_6.1.4_194/lpcxpresso/tools/bin/../lib/gcc/arm-none-eabi/4.6.2/armv7-m\libgcc.a(_dvmd_tls.o)
                0x00004950                __aeabi_idiv0
                0x00004950                __aeabi_ldiv0
 .text          0x00004954      0x2c8 c:/nxp/lpcxpresso_6.1.4_194/lpcxpresso/tools/bin/../lib/gcc/arm-none-eabi/4.6.2/armv7-m\libgcc.a(_divdi3.o)
                0x00004954                __divdi3
 .text          0x00004c1c      0x298 c:/nxp/lpcxpresso_6.1.4_194/lpcxpresso/tools/bin/../lib/gcc/arm-none-eabi/4.6.2/armv7-m\libgcc.a(_udivdi3.o)
                0x00004c1c                __udivdi3
 .text.memcpy   0x00004eb4       0x84 c:/nxp/lpcxpresso_6.1.4_194/lpcxpresso/tools/bin/../lib/gcc/arm-none-eabi/4.6.2/../../../../arm-none-eabi/lib/armv7-m\libc.a(lib_a-memcpy.o)
                0x00004eb4                memcpy
 .text.memset   0x00004f38       0x90 c:/nxp/lpcxpresso_6.1.4_194/lpcxpresso/tools/bin/../lib/gcc/arm-none-eabi/4.6.2/../../../../arm-none-eabi/lib/armv7-m\libc.a(lib_a-memset.o)
                0x00004f38                memset
 .text.printf   0x00004fc8       0x2c c:/nxp/lpcxpresso_6.1.4_194/lpcxpresso/tools/bin/../lib/gcc/arm-none-eabi/4.6.2/../../../../arm-none-eabi/lib/armv7-m\libc.a(lib_a-printf.o)
                0x00004fc8                printf
 .text.sprintf  0x00004ff4       0x50 c:/nxp/lpcxpresso_6.1.4_194/lpcxpresso/tools/bin/../lib/gcc/arm-none-eabi/4.6.2/../../../../arm-none-eabi/lib/armv7-m\libc.a(lib_a-sprintf.o)
                0x00004ff4                sprintf
 .text.strlen   0x00005044       0x60 c:/nxp/lpcxpresso_6.1.4_194/lpcxpresso/tools/bin/../lib/gcc/arm-none-eabi/4.6.2/../../../../arm-none-eabi/lib/armv7-m\libc.a(lib_a-strlen.o)
                0x00005044                strlen
 .text._svfprintf_r
                0x000050a4     0x1408 c:/nxp/lpcxpresso_6.1.4_194/lpcxpresso/tools/bin/../lib/gcc/arm-none-eabi/4.6.2/../../../../arm-none-eabi/lib/armv7-m\libc.a(lib_a-svfprintf.o)
                0x000050a4                _svfprintf_r
 .text._vfprintf_r
                0x000064ac     0x171c c:/nxp/lpcxpresso_6.1.4_194/lpcxpresso/tools/bin/../lib/gcc/arm-none-eabi/4.6.2/../../../../arm-none-eabi/lib/armv7-m\libc.a(lib_a-vfprintf.o)
                0x000064ac                _vfprintf_r
 .text.__swsetup_r
                0x00007bc8       0xb8 c:/nxp/lpcxpresso_6.1.4_194/lpcxpresso/tools/bin/../lib/gcc/arm-none-eabi/4.6.2/../../../../arm-none-eabi/lib/armv7-m\libc.a(lib_a-wsetup.o)
                0x00007bc8                __swsetup_r
 .text.quorem   0x00007c80      0x150 c:/nxp/lpcxpresso_6.1.4_194/lpcxpresso/tools/bin/../lib/gcc/arm-none-eabi/4.6.2/../../../../arm-none-eabi/lib/armv7-m\libc.a(lib_a-dtoa.o)
 .text._dtoa_r  0x00007dd0      0xe60 c:/nxp/lpcxpresso_6.1.4_194/lpcxpresso/tools/bin/../lib/gcc/arm-none-eabi/4.6.2/../../../../arm-none-eabi/lib/armv7-m\libc.a(lib_a-dtoa.o)
                0x00007dd0                _dtoa_r
 .text._fflush_r
                0x00008c30      0x16c c:/nxp/lpcxpresso_6.1.4_194/lpcxpresso/tools/bin/../lib/gcc/arm-none-eabi/4.6.2/../../../../arm-none-eabi/lib/armv7-m\libc.a(lib_a-fflush.o)
                0x00008c30                _fflush_r
 .text._cleanup_r
                0x00008d9c        0xc c:/nxp/lpcxpresso_6.1.4_194/lpcxpresso/tools/bin/../lib/gcc/arm-none-eabi/4.6.2/../../../../arm-none-eabi/lib/armv7-m\libc.a(lib_a-findfp.o)
                0x00008d9c                _cleanup_r
 .text.std.isra.0
                0x00008da8       0x50 c:/nxp/lpcxpresso_6.1.4_194/lpcxpresso/tools/bin/../lib/gcc/arm-none-eabi/4.6.2/../../../../arm-none-eabi/lib/armv7-m\libc.a(lib_a-findfp.o)
 .text.__sinit  0x00008df8       0x4c c:/nxp/lpcxpresso_6.1.4_194/lpcxpresso/tools/bin/../lib/gcc/arm-none-eabi/4.6.2/../../../../arm-none-eabi/lib/armv7-m\libc.a(lib_a-findfp.o)
                0x00008df8                __sinit
 .text.__sfp_lock_acquire
                0x00008e44        0x4 c:/nxp/lpcxpresso_6.1.4_194/lpcxpresso/tools/bin/../lib/gcc/arm-none-eabi/4.6.2/../../../../arm-none-eabi/lib/armv7-m\libc.a(lib_a-findfp.o)
                0x00008e44                __sfp_lock_acquire
 .text.__sfp_lock_release
                0x00008e48        0x4 c:/nxp/lpcxpresso_6.1.4_194/lpcxpresso/tools/bin/../lib/gcc/arm-none-eabi/4.6.2/../../../../arm-none-eabi/lib/armv7-m\libc.a(lib_a-findfp.o)
                0x00008e48                __sfp_lock_release
 .text._malloc_trim_r
                0x00008e4c       0xa0 c:/nxp/lpcxpresso_6.1.4_194/lpcxpresso/tools/bin/../lib/gcc/arm-none-eabi/4.6.2/../../../../arm-none-eabi/lib/armv7-m\libc.a(lib_a-freer.o)
                0x00008e4c                _malloc_trim_r
 .text._free_r  0x00008eec      0x190 c:/nxp/lpcxpresso_6.1.4_194/lpcxpresso/tools/bin/../lib/gcc/arm-none-eabi/4.6.2/../../../../arm-none-eabi/lib/armv7-m\libc.a(lib_a-freer.o)
                0x00008eec                _free_r
 .text._fwalk   0x0000907c       0x54 c:/nxp/lpcxpresso_6.1.4_194/lpcxpresso/tools/bin/../lib/gcc/arm-none-eabi/4.6.2/../../../../arm-none-eabi/lib/armv7-m\libc.a(lib_a-fwalk.o)
                0x0000907c                _fwalk
 .text.__locale_charset
                0x000090d0        0xc c:/nxp/lpcxpresso_6.1.4_194/lpcxpresso/tools/bin/../lib/gcc/arm-none-eabi/4.6.2/../../../../arm-none-eabi/lib/armv7-m\libc.a(lib_a-locale.o)
                0x000090d0                __locale_charset
 .text.__locale_mb_cur_max
                0x000090dc        0xc c:/nxp/lpcxpresso_6.1.4_194/lpcxpresso/tools/bin/../lib/gcc/arm-none-eabi/4.6.2/../../../../arm-none-eabi/lib/armv7-m\libc.a(lib_a-locale.o)
                0x000090dc                __locale_mb_cur_max
 .text._localeconv_r
                0x000090e8        0xc c:/nxp/lpcxpresso_6.1.4_194/lpcxpresso/tools/bin/../lib/gcc/arm-none-eabi/4.6.2/../../../../arm-none-eabi/lib/armv7-m\libc.a(lib_a-locale.o)
                0x000090e8                _localeconv_r
 .text.__smakebuf_r
                0x000090f4       0xe0 c:/nxp/lpcxpresso_6.1.4_194/lpcxpresso/tools/bin/../lib/gcc/arm-none-eabi/4.6.2/../../../../arm-none-eabi/lib/armv7-m\libc.a(lib_a-makebuf.o)
                0x000090f4                __smakebuf_r
 .text._malloc_r
                0x000091d4      0x528 c:/nxp/lpcxpresso_6.1.4_194/lpcxpresso/tools/bin/../lib/gcc/arm-none-eabi/4.6.2/../../../../arm-none-eabi/lib/armv7-m\libc.a(lib_a-mallocr.o)
                0x000091d4                _malloc_r
 .text.memchr   0x000096fc       0x84 c:/nxp/lpcxpresso_6.1.4_194/lpcxpresso/tools/bin/../lib/gcc/arm-none-eabi/4.6.2/../../../../arm-none-eabi/lib/armv7-m\libc.a(lib_a-memchr.o)
                0x000096fc                memchr
 .text.__malloc_lock
                0x00009780        0x4 c:/nxp/lpcxpresso_6.1.4_194/lpcxpresso/tools/bin/../lib/gcc/arm-none-eabi/4.6.2/../../../../arm-none-eabi/lib/armv7-m\libc.a(lib_a-mlock.o)
                0x00009780                __malloc_lock
 .text.__malloc_unlock
                0x00009784        0x4 c:/nxp/lpcxpresso_6.1.4_194/lpcxpresso/tools/bin/../lib/gcc/arm-none-eabi/4.6.2/../../../../arm-none-eabi/lib/armv7-m\libc.a(lib_a-mlock.o)
                0x00009784                __malloc_unlock
 .text._Balloc  0x00009788       0x4c c:/nxp/lpcxpresso_6.1.4_194/lpcxpresso/tools/bin/../lib/gcc/arm-none-eabi/4.6.2/../../../../arm-none-eabi/lib/armv7-m\libc.a(lib_a-mprec.o)
                0x00009788                _Balloc
 .text._Bfree   0x000097d4       0x14 c:/nxp/lpcxpresso_6.1.4_194/lpcxpresso/tools/bin/../lib/gcc/arm-none-eabi/4.6.2/../../../../arm-none-eabi/lib/armv7-m\libc.a(lib_a-mprec.o)
                0x000097d4                _Bfree
 .text.__multadd
                0x000097e8       0x84 c:/nxp/lpcxpresso_6.1.4_194/lpcxpresso/tools/bin/../lib/gcc/arm-none-eabi/4.6.2/../../../../arm-none-eabi/lib/armv7-m\libc.a(lib_a-mprec.o)
                0x000097e8                __multadd
 .text.__hi0bits
                0x0000986c       0x3c c:/nxp/lpcxpresso_6.1.4_194/lpcxpresso/tools/bin/../lib/gcc/arm-none-eabi/4.6.2/../../../../arm-none-eabi/lib/armv7-m\libc.a(lib_a-mprec.o)
                0x0000986c                __hi0bits
 .text.__lo0bits
                0x000098a8       0x5c c:/nxp/lpcxpresso_6.1.4_194/lpcxpresso/tools/bin/../lib/gcc/arm-none-eabi/4.6.2/../../../../arm-none-eabi/lib/armv7-m\libc.a(lib_a-mprec.o)
                0x000098a8                __lo0bits
 .text.__i2b    0x00009904       0x14 c:/nxp/lpcxpresso_6.1.4_194/lpcxpresso/tools/bin/../lib/gcc/arm-none-eabi/4.6.2/../../../../arm-none-eabi/lib/armv7-m\libc.a(lib_a-mprec.o)
                0x00009904                __i2b
 .text.__multiply
                0x00009918      0x144 c:/nxp/lpcxpresso_6.1.4_194/lpcxpresso/tools/bin/../lib/gcc/arm-none-eabi/4.6.2/../../../../arm-none-eabi/lib/armv7-m\libc.a(lib_a-mprec.o)
                0x00009918                __multiply
 .text.__pow5mult
                0x00009a5c       0x98 c:/nxp/lpcxpresso_6.1.4_194/lpcxpresso/tools/bin/../lib/gcc/arm-none-eabi/4.6.2/../../../../arm-none-eabi/lib/armv7-m\libc.a(lib_a-mprec.o)
                0x00009a5c                __pow5mult
 .text.__lshift
                0x00009af4       0xc0 c:/nxp/lpcxpresso_6.1.4_194/lpcxpresso/tools/bin/../lib/gcc/arm-none-eabi/4.6.2/../../../../arm-none-eabi/lib/armv7-m\libc.a(lib_a-mprec.o)
                0x00009af4                __lshift
 .text.__mcmp   0x00009bb4       0x3c c:/nxp/lpcxpresso_6.1.4_194/lpcxpresso/tools/bin/../lib/gcc/arm-none-eabi/4.6.2/../../../../arm-none-eabi/lib/armv7-m\libc.a(lib_a-mprec.o)
                0x00009bb4                __mcmp
 .text.__mdiff  0x00009bf0       0xd8 c:/nxp/lpcxpresso_6.1.4_194/lpcxpresso/tools/bin/../lib/gcc/arm-none-eabi/4.6.2/../../../../arm-none-eabi/lib/armv7-m\libc.a(lib_a-mprec.o)
                0x00009bf0                __mdiff
 .text.__d2b    0x00009cc8       0xcc c:/nxp/lpcxpresso_6.1.4_194/lpcxpresso/tools/bin/../lib/gcc/arm-none-eabi/4.6.2/../../../../arm-none-eabi/lib/armv7-m\libc.a(lib_a-mprec.o)
                0x00009cc8                __d2b
 .text.__fpclassifyd
                0x00009d94       0x68 c:/nxp/lpcxpresso_6.1.4_194/lpcxpresso/tools/bin/../lib/gcc/arm-none-eabi/4.6.2/../../../../arm-none-eabi/lib/armv7-m\libc.a(lib_a-s_fpclassify.o)
                0x00009d94                __fpclassifyd
 .text._sbrk_r  0x00009dfc       0x24 c:/nxp/lpcxpresso_6.1.4_194/lpcxpresso/tools/bin/../lib/gcc/arm-none-eabi/4.6.2/../../../../arm-none-eabi/lib/armv7-m\libc.a(lib_a-sbrkr.o)
                0x00009dfc                _sbrk_r
 .text.__sread  0x00009e20       0x24 c:/nxp/lpcxpresso_6.1.4_194/lpcxpresso/tools/bin/../lib/gcc/arm-none-eabi/4.6.2/../../../../arm-none-eabi/lib/armv7-m\libc.a(lib_a-stdio.o)
                0x00009e20                __sread
 .text.__swrite
                0x00009e44       0x40 c:/nxp/lpcxpresso_6.1.4_194/lpcxpresso/tools/bin/../lib/gcc/arm-none-eabi/4.6.2/../../../../arm-none-eabi/lib/armv7-m\libc.a(lib_a-stdio.o)
                0x00009e44                __swrite
 .text.__sseek  0x00009e84       0x24 c:/nxp/lpcxpresso_6.1.4_194/lpcxpresso/tools/bin/../lib/gcc/arm-none-eabi/4.6.2/../../../../arm-none-eabi/lib/armv7-m\libc.a(lib_a-stdio.o)
                0x00009e84                __sseek
 .text.__sclose
                0x00009ea8        0x8 c:/nxp/lpcxpresso_6.1.4_194/lpcxpresso/tools/bin/../lib/gcc/arm-none-eabi/4.6.2/../../../../arm-none-eabi/lib/armv7-m\libc.a(lib_a-stdio.o)
                0x00009ea8                __sclose
 .text.__ssprint_r
                0x00009eb0       0xf8 c:/nxp/lpcxpresso_6.1.4_194/lpcxpresso/tools/bin/../lib/gcc/arm-none-eabi/4.6.2/../../../../arm-none-eabi/lib/armv7-m\libc.a(lib_a-svfiprintf.o)
                0x00009eb0                __ssprint_r
 .text.__sprint_r
                0x00009fa8       0x80 c:/nxp/lpcxpresso_6.1.4_194/lpcxpresso/tools/bin/../lib/gcc/arm-none-eabi/4.6.2/../../../../arm-none-eabi/lib/armv7-m\libc.a(lib_a-vfiprintf.o)
                0x00009fa8                __sprint_r
 .text._write_r
                0x0000a028       0x28 c:/nxp/lpcxpresso_6.1.4_194/lpcxpresso/tools/bin/../lib/gcc/arm-none-eabi/4.6.2/../../../../arm-none-eabi/lib/armv7-m\libc.a(lib_a-writer.o)
                0x0000a028                _write_r
 .text._calloc_r
                0x0000a050       0x60 c:/nxp/lpcxpresso_6.1.4_194/lpcxpresso/tools/bin/../lib/gcc/arm-none-eabi/4.6.2/../../../../arm-none-eabi/lib/armv7-m\libc.a(lib_a-callocr.o)
                0x0000a050                _calloc_r
 .text._close_r
                0x0000a0b0       0x24 c:/nxp/lpcxpresso_6.1.4_194/lpcxpresso/tools/bin/../lib/gcc/arm-none-eabi/4.6.2/../../../../arm-none-eabi/lib/armv7-m\libc.a(lib_a-closer.o)
                0x0000a0b0                _close_r
 .text._fclose_r
                0x0000a0d4       0x90 c:/nxp/lpcxpresso_6.1.4_194/lpcxpresso/tools/bin/../lib/gcc/arm-none-eabi/4.6.2/../../../../arm-none-eabi/lib/armv7-m\libc.a(lib_a-fclose.o)
                0x0000a0d4                _fclose_r
 .text.fclose   0x0000a164       0x14 c:/nxp/lpcxpresso_6.1.4_194/lpcxpresso/tools/bin/../lib/gcc/arm-none-eabi/4.6.2/../../../../arm-none-eabi/lib/armv7-m\libc.a(lib_a-fclose.o)
                0x0000a164                fclose
 .text._fputwc_r
                0x0000a178       0xd0 c:/nxp/lpcxpresso_6.1.4_194/lpcxpresso/tools/bin/../lib/gcc/arm-none-eabi/4.6.2/../../../../arm-none-eabi/lib/armv7-m\libc.a(lib_a-fputwc.o)
                0x0000a178                _fputwc_r
 .text._fstat_r
                0x0000a248       0x28 c:/nxp/lpcxpresso_6.1.4_194/lpcxpresso/tools/bin/../lib/gcc/arm-none-eabi/4.6.2/../../../../arm-none-eabi/lib/armv7-m\libc.a(lib_a-fstatr.o)
                0x0000a248                _fstat_r
 .text.__sfvwrite_r
                0x0000a270      0x2e8 c:/nxp/lpcxpresso_6.1.4_194/lpcxpresso/tools/bin/../lib/gcc/arm-none-eabi/4.6.2/../../../../arm-none-eabi/lib/armv7-m\libc.a(lib_a-fvwrite.o)
                0x0000a270                __sfvwrite_r
 .text._isatty_r
                0x0000a558       0x24 c:/nxp/lpcxpresso_6.1.4_194/lpcxpresso/tools/bin/../lib/gcc/arm-none-eabi/4.6.2/../../../../arm-none-eabi/lib/armv7-m\libc.a(lib_a-isattyr.o)
                0x0000a558                _isatty_r
 .text._lseek_r
                0x0000a57c       0x28 c:/nxp/lpcxpresso_6.1.4_194/lpcxpresso/tools/bin/../lib/gcc/arm-none-eabi/4.6.2/../../../../arm-none-eabi/lib/armv7-m\libc.a(lib_a-lseekr.o)
                0x0000a57c                _lseek_r
 .text.memmove  0x0000a5a4       0xb0 c:/nxp/lpcxpresso_6.1.4_194/lpcxpresso/tools/bin/../lib/gcc/arm-none-eabi/4.6.2/../../../../arm-none-eabi/lib/armv7-m\libc.a(lib_a-memmove.o)
                0x0000a5a4                memmove
 .text._read_r  0x0000a654       0x28 c:/nxp/lpcxpresso_6.1.4_194/lpcxpresso/tools/bin/../lib/gcc/arm-none-eabi/4.6.2/../../../../arm-none-eabi/lib/armv7-m\libc.a(lib_a-readr.o)
                0x0000a654                _read_r
 .text._realloc_r
                0x0000a67c      0x3f4 c:/nxp/lpcxpresso_6.1.4_194/lpcxpresso/tools/bin/../lib/gcc/arm-none-eabi/4.6.2/../../../../arm-none-eabi/lib/armv7-m\libc.a(lib_a-reallocr.o)
                0x0000a67c                _realloc_r
 .text.__swbuf_r
                0x0000aa70       0xc0 c:/nxp/lpcxpresso_6.1.4_194/lpcxpresso/tools/bin/../lib/gcc/arm-none-eabi/4.6.2/../../../../arm-none-eabi/lib/armv7-m\libc.a(lib_a-wbuf.o)
                0x0000aa70                __swbuf_r
 .text._wcrtomb_r
                0x0000ab30       0x4c c:/nxp/lpcxpresso_6.1.4_194/lpcxpresso/tools/bin/../lib/gcc/arm-none-eabi/4.6.2/../../../../arm-none-eabi/lib/armv7-m\libc.a(lib_a-wcrtomb.o)
                0x0000ab30                _wcrtomb_r
 .text.__ascii_wctomb
                0x0000ab7c       0x1c c:/nxp/lpcxpresso_6.1.4_194/lpcxpresso/tools/bin/../lib/gcc/arm-none-eabi/4.6.2/../../../../arm-none-eabi/lib/armv7-m\libc.a(lib_a-wctomb_r.o)
                0x0000ab7c                __ascii_wctomb
 .text._sbrk    0x0000ab98       0x3c c:/nxp/lpcxpresso_6.1.4_194/lpcxpresso/tools/bin/../lib/gcc/arm-none-eabi/4.6.2/../../../../arm-none-eabi/lib/armv7-m\libcr_newlib_semihost.a(_cr_sbrk.o)
                0x0000ab98                _sbrk
 .text.do_AngelSWI
                0x0000abd4       0x12 c:/nxp/lpcxpresso_6.1.4_194/lpcxpresso/tools/bin/../lib/gcc/arm-none-eabi/4.6.2/../../../../arm-none-eabi/lib/armv7-m\libcr_newlib_semihost.a(syscalls.o)
 *fill*         0x0000abe6        0x2 00
 .text.initialise_monitor_handles
                0x0000abe8       0x9c c:/nxp/lpcxpresso_6.1.4_194/lpcxpresso/tools/bin/../lib/gcc/arm-none-eabi/4.6.2/../../../../arm-none-eabi/lib/armv7-m\libcr_newlib_semihost.a(syscalls.o)
 .text.findslot
                0x0000ac84       0x2c c:/nxp/lpcxpresso_6.1.4_194/lpcxpresso/tools/bin/../lib/gcc/arm-none-eabi/4.6.2/../../../../arm-none-eabi/lib/armv7-m\libcr_newlib_semihost.a(syscalls.o)
 .text.error    0x0000acb0       0x18 c:/nxp/lpcxpresso_6.1.4_194/lpcxpresso/tools/bin/../lib/gcc/arm-none-eabi/4.6.2/../../../../arm-none-eabi/lib/armv7-m\libcr_newlib_semihost.a(syscalls.o)
 .text.checkerror
                0x0000acc8        0xc c:/nxp/lpcxpresso_6.1.4_194/lpcxpresso/tools/bin/../lib/gcc/arm-none-eabi/4.6.2/../../../../arm-none-eabi/lib/armv7-m\libcr_newlib_semihost.a(syscalls.o)
 .text._swiread
                0x0000acd4       0x18 c:/nxp/lpcxpresso_6.1.4_194/lpcxpresso/tools/bin/../lib/gcc/arm-none-eabi/4.6.2/../../../../arm-none-eabi/lib/armv7-m\libcr_newlib_semihost.a(syscalls.o)
                0x0000acd4                _swiread
 .text._read    0x0000acec       0x36 c:/nxp/lpcxpresso_6.1.4_194/lpcxpresso/tools/bin/../lib/gcc/arm-none-eabi/4.6.2/../../../../arm-none-eabi/lib/armv7-m\libcr_newlib_semihost.a(syscalls.o)
                0x0000acec                _read
 .text._swilseek
                0x0000ad22       0x76 c:/nxp/lpcxpresso_6.1.4_194/lpcxpresso/tools/bin/../lib/gcc/arm-none-eabi/4.6.2/../../../../arm-none-eabi/lib/armv7-m\libcr_newlib_semihost.a(syscalls.o)
                0x0000ad22                _swilseek
 .text._lseek   0x0000ad98        0x4 c:/nxp/lpcxpresso_6.1.4_194/lpcxpresso/tools/bin/../lib/gcc/arm-none-eabi/4.6.2/../../../../arm-none-eabi/lib/armv7-m\libcr_newlib_semihost.a(syscalls.o)
                0x0000ad98                _lseek
 .text._swiwrite
                0x0000ad9c       0x18 c:/nxp/lpcxpresso_6.1.4_194/lpcxpresso/tools/bin/../lib/gcc/arm-none-eabi/4.6.2/../../../../arm-none-eabi/lib/armv7-m\libcr_newlib_semihost.a(syscalls.o)
                0x0000ad9c                _swiwrite
 .text._write   0x0000adb4       0x46 c:/nxp/lpcxpresso_6.1.4_194/lpcxpresso/tools/bin/../lib/gcc/arm-none-eabi/4.6.2/../../../../arm-none-eabi/lib/armv7-m\libcr_newlib_semihost.a(syscalls.o)
                0x0000adb4                _write
 .text._swiclose
                0x0000adfa       0x14 c:/nxp/lpcxpresso_6.1.4_194/lpcxpresso/tools/bin/../lib/gcc/arm-none-eabi/4.6.2/../../../../arm-none-eabi/lib/armv7-m\libcr_newlib_semihost.a(syscalls.o)
                0x0000adfa                _swiclose
 *fill*         0x0000ae0e        0x2 00
 .text._close   0x0000ae10       0x48 c:/nxp/lpcxpresso_6.1.4_194/lpcxpresso/tools/bin/../lib/gcc/arm-none-eabi/4.6.2/../../../../arm-none-eabi/lib/armv7-m\libcr_newlib_semihost.a(syscalls.o)
                0x0000ae10                _close
 .text._swistat
                0x0000ae58       0x3e c:/nxp/lpcxpresso_6.1.4_194/lpcxpresso/tools/bin/../lib/gcc/arm-none-eabi/4.6.2/../../../../arm-none-eabi/lib/armv7-m\libcr_newlib_semihost.a(syscalls.o)
                0x0000ae58                _swistat
 .text._fstat   0x0000ae96       0x1c c:/nxp/lpcxpresso_6.1.4_194/lpcxpresso/tools/bin/../lib/gcc/arm-none-eabi/4.6.2/../../../../arm-none-eabi/lib/armv7-m\libcr_newlib_semihost.a(syscalls.o)
                0x0000ae96                _fstat
 .text._isatty  0x0000aeb2       0x26 c:/nxp/lpcxpresso_6.1.4_194/lpcxpresso/tools/bin/../lib/gcc/arm-none-eabi/4.6.2/../../../../arm-none-eabi/lib/armv7-m\libcr_newlib_semihost.a(syscalls.o)
                0x0000aeb2                _isatty
 .text.__check_heap_overflow
                0x0000aed8       0x2c c:/nxp/lpcxpresso_6.1.4_194/lpcxpresso/tools/bin/../lib/gcc/arm-none-eabi/4.6.2/../../../../arm-none-eabi/lib/armv7-m\libcr_newlib_semihost.a(_cr_check_heap.o)
                0x0000aed8                __check_heap_overflow
 .text          0x0000af04      0x370 c:/nxp/lpcxpresso_6.1.4_194/lpcxpresso/tools/bin/../lib/gcc/arm-none-eabi/4.6.2/armv7-m\libgcc.a(_arm_addsubdf3.o)
                0x0000af04                __aeabi_drsub
                0x0000af0c                __aeabi_dsub
                0x0000af0c                __subdf3
                0x0000af10                __aeabi_dadd
                0x0000af10                __adddf3
                0x0000b188                __floatunsidf
                0x0000b188                __aeabi_ui2d
                0x0000b1a8                __floatsidf
                0x0000b1a8                __aeabi_i2d
                0x0000b1cc                __aeabi_f2d
                0x0000b1cc                __extendsfdf2
                0x0000b208                __floatundidf
                0x0000b208                __aeabi_ul2d
                0x0000b218                __floatdidf
                0x0000b218                __aeabi_l2d
 .text          0x0000b274      0x424 c:/nxp/lpcxpresso_6.1.4_194/lpcxpresso/tools/bin/../lib/gcc/arm-none-eabi/4.6.2/armv7-m\libgcc.a(_arm_muldivdf3.o)
                0x0000b274                __aeabi_dmul
                0x0000b274                __muldf3
                0x0000b4c8                __divdf3
                0x0000b4c8                __aeabi_ddiv
 .text          0x0000b698      0x110 c:/nxp/lpcxpresso_6.1.4_194/lpcxpresso/tools/bin/../lib/gcc/arm-none-eabi/4.6.2/armv7-m\libgcc.a(_arm_cmpdf2.o)
                0x0000b698                __gtdf2
                0x0000b698                __gedf2
                0x0000b6a0                __ltdf2
                0x0000b6a0                __ledf2
                0x0000b6a8                __nedf2
                0x0000b6a8                __eqdf2
                0x0000b6a8                __cmpdf2
                0x0000b724                __aeabi_cdrcmple
                0x0000b734                __aeabi_cdcmpeq
                0x0000b734                __aeabi_cdcmple
                0x0000b744                __aeabi_dcmpeq
                0x0000b758                __aeabi_dcmplt
                0x0000b76c                __aeabi_dcmple
                0x0000b780                __aeabi_dcmpge
                0x0000b794                __aeabi_dcmpgt
 .text          0x0000b7a8       0x50 c:/nxp/lpcxpresso_6.1.4_194/lpcxpresso/tools/bin/../lib/gcc/arm-none-eabi/4.6.2/armv7-m\libgcc.a(_arm_fixdfsi.o)
                0x0000b7a8                __aeabi_d2iz
                0x0000b7a8                __fixdfsi
 .text.__errno  0x0000b7f8        0xc c:/nxp/lpcxpresso_6.1.4_194/lpcxpresso/tools/bin/../lib/gcc/arm-none-eabi/4.6.2/../../../../arm-none-eabi/lib/armv7-m\libc.a(lib_a-errno.o)
                0x0000b7f8                __errno
 *(.rodata .rodata.* .constdata .constdata.*)
 .rodata        0x0000b804       0x98 ./src/main.o
 .rodata        0x0000b89c        0x8 C:\Users\Sherry Wong\Desktop\EE2024\assignment_2\Lib_EaBaseBoard\Debug\libLib_EaBaseBoard.a(oled.o)
 .rodata        0x0000b8a4      0x300 C:\Users\Sherry Wong\Desktop\EE2024\assignment_2\Lib_EaBaseBoard\Debug\libLib_EaBaseBoard.a(font5x7.o)
                0x0000b8a4                font5x7
 .rodata        0x0000bba4       0x18 C:\Users\Sherry Wong\Desktop\EE2024\assignment_2\Lib_MCU\Debug\libLib_MCU.a(lpc17xx_i2c.o)
 .rodata        0x0000bbbc       0x18 C:\Users\Sherry Wong\Desktop\EE2024\assignment_2\Lib_MCU\Debug\libLib_MCU.a(lpc17xx_ssp.o)
 .rodata        0x0000bbd4       0x18 C:\Users\Sherry Wong\Desktop\EE2024\assignment_2\Lib_MCU\Debug\libLib_MCU.a(lpc17xx_timer.o)
 .rodata.zeroes.6590
                0x0000bbec       0x10 c:/nxp/lpcxpresso_6.1.4_194/lpcxpresso/tools/bin/../lib/gcc/arm-none-eabi/4.6.2/../../../../arm-none-eabi/lib/armv7-m\libc.a(lib_a-svfprintf.o)
 .rodata.str1.4
                0x0000bbfc       0x42 c:/nxp/lpcxpresso_6.1.4_194/lpcxpresso/tools/bin/../lib/gcc/arm-none-eabi/4.6.2/../../../../arm-none-eabi/lib/armv7-m\libc.a(lib_a-svfprintf.o)
                                 0x44 (size before relaxing)
 *fill*         0x0000bc3e        0x2 00
 .rodata.blanks.6589
                0x0000bc40       0x10 c:/nxp/lpcxpresso_6.1.4_194/lpcxpresso/tools/bin/../lib/gcc/arm-none-eabi/4.6.2/../../../../arm-none-eabi/lib/armv7-m\libc.a(lib_a-svfprintf.o)
 .rodata.zeroes.6605
                0x0000bc50       0x10 c:/nxp/lpcxpresso_6.1.4_194/lpcxpresso/tools/bin/../lib/gcc/arm-none-eabi/4.6.2/../../../../arm-none-eabi/lib/armv7-m\libc.a(lib_a-vfprintf.o)
 .rodata.str1.4
                0x00000000       0x44 c:/nxp/lpcxpresso_6.1.4_194/lpcxpresso/tools/bin/../lib/gcc/arm-none-eabi/4.6.2/../../../../arm-none-eabi/lib/armv7-m\libc.a(lib_a-vfprintf.o)
 .rodata.blanks.6604
                0x0000bc60       0x10 c:/nxp/lpcxpresso_6.1.4_194/lpcxpresso/tools/bin/../lib/gcc/arm-none-eabi/4.6.2/../../../../arm-none-eabi/lib/armv7-m\libc.a(lib_a-vfprintf.o)
 .rodata.str1.4
                0x0000bc70       0x10 c:/nxp/lpcxpresso_6.1.4_194/lpcxpresso/tools/bin/../lib/gcc/arm-none-eabi/4.6.2/../../../../arm-none-eabi/lib/armv7-m\libc.a(lib_a-dtoa.o)
                                 0x14 (size before relaxing)
 .rodata.str1.4
                0x0000bc80        0x2 c:/nxp/lpcxpresso_6.1.4_194/lpcxpresso/tools/bin/../lib/gcc/arm-none-eabi/4.6.2/../../../../arm-none-eabi/lib/armv7-m\libc.a(lib_a-impure.o)
                                  0x4 (size before relaxing)
 *fill*         0x0000bc82        0x2 00
 .rodata.str1.4
                0x0000bc84        0xc c:/nxp/lpcxpresso_6.1.4_194/lpcxpresso/tools/bin/../lib/gcc/arm-none-eabi/4.6.2/../../../../arm-none-eabi/lib/armv7-m\libc.a(lib_a-locale.o)
                                 0x14 (size before relaxing)
 .rodata.__mprec_tens
                0x0000bc90       0xc8 c:/nxp/lpcxpresso_6.1.4_194/lpcxpresso/tools/bin/../lib/gcc/arm-none-eabi/4.6.2/../../../../arm-none-eabi/lib/armv7-m\libc.a(lib_a-mprec.o)
                0x0000bc90                __mprec_tens
 .rodata.__mprec_bigtens
                0x0000bd58       0x28 c:/nxp/lpcxpresso_6.1.4_194/lpcxpresso/tools/bin/../lib/gcc/arm-none-eabi/4.6.2/../../../../arm-none-eabi/lib/armv7-m\libc.a(lib_a-mprec.o)
                0x0000bd58                __mprec_bigtens
 .rodata.p05.5111
                0x0000bd80        0xc c:/nxp/lpcxpresso_6.1.4_194/lpcxpresso/tools/bin/../lib/gcc/arm-none-eabi/4.6.2/../../../../arm-none-eabi/lib/armv7-m\libc.a(lib_a-mprec.o)
 .rodata.str1.1
                0x0000bd8c        0x4 c:/nxp/lpcxpresso_6.1.4_194/lpcxpresso/tools/bin/../lib/gcc/arm-none-eabi/4.6.2/../../../../arm-none-eabi/lib/armv7-m\libcr_newlib_semihost.a(syscalls.o)
                0x0000bd90                . = ALIGN (0x4)

.glue_7         0x0000bd90        0x0
 .glue_7        0x00000000        0x0 linker stubs

.glue_7t        0x0000bd90        0x0
 .glue_7t       0x00000000        0x0 linker stubs

.vfp11_veneer   0x0000bd90        0x0
 .vfp11_veneer  0x00000000        0x0 linker stubs

.v4_bx          0x0000bd90        0x0
 .v4_bx         0x00000000        0x0 linker stubs

.ARM.extab
 *(.ARM.extab* .gnu.linkonce.armextab.*)
                0x0000bd90                __exidx_start = .

.ARM.exidx      0x0000bd90        0x8
 *(.ARM.exidx* .gnu.linkonce.armexidx.*)
 .ARM.exidx     0x0000bd90        0x8 c:/nxp/lpcxpresso_6.1.4_194/lpcxpresso/tools/bin/../lib/gcc/arm-none-eabi/4.6.2/armv7-m\libgcc.a(_divdi3.o)
 .ARM.exidx     0x0000bd98        0x0 c:/nxp/lpcxpresso_6.1.4_194/lpcxpresso/tools/bin/../lib/gcc/arm-none-eabi/4.6.2/armv7-m\libgcc.a(_udivdi3.o)
                                  0x8 (size before relaxing)
                0x0000bd98                __exidx_end = .
                0x0000bd98                _etext = .

.data_RAM2      0x2007c000        0x0 load address 0x0000bd98
 FILL mask 0xff
 *(.data.$RAM2*)
 *(.data.$RamAHB32*)
                0x2007c000                . = ALIGN (0x4)

.uninit_RESERVED
                0x10000000        0x0
 *(.bss.$RESERVED*)
                0x10000000                . = ALIGN (0x4)
                0x10000000                _end_uninit_RESERVED = .

.data           0x10000000      0x93c load address 0x0000bd98
 FILL mask 0xff
                0x10000000                _data = .
 *(vtable)
 *(.data*)
 .data          0x10000000       0x44 ./src/main.o
 .data          0x10000044        0x4 C:\Users\Sherry Wong\Desktop\EE2024\assignment_2\Lib_CMSISv1p30_LPC17xx\Debug\libCMSISv1p30_LPC17xx.a(system_LPC17xx.o)
                0x10000044                SystemCoreClock
 .data          0x10000048       0x50 C:\Users\Sherry Wong\Desktop\EE2024\assignment_2\Lib_EaBaseBoard\Debug\libLib_EaBaseBoard.a(led7seg.o)
 .data          0x10000098        0x8 C:\Users\Sherry Wong\Desktop\EE2024\assignment_2\Lib_EaBaseBoard\Debug\libLib_EaBaseBoard.a(light.o)
 .data.impure_data
                0x100000a0      0x428 c:/nxp/lpcxpresso_6.1.4_194/lpcxpresso/tools/bin/../lib/gcc/arm-none-eabi/4.6.2/../../../../arm-none-eabi/lib/armv7-m\libc.a(lib_a-impure.o)
 .data._impure_ptr
                0x100004c8        0x4 c:/nxp/lpcxpresso_6.1.4_194/lpcxpresso/tools/bin/../lib/gcc/arm-none-eabi/4.6.2/../../../../arm-none-eabi/lib/armv7-m\libc.a(lib_a-impure.o)
                0x100004c8                _impure_ptr
 .data.lconv    0x100004cc       0x38 c:/nxp/lpcxpresso_6.1.4_194/lpcxpresso/tools/bin/../lib/gcc/arm-none-eabi/4.6.2/../../../../arm-none-eabi/lib/armv7-m\libc.a(lib_a-locale.o)
 .data.lc_ctype_charset
                0x10000504       0x20 c:/nxp/lpcxpresso_6.1.4_194/lpcxpresso/tools/bin/../lib/gcc/arm-none-eabi/4.6.2/../../../../arm-none-eabi/lib/armv7-m\libc.a(lib_a-locale.o)
 .data.__mb_cur_max
                0x10000524        0x4 c:/nxp/lpcxpresso_6.1.4_194/lpcxpresso/tools/bin/../lib/gcc/arm-none-eabi/4.6.2/../../../../arm-none-eabi/lib/armv7-m\libc.a(lib_a-locale.o)
                0x10000524                __mb_cur_max
 .data.__malloc_av_
                0x10000528      0x408 c:/nxp/lpcxpresso_6.1.4_194/lpcxpresso/tools/bin/../lib/gcc/arm-none-eabi/4.6.2/../../../../arm-none-eabi/lib/armv7-m\libc.a(lib_a-mallocr.o)
                0x10000528                __malloc_av_
 .data.__malloc_trim_threshold
                0x10000930        0x4 c:/nxp/lpcxpresso_6.1.4_194/lpcxpresso/tools/bin/../lib/gcc/arm-none-eabi/4.6.2/../../../../arm-none-eabi/lib/armv7-m\libc.a(lib_a-mallocr.o)
                0x10000930                __malloc_trim_threshold
 .data.__malloc_sbrk_base
                0x10000934        0x4 c:/nxp/lpcxpresso_6.1.4_194/lpcxpresso/tools/bin/../lib/gcc/arm-none-eabi/4.6.2/../../../../arm-none-eabi/lib/armv7-m\libc.a(lib_a-mallocr.o)
                0x10000934                __malloc_sbrk_base
 .data.__wctomb
                0x10000938        0x4 c:/nxp/lpcxpresso_6.1.4_194/lpcxpresso/tools/bin/../lib/gcc/arm-none-eabi/4.6.2/../../../../arm-none-eabi/lib/armv7-m\libc.a(lib_a-wctomb_r.o)
                0x10000938                __wctomb
                0x1000093c                . = ALIGN (0x4)
                0x1000093c                _edata = .

.bss_RAM2       0x2007c000        0x0
 *(.bss.$RAM2*)
 *(.bss.$RamAHB32*)
                0x2007c000                . = ALIGN (0x4)

.bss            0x1000093c      0x3dc
                0x1000093c                _bss = .
 *(.bss*)
 .bss           0x1000093c       0x20 ./src/main.o
                0x10000944                msTicks
 .bss           0x1000095c      0x300 C:\Users\Sherry Wong\Desktop\EE2024\assignment_2\Lib_EaBaseBoard\Debug\libLib_EaBaseBoard.a(oled.o)
 .bss           0x10000c5c        0x6 C:\Users\Sherry Wong\Desktop\EE2024\assignment_2\Lib_EaBaseBoard\Debug\libLib_EaBaseBoard.a(pca9532.o)
 *fill*         0x10000c62        0x2 00
 .bss           0x10000c64        0x4 C:\Users\Sherry Wong\Desktop\EE2024\assignment_2\Lib_EaBaseBoard\Debug\libLib_EaBaseBoard.a(temp.o)
 .bss           0x10000c68       0x24 C:\Users\Sherry Wong\Desktop\EE2024\assignment_2\Lib_MCU\Debug\libLib_MCU.a(lpc17xx_i2c.o)
 .bss           0x10000c8c       0x18 C:\Users\Sherry Wong\Desktop\EE2024\assignment_2\Lib_MCU\Debug\libLib_MCU.a(lpc17xx_ssp.o)
 .bss.__malloc_max_total_mem
                0x10000ca4        0x4 c:/nxp/lpcxpresso_6.1.4_194/lpcxpresso/tools/bin/../lib/gcc/arm-none-eabi/4.6.2/../../../../arm-none-eabi/lib/armv7-m\libc.a(lib_a-mallocr.o)
                0x10000ca4                __malloc_max_total_mem
 .bss.__malloc_max_sbrked_mem
                0x10000ca8        0x4 c:/nxp/lpcxpresso_6.1.4_194/lpcxpresso/tools/bin/../lib/gcc/arm-none-eabi/4.6.2/../../../../arm-none-eabi/lib/armv7-m\libc.a(lib_a-mallocr.o)
                0x10000ca8                __malloc_max_sbrked_mem
 .bss.__malloc_top_pad
                0x10000cac        0x4 c:/nxp/lpcxpresso_6.1.4_194/lpcxpresso/tools/bin/../lib/gcc/arm-none-eabi/4.6.2/../../../../arm-none-eabi/lib/armv7-m\libc.a(lib_a-mallocr.o)
                0x10000cac                __malloc_top_pad
 .bss.__malloc_current_mallinfo
                0x10000cb0       0x28 c:/nxp/lpcxpresso_6.1.4_194/lpcxpresso/tools/bin/../lib/gcc/arm-none-eabi/4.6.2/../../../../arm-none-eabi/lib/armv7-m\libc.a(lib_a-mallocr.o)
                0x10000cb0                __malloc_current_mallinfo
 .bss.monitor_stdout
                0x10000cd8        0x4 c:/nxp/lpcxpresso_6.1.4_194/lpcxpresso/tools/bin/../lib/gcc/arm-none-eabi/4.6.2/../../../../arm-none-eabi/lib/armv7-m\libcr_newlib_semihost.a(syscalls.o)
 .bss.monitor_stdin
                0x10000cdc        0x4 c:/nxp/lpcxpresso_6.1.4_194/lpcxpresso/tools/bin/../lib/gcc/arm-none-eabi/4.6.2/../../../../arm-none-eabi/lib/armv7-m\libcr_newlib_semihost.a(syscalls.o)
 .bss.initialized.2429
                0x10000ce0        0x4 c:/nxp/lpcxpresso_6.1.4_194/lpcxpresso/tools/bin/../lib/gcc/arm-none-eabi/4.6.2/../../../../arm-none-eabi/lib/armv7-m\libcr_newlib_semihost.a(syscalls.o)
 .bss.monitor_stderr
                0x10000ce4        0x4 c:/nxp/lpcxpresso_6.1.4_194/lpcxpresso/tools/bin/../lib/gcc/arm-none-eabi/4.6.2/../../../../arm-none-eabi/lib/armv7-m\libcr_newlib_semihost.a(syscalls.o)
 .bss.openfiles
                0x10000ce8       0x28 c:/nxp/lpcxpresso_6.1.4_194/lpcxpresso/tools/bin/../lib/gcc/arm-none-eabi/4.6.2/../../../../arm-none-eabi/lib/armv7-m\libcr_newlib_semihost.a(syscalls.o)
 *(COMMON)
 COMMON         0x10000d10        0x4 c:/nxp/lpcxpresso_6.1.4_194/lpcxpresso/tools/bin/../lib/gcc/arm-none-eabi/4.6.2/../../../../arm-none-eabi/lib/armv7-m\libc.a(lib_a-reent.o)
                0x10000d10                errno
 COMMON         0x10000d14        0x4 c:/nxp/lpcxpresso_6.1.4_194/lpcxpresso/tools/bin/../lib/gcc/arm-none-eabi/4.6.2/../../../../arm-none-eabi/lib/armv7-m\libcr_newlib_semihost.a(_cr_sbrk.o)
                0x10000d14                __end_of_heap
                0x10000d18                . = ALIGN (0x4)
                0x10000d18                _ebss = .
                0x10000d18                PROVIDE (end, .)

.noinit_RAM2    0x2007c000        0x0
 *(.noinit.$RAM2*)
 *(.noinit.$RamAHB32*)
                0x2007c000                . = ALIGN (0x4)

.noinit         0x10000d18        0x0
                0x10000d18                _noinit = .
 *(.noinit*)
                0x10000d18                . = ALIGN (0x4)
                0x10000d18                _end_noinit = .
                0x10000d18                PROVIDE (_pvHeapStart, .)
                0x10008000                PROVIDE (_vStackTop, (__top_RamLoc32 - 0x0))
OUTPUT(demo.axf elf32-littlearm)

.debug_info     0x00000000     0x91d4
 .debug_info    0x00000000      0x209 ./src/cr_startup_lpc17.o
 .debug_info    0x00000209     0x13b0 ./src/main.o
 .debug_info    0x000015b9      0x357 C:\Users\Sherry Wong\Desktop\EE2024\assignment_2\Lib_CMSISv1p30_LPC17xx\Debug\libCMSISv1p30_LPC17xx.a(system_LPC17xx.o)
 .debug_info    0x00001910      0x53d C:\Users\Sherry Wong\Desktop\EE2024\assignment_2\Lib_EaBaseBoard\Debug\libLib_EaBaseBoard.a(acc.o)
 .debug_info    0x00001e4d      0x10f C:\Users\Sherry Wong\Desktop\EE2024\assignment_2\Lib_EaBaseBoard\Debug\libLib_EaBaseBoard.a(joystick.o)
 .debug_info    0x00001f5c      0x282 C:\Users\Sherry Wong\Desktop\EE2024\assignment_2\Lib_EaBaseBoard\Debug\libLib_EaBaseBoard.a(led7seg.o)
 .debug_info    0x000021de      0x763 C:\Users\Sherry Wong\Desktop\EE2024\assignment_2\Lib_EaBaseBoard\Debug\libLib_EaBaseBoard.a(light.o)
 .debug_info    0x00002941      0x97d C:\Users\Sherry Wong\Desktop\EE2024\assignment_2\Lib_EaBaseBoard\Debug\libLib_EaBaseBoard.a(oled.o)
 .debug_info    0x000032be      0x642 C:\Users\Sherry Wong\Desktop\EE2024\assignment_2\Lib_EaBaseBoard\Debug\libLib_EaBaseBoard.a(pca9532.o)
 .debug_info    0x00003900      0x154 C:\Users\Sherry Wong\Desktop\EE2024\assignment_2\Lib_EaBaseBoard\Debug\libLib_EaBaseBoard.a(temp.o)
 .debug_info    0x00003a54       0x65 C:\Users\Sherry Wong\Desktop\EE2024\assignment_2\Lib_EaBaseBoard\Debug\libLib_EaBaseBoard.a(font5x7.o)
 .debug_info    0x00003ab9      0xb95 C:\Users\Sherry Wong\Desktop\EE2024\assignment_2\Lib_MCU\Debug\libLib_MCU.a(lpc17xx_gpio.o)
 .debug_info    0x0000464e      0xcc3 C:\Users\Sherry Wong\Desktop\EE2024\assignment_2\Lib_MCU\Debug\libLib_MCU.a(lpc17xx_i2c.o)
 .debug_info    0x00005311      0x4b1 C:\Users\Sherry Wong\Desktop\EE2024\assignment_2\Lib_MCU\Debug\libLib_MCU.a(lpc17xx_pinsel.o)
 .debug_info    0x000057c2      0x867 C:\Users\Sherry Wong\Desktop\EE2024\assignment_2\Lib_MCU\Debug\libLib_MCU.a(lpc17xx_ssp.o)
 .debug_info    0x00006029      0x8e4 C:\Users\Sherry Wong\Desktop\EE2024\assignment_2\Lib_MCU\Debug\libLib_MCU.a(lpc17xx_timer.o)
 .debug_info    0x0000690d     0x14df C:\Users\Sherry Wong\Desktop\EE2024\assignment_2\Lib_MCU\Debug\libLib_MCU.a(lpc17xx_uart.o)
 .debug_info    0x00007dec      0x641 C:\Users\Sherry Wong\Desktop\EE2024\assignment_2\Lib_MCU\Debug\libLib_MCU.a(lpc17xx_clkpwr.o)
 .debug_info    0x0000842d      0x106 c:/nxp/lpcxpresso_6.1.4_194/lpcxpresso/tools/bin/../lib/gcc/arm-none-eabi/4.6.2/../../../../arm-none-eabi/lib/armv7-m\libcr_newlib_semihost.a(_cr_sbrk.o)
 .debug_info    0x00008533      0xbec c:/nxp/lpcxpresso_6.1.4_194/lpcxpresso/tools/bin/../lib/gcc/arm-none-eabi/4.6.2/../../../../arm-none-eabi/lib/armv7-m\libcr_newlib_semihost.a(syscalls.o)
 .debug_info    0x0000911f       0xb5 c:/nxp/lpcxpresso_6.1.4_194/lpcxpresso/tools/bin/../lib/gcc/arm-none-eabi/4.6.2/../../../../arm-none-eabi/lib/armv7-m\libcr_newlib_semihost.a(_cr_check_heap.o)

.debug_abbrev   0x00000000     0x1d9a
 .debug_abbrev  0x00000000       0xb4 ./src/cr_startup_lpc17.o
 .debug_abbrev  0x000000b4      0x2c1 ./src/main.o
 .debug_abbrev  0x00000375       0xce C:\Users\Sherry Wong\Desktop\EE2024\assignment_2\Lib_CMSISv1p30_LPC17xx\Debug\libCMSISv1p30_LPC17xx.a(system_LPC17xx.o)
 .debug_abbrev  0x00000443      0x15c C:\Users\Sherry Wong\Desktop\EE2024\assignment_2\Lib_EaBaseBoard\Debug\libLib_EaBaseBoard.a(acc.o)
 .debug_abbrev  0x0000059f       0x90 C:\Users\Sherry Wong\Desktop\EE2024\assignment_2\Lib_EaBaseBoard\Debug\libLib_EaBaseBoard.a(joystick.o)
 .debug_abbrev  0x0000062f      0x155 C:\Users\Sherry Wong\Desktop\EE2024\assignment_2\Lib_EaBaseBoard\Debug\libLib_EaBaseBoard.a(led7seg.o)
 .debug_abbrev  0x00000784      0x1bd C:\Users\Sherry Wong\Desktop\EE2024\assignment_2\Lib_EaBaseBoard\Debug\libLib_EaBaseBoard.a(light.o)
 .debug_abbrev  0x00000941      0x1f1 C:\Users\Sherry Wong\Desktop\EE2024\assignment_2\Lib_EaBaseBoard\Debug\libLib_EaBaseBoard.a(oled.o)
 .debug_abbrev  0x00000b32      0x1aa C:\Users\Sherry Wong\Desktop\EE2024\assignment_2\Lib_EaBaseBoard\Debug\libLib_EaBaseBoard.a(pca9532.o)
 .debug_abbrev  0x00000cdc       0xc2 C:\Users\Sherry Wong\Desktop\EE2024\assignment_2\Lib_EaBaseBoard\Debug\libLib_EaBaseBoard.a(temp.o)
 .debug_abbrev  0x00000d9e       0x4b C:\Users\Sherry Wong\Desktop\EE2024\assignment_2\Lib_EaBaseBoard\Debug\libLib_EaBaseBoard.a(font5x7.o)
 .debug_abbrev  0x00000de9      0x185 C:\Users\Sherry Wong\Desktop\EE2024\assignment_2\Lib_MCU\Debug\libLib_MCU.a(lpc17xx_gpio.o)
 .debug_abbrev  0x00000f6e      0x24a C:\Users\Sherry Wong\Desktop\EE2024\assignment_2\Lib_MCU\Debug\libLib_MCU.a(lpc17xx_i2c.o)
 .debug_abbrev  0x000011b8      0x10a C:\Users\Sherry Wong\Desktop\EE2024\assignment_2\Lib_MCU\Debug\libLib_MCU.a(lpc17xx_pinsel.o)
 .debug_abbrev  0x000012c2      0x1d3 C:\Users\Sherry Wong\Desktop\EE2024\assignment_2\Lib_MCU\Debug\libLib_MCU.a(lpc17xx_ssp.o)
 .debug_abbrev  0x00001495      0x19f C:\Users\Sherry Wong\Desktop\EE2024\assignment_2\Lib_MCU\Debug\libLib_MCU.a(lpc17xx_timer.o)
 .debug_abbrev  0x00001634      0x259 C:\Users\Sherry Wong\Desktop\EE2024\assignment_2\Lib_MCU\Debug\libLib_MCU.a(lpc17xx_uart.o)
 .debug_abbrev  0x0000188d      0x174 C:\Users\Sherry Wong\Desktop\EE2024\assignment_2\Lib_MCU\Debug\libLib_MCU.a(lpc17xx_clkpwr.o)
 .debug_abbrev  0x00001a01       0xa8 c:/nxp/lpcxpresso_6.1.4_194/lpcxpresso/tools/bin/../lib/gcc/arm-none-eabi/4.6.2/../../../../arm-none-eabi/lib/armv7-m\libcr_newlib_semihost.a(_cr_sbrk.o)
 .debug_abbrev  0x00001aa9      0x27f c:/nxp/lpcxpresso_6.1.4_194/lpcxpresso/tools/bin/../lib/gcc/arm-none-eabi/4.6.2/../../../../arm-none-eabi/lib/armv7-m\libcr_newlib_semihost.a(syscalls.o)
 .debug_abbrev  0x00001d28       0x72 c:/nxp/lpcxpresso_6.1.4_194/lpcxpresso/tools/bin/../lib/gcc/arm-none-eabi/4.6.2/../../../../arm-none-eabi/lib/armv7-m\libcr_newlib_semihost.a(_cr_check_heap.o)

.debug_loc      0x00000000     0x3be4
 .debug_loc     0x00000000      0x1f0 ./src/cr_startup_lpc17.o
 .debug_loc     0x000001f0      0x5d2 ./src/main.o
 .debug_loc     0x000007c2       0x58 C:\Users\Sherry Wong\Desktop\EE2024\assignment_2\Lib_CMSISv1p30_LPC17xx\Debug\libCMSISv1p30_LPC17xx.a(system_LPC17xx.o)
 .debug_loc     0x0000081a      0x1f0 C:\Users\Sherry Wong\Desktop\EE2024\assignment_2\Lib_EaBaseBoard\Debug\libLib_EaBaseBoard.a(acc.o)
 .debug_loc     0x00000a0a       0x64 C:\Users\Sherry Wong\Desktop\EE2024\assignment_2\Lib_EaBaseBoard\Debug\libLib_EaBaseBoard.a(joystick.o)
 .debug_loc     0x00000a6e       0x64 C:\Users\Sherry Wong\Desktop\EE2024\assignment_2\Lib_EaBaseBoard\Debug\libLib_EaBaseBoard.a(led7seg.o)
 .debug_loc     0x00000ad2      0x378 C:\Users\Sherry Wong\Desktop\EE2024\assignment_2\Lib_EaBaseBoard\Debug\libLib_EaBaseBoard.a(light.o)
 .debug_loc     0x00000e4a      0x33e C:\Users\Sherry Wong\Desktop\EE2024\assignment_2\Lib_EaBaseBoard\Debug\libLib_EaBaseBoard.a(oled.o)
 .debug_loc     0x00001188      0x2d0 C:\Users\Sherry Wong\Desktop\EE2024\assignment_2\Lib_EaBaseBoard\Debug\libLib_EaBaseBoard.a(pca9532.o)
 .debug_loc     0x00001458       0x70 C:\Users\Sherry Wong\Desktop\EE2024\assignment_2\Lib_EaBaseBoard\Debug\libLib_EaBaseBoard.a(temp.o)
 .debug_loc     0x000014c8      0x4d0 C:\Users\Sherry Wong\Desktop\EE2024\assignment_2\Lib_MCU\Debug\libLib_MCU.a(lpc17xx_gpio.o)
 .debug_loc     0x00001998      0x4e4 C:\Users\Sherry Wong\Desktop\EE2024\assignment_2\Lib_MCU\Debug\libLib_MCU.a(lpc17xx_i2c.o)
 .debug_loc     0x00001e7c      0x150 C:\Users\Sherry Wong\Desktop\EE2024\assignment_2\Lib_MCU\Debug\libLib_MCU.a(lpc17xx_pinsel.o)
 .debug_loc     0x00001fcc      0x448 C:\Users\Sherry Wong\Desktop\EE2024\assignment_2\Lib_MCU\Debug\libLib_MCU.a(lpc17xx_ssp.o)
 .debug_loc     0x00002414      0x3b8 C:\Users\Sherry Wong\Desktop\EE2024\assignment_2\Lib_MCU\Debug\libLib_MCU.a(lpc17xx_timer.o)
 .debug_loc     0x000027cc      0x77a C:\Users\Sherry Wong\Desktop\EE2024\assignment_2\Lib_MCU\Debug\libLib_MCU.a(lpc17xx_uart.o)
 .debug_loc     0x00002f46      0x1bc C:\Users\Sherry Wong\Desktop\EE2024\assignment_2\Lib_MCU\Debug\libLib_MCU.a(lpc17xx_clkpwr.o)
 .debug_loc     0x00003102       0x55 c:/nxp/lpcxpresso_6.1.4_194/lpcxpresso/tools/bin/../lib/gcc/arm-none-eabi/4.6.2/../../../../arm-none-eabi/lib/armv7-m\libcr_newlib_semihost.a(_cr_sbrk.o)
 .debug_loc     0x00003157      0xa64 c:/nxp/lpcxpresso_6.1.4_194/lpcxpresso/tools/bin/../lib/gcc/arm-none-eabi/4.6.2/../../../../arm-none-eabi/lib/armv7-m\libcr_newlib_semihost.a(syscalls.o)
 .debug_loc     0x00003bbb       0x29 c:/nxp/lpcxpresso_6.1.4_194/lpcxpresso/tools/bin/../lib/gcc/arm-none-eabi/4.6.2/../../../../arm-none-eabi/lib/armv7-m\libcr_newlib_semihost.a(_cr_check_heap.o)

.debug_aranges  0x00000000      0xa08
 .debug_aranges
                0x00000000       0x70 ./src/cr_startup_lpc17.o
 .debug_aranges
                0x00000070       0xf8 ./src/main.o
 .debug_aranges
                0x00000168       0x28 C:\Users\Sherry Wong\Desktop\EE2024\assignment_2\Lib_CMSISv1p30_LPC17xx\Debug\libCMSISv1p30_LPC17xx.a(system_LPC17xx.o)
 .debug_aranges
                0x00000190       0x60 C:\Users\Sherry Wong\Desktop\EE2024\assignment_2\Lib_EaBaseBoard\Debug\libLib_EaBaseBoard.a(acc.o)
 .debug_aranges
                0x000001f0       0x28 C:\Users\Sherry Wong\Desktop\EE2024\assignment_2\Lib_EaBaseBoard\Debug\libLib_EaBaseBoard.a(joystick.o)
 .debug_aranges
                0x00000218       0x28 C:\Users\Sherry Wong\Desktop\EE2024\assignment_2\Lib_EaBaseBoard\Debug\libLib_EaBaseBoard.a(led7seg.o)
 .debug_aranges
                0x00000240       0x98 C:\Users\Sherry Wong\Desktop\EE2024\assignment_2\Lib_EaBaseBoard\Debug\libLib_EaBaseBoard.a(light.o)
 .debug_aranges
                0x000002d8       0x90 C:\Users\Sherry Wong\Desktop\EE2024\assignment_2\Lib_EaBaseBoard\Debug\libLib_EaBaseBoard.a(oled.o)
 .debug_aranges
                0x00000368       0x80 C:\Users\Sherry Wong\Desktop\EE2024\assignment_2\Lib_EaBaseBoard\Debug\libLib_EaBaseBoard.a(pca9532.o)
 .debug_aranges
                0x000003e8       0x28 C:\Users\Sherry Wong\Desktop\EE2024\assignment_2\Lib_EaBaseBoard\Debug\libLib_EaBaseBoard.a(temp.o)
 .debug_aranges
                0x00000410       0xc8 C:\Users\Sherry Wong\Desktop\EE2024\assignment_2\Lib_MCU\Debug\libLib_MCU.a(lpc17xx_gpio.o)
 .debug_aranges
                0x000004d8       0xd0 C:\Users\Sherry Wong\Desktop\EE2024\assignment_2\Lib_MCU\Debug\libLib_MCU.a(lpc17xx_i2c.o)
 .debug_aranges
                0x000005a8       0x48 C:\Users\Sherry Wong\Desktop\EE2024\assignment_2\Lib_MCU\Debug\libLib_MCU.a(lpc17xx_pinsel.o)
 .debug_aranges
                0x000005f0       0xb8 C:\Users\Sherry Wong\Desktop\EE2024\assignment_2\Lib_MCU\Debug\libLib_MCU.a(lpc17xx_ssp.o)
 .debug_aranges
                0x000006a8       0xa0 C:\Users\Sherry Wong\Desktop\EE2024\assignment_2\Lib_MCU\Debug\libLib_MCU.a(lpc17xx_timer.o)
 .debug_aranges
                0x00000748      0x130 C:\Users\Sherry Wong\Desktop\EE2024\assignment_2\Lib_MCU\Debug\libLib_MCU.a(lpc17xx_uart.o)
 .debug_aranges
                0x00000878       0x60 C:\Users\Sherry Wong\Desktop\EE2024\assignment_2\Lib_MCU\Debug\libLib_MCU.a(lpc17xx_clkpwr.o)
 .debug_aranges
                0x000008d8       0x20 c:/nxp/lpcxpresso_6.1.4_194/lpcxpresso/tools/bin/../lib/gcc/arm-none-eabi/4.6.2/../../../../arm-none-eabi/lib/armv7-m\libcr_newlib_semihost.a(_cr_sbrk.o)
 .debug_aranges
                0x000008f8       0xf0 c:/nxp/lpcxpresso_6.1.4_194/lpcxpresso/tools/bin/../lib/gcc/arm-none-eabi/4.6.2/../../../../arm-none-eabi/lib/armv7-m\libcr_newlib_semihost.a(syscalls.o)
 .debug_aranges
                0x000009e8       0x20 c:/nxp/lpcxpresso_6.1.4_194/lpcxpresso/tools/bin/../lib/gcc/arm-none-eabi/4.6.2/../../../../arm-none-eabi/lib/armv7-m\libcr_newlib_semihost.a(_cr_check_heap.o)

.debug_ranges   0x00000000      0x928
 .debug_ranges  0x00000000       0x60 ./src/cr_startup_lpc17.o
 .debug_ranges  0x00000060       0xe8 ./src/main.o
 .debug_ranges  0x00000148       0x18 C:\Users\Sherry Wong\Desktop\EE2024\assignment_2\Lib_CMSISv1p30_LPC17xx\Debug\libCMSISv1p30_LPC17xx.a(system_LPC17xx.o)
 .debug_ranges  0x00000160       0x50 C:\Users\Sherry Wong\Desktop\EE2024\assignment_2\Lib_EaBaseBoard\Debug\libLib_EaBaseBoard.a(acc.o)
 .debug_ranges  0x000001b0       0x18 C:\Users\Sherry Wong\Desktop\EE2024\assignment_2\Lib_EaBaseBoard\Debug\libLib_EaBaseBoard.a(joystick.o)
 .debug_ranges  0x000001c8       0x18 C:\Users\Sherry Wong\Desktop\EE2024\assignment_2\Lib_EaBaseBoard\Debug\libLib_EaBaseBoard.a(led7seg.o)
 .debug_ranges  0x000001e0       0x88 C:\Users\Sherry Wong\Desktop\EE2024\assignment_2\Lib_EaBaseBoard\Debug\libLib_EaBaseBoard.a(light.o)
 .debug_ranges  0x00000268       0x80 C:\Users\Sherry Wong\Desktop\EE2024\assignment_2\Lib_EaBaseBoard\Debug\libLib_EaBaseBoard.a(oled.o)
 .debug_ranges  0x000002e8       0x70 C:\Users\Sherry Wong\Desktop\EE2024\assignment_2\Lib_EaBaseBoard\Debug\libLib_EaBaseBoard.a(pca9532.o)
 .debug_ranges  0x00000358       0x18 C:\Users\Sherry Wong\Desktop\EE2024\assignment_2\Lib_EaBaseBoard\Debug\libLib_EaBaseBoard.a(temp.o)
 .debug_ranges  0x00000370       0xb8 C:\Users\Sherry Wong\Desktop\EE2024\assignment_2\Lib_MCU\Debug\libLib_MCU.a(lpc17xx_gpio.o)
 .debug_ranges  0x00000428       0xc0 C:\Users\Sherry Wong\Desktop\EE2024\assignment_2\Lib_MCU\Debug\libLib_MCU.a(lpc17xx_i2c.o)
 .debug_ranges  0x000004e8       0x38 C:\Users\Sherry Wong\Desktop\EE2024\assignment_2\Lib_MCU\Debug\libLib_MCU.a(lpc17xx_pinsel.o)
 .debug_ranges  0x00000520       0xa8 C:\Users\Sherry Wong\Desktop\EE2024\assignment_2\Lib_MCU\Debug\libLib_MCU.a(lpc17xx_ssp.o)
 .debug_ranges  0x000005c8       0x90 C:\Users\Sherry Wong\Desktop\EE2024\assignment_2\Lib_MCU\Debug\libLib_MCU.a(lpc17xx_timer.o)
 .debug_ranges  0x00000658      0x120 C:\Users\Sherry Wong\Desktop\EE2024\assignment_2\Lib_MCU\Debug\libLib_MCU.a(lpc17xx_uart.o)
 .debug_ranges  0x00000778       0x50 C:\Users\Sherry Wong\Desktop\EE2024\assignment_2\Lib_MCU\Debug\libLib_MCU.a(lpc17xx_clkpwr.o)
 .debug_ranges  0x000007c8       0x10 c:/nxp/lpcxpresso_6.1.4_194/lpcxpresso/tools/bin/../lib/gcc/arm-none-eabi/4.6.2/../../../../arm-none-eabi/lib/armv7-m\libcr_newlib_semihost.a(_cr_sbrk.o)
 .debug_ranges  0x000007d8      0x140 c:/nxp/lpcxpresso_6.1.4_194/lpcxpresso/tools/bin/../lib/gcc/arm-none-eabi/4.6.2/../../../../arm-none-eabi/lib/armv7-m\libcr_newlib_semihost.a(syscalls.o)
 .debug_ranges  0x00000918       0x10 c:/nxp/lpcxpresso_6.1.4_194/lpcxpresso/tools/bin/../lib/gcc/arm-none-eabi/4.6.2/../../../../arm-none-eabi/lib/armv7-m\libcr_newlib_semihost.a(_cr_check_heap.o)

.debug_line     0x00000000     0x6d0e
 .debug_line    0x00000000      0x36c ./src/cr_startup_lpc17.o
 .debug_line    0x0000036c      0x7ad ./src/main.o
 .debug_line    0x00000b19      0x40b C:\Users\Sherry Wong\Desktop\EE2024\assignment_2\Lib_CMSISv1p30_LPC17xx\Debug\libCMSISv1p30_LPC17xx.a(system_LPC17xx.o)
 .debug_line    0x00000f24      0x4ee C:\Users\Sherry Wong\Desktop\EE2024\assignment_2\Lib_EaBaseBoard\Debug\libLib_EaBaseBoard.a(acc.o)
 .debug_line    0x00001412      0x459 C:\Users\Sherry Wong\Desktop\EE2024\assignment_2\Lib_EaBaseBoard\Debug\libLib_EaBaseBoard.a(joystick.o)
 .debug_line    0x0000186b      0x469 C:\Users\Sherry Wong\Desktop\EE2024\assignment_2\Lib_EaBaseBoard\Debug\libLib_EaBaseBoard.a(led7seg.o)
 .debug_line    0x00001cd4      0x59a C:\Users\Sherry Wong\Desktop\EE2024\assignment_2\Lib_EaBaseBoard\Debug\libLib_EaBaseBoard.a(light.o)
 .debug_line    0x0000226e      0x773 C:\Users\Sherry Wong\Desktop\EE2024\assignment_2\Lib_EaBaseBoard\Debug\libLib_EaBaseBoard.a(oled.o)
 .debug_line    0x000029e1      0x585 C:\Users\Sherry Wong\Desktop\EE2024\assignment_2\Lib_EaBaseBoard\Debug\libLib_EaBaseBoard.a(pca9532.o)
 .debug_line    0x00002f66      0x467 C:\Users\Sherry Wong\Desktop\EE2024\assignment_2\Lib_EaBaseBoard\Debug\libLib_EaBaseBoard.a(temp.o)
 .debug_line    0x000033cd       0x86 C:\Users\Sherry Wong\Desktop\EE2024\assignment_2\Lib_EaBaseBoard\Debug\libLib_EaBaseBoard.a(font5x7.o)
 .debug_line    0x00003453      0x5e6 C:\Users\Sherry Wong\Desktop\EE2024\assignment_2\Lib_MCU\Debug\libLib_MCU.a(lpc17xx_gpio.o)
 .debug_line    0x00003a39      0x901 C:\Users\Sherry Wong\Desktop\EE2024\assignment_2\Lib_MCU\Debug\libLib_MCU.a(lpc17xx_i2c.o)
 .debug_line    0x0000433a      0x465 C:\Users\Sherry Wong\Desktop\EE2024\assignment_2\Lib_MCU\Debug\libLib_MCU.a(lpc17xx_pinsel.o)
 .debug_line    0x0000479f      0x834 C:\Users\Sherry Wong\Desktop\EE2024\assignment_2\Lib_MCU\Debug\libLib_MCU.a(lpc17xx_ssp.o)
 .debug_line    0x00004fd3      0x792 C:\Users\Sherry Wong\Desktop\EE2024\assignment_2\Lib_MCU\Debug\libLib_MCU.a(lpc17xx_timer.o)
 .debug_line    0x00005765      0xb80 C:\Users\Sherry Wong\Desktop\EE2024\assignment_2\Lib_MCU\Debug\libLib_MCU.a(lpc17xx_uart.o)
 .debug_line    0x000062e5      0x4c6 C:\Users\Sherry Wong\Desktop\EE2024\assignment_2\Lib_MCU\Debug\libLib_MCU.a(lpc17xx_clkpwr.o)
 .debug_line    0x000067ab       0xc0 c:/nxp/lpcxpresso_6.1.4_194/lpcxpresso/tools/bin/../lib/gcc/arm-none-eabi/4.6.2/../../../../arm-none-eabi/lib/armv7-m\libcr_newlib_semihost.a(_cr_sbrk.o)
 .debug_line    0x0000686b      0x44f c:/nxp/lpcxpresso_6.1.4_194/lpcxpresso/tools/bin/../lib/gcc/arm-none-eabi/4.6.2/../../../../arm-none-eabi/lib/armv7-m\libcr_newlib_semihost.a(syscalls.o)
 .debug_line    0x00006cba       0x54 c:/nxp/lpcxpresso_6.1.4_194/lpcxpresso/tools/bin/../lib/gcc/arm-none-eabi/4.6.2/../../../../arm-none-eabi/lib/armv7-m\libcr_newlib_semihost.a(_cr_check_heap.o)

.debug_macinfo  0x00000000    0x9d342
 .debug_macinfo
                0x00000000     0x2c15 ./src/cr_startup_lpc17.o
 .debug_macinfo
                0x00002c15     0xb8ce ./src/main.o
 .debug_macinfo
                0x0000e4e3     0x83f8 C:\Users\Sherry Wong\Desktop\EE2024\assignment_2\Lib_CMSISv1p30_LPC17xx\Debug\libCMSISv1p30_LPC17xx.a(system_LPC17xx.o)
 .debug_macinfo
                0x000168db     0x8f1b C:\Users\Sherry Wong\Desktop\EE2024\assignment_2\Lib_EaBaseBoard\Debug\libLib_EaBaseBoard.a(acc.o)
 .debug_macinfo
                0x0001f7f6     0x858b C:\Users\Sherry Wong\Desktop\EE2024\assignment_2\Lib_EaBaseBoard\Debug\libLib_EaBaseBoard.a(joystick.o)
 .debug_macinfo
                0x00027d81     0x96a3 C:\Users\Sherry Wong\Desktop\EE2024\assignment_2\Lib_EaBaseBoard\Debug\libLib_EaBaseBoard.a(led7seg.o)
 .debug_macinfo
                0x00031424     0x8e3a C:\Users\Sherry Wong\Desktop\EE2024\assignment_2\Lib_EaBaseBoard\Debug\libLib_EaBaseBoard.a(light.o)
 .debug_macinfo
                0x0003a25e     0xa143 C:\Users\Sherry Wong\Desktop\EE2024\assignment_2\Lib_EaBaseBoard\Debug\libLib_EaBaseBoard.a(oled.o)
 .debug_macinfo
                0x000443a1     0x8e59 C:\Users\Sherry Wong\Desktop\EE2024\assignment_2\Lib_EaBaseBoard\Debug\libLib_EaBaseBoard.a(pca9532.o)
 .debug_macinfo
                0x0004d1fa     0x85e6 C:\Users\Sherry Wong\Desktop\EE2024\assignment_2\Lib_EaBaseBoard\Debug\libLib_EaBaseBoard.a(temp.o)
 .debug_macinfo
                0x000557e0     0x332a C:\Users\Sherry Wong\Desktop\EE2024\assignment_2\Lib_EaBaseBoard\Debug\libLib_EaBaseBoard.a(font5x7.o)
 .debug_macinfo
                0x00058b0a     0x86b8 C:\Users\Sherry Wong\Desktop\EE2024\assignment_2\Lib_MCU\Debug\libLib_MCU.a(lpc17xx_gpio.o)
 .debug_macinfo
                0x000611c2     0xa5d8 C:\Users\Sherry Wong\Desktop\EE2024\assignment_2\Lib_MCU\Debug\libLib_MCU.a(lpc17xx_i2c.o)
 .debug_macinfo
                0x0006b79a     0x87d3 C:\Users\Sherry Wong\Desktop\EE2024\assignment_2\Lib_MCU\Debug\libLib_MCU.a(lpc17xx_pinsel.o)
 .debug_macinfo
                0x00073f6d     0xa8d0 C:\Users\Sherry Wong\Desktop\EE2024\assignment_2\Lib_MCU\Debug\libLib_MCU.a(lpc17xx_ssp.o)
 .debug_macinfo
                0x0007e83d     0xa4cd C:\Users\Sherry Wong\Desktop\EE2024\assignment_2\Lib_MCU\Debug\libLib_MCU.a(lpc17xx_timer.o)
 .debug_macinfo
                0x00088d0a     0xb03f C:\Users\Sherry Wong\Desktop\EE2024\assignment_2\Lib_MCU\Debug\libLib_MCU.a(lpc17xx_uart.o)
 .debug_macinfo
                0x00093d49     0x95f9 C:\Users\Sherry Wong\Desktop\EE2024\assignment_2\Lib_MCU\Debug\libLib_MCU.a(lpc17xx_clkpwr.o)

.debug_str      0x00000000     0x30d9
 .debug_str     0x00000000      0x1c7 ./src/cr_startup_lpc17.o
                                0x201 (size before relaxing)
 .debug_str     0x000001c7      0x902 ./src/main.o
                                0xa62 (size before relaxing)
 .debug_str     0x00000ac9      0x179 C:\Users\Sherry Wong\Desktop\EE2024\assignment_2\Lib_CMSISv1p30_LPC17xx\Debug\libCMSISv1p30_LPC17xx.a(system_LPC17xx.o)
                                0x2a0 (size before relaxing)
 .debug_str     0x00000c42      0x21d C:\Users\Sherry Wong\Desktop\EE2024\assignment_2\Lib_EaBaseBoard\Debug\libLib_EaBaseBoard.a(acc.o)
                                0x39c (size before relaxing)
 .debug_str     0x00000e5f       0x3a C:\Users\Sherry Wong\Desktop\EE2024\assignment_2\Lib_EaBaseBoard\Debug\libLib_EaBaseBoard.a(joystick.o)
                                0x16d (size before relaxing)
 .debug_str     0x00000e99       0x95 C:\Users\Sherry Wong\Desktop\EE2024\assignment_2\Lib_EaBaseBoard\Debug\libLib_EaBaseBoard.a(led7seg.o)
                                0x208 (size before relaxing)
 .debug_str     0x00000f2e      0x204 C:\Users\Sherry Wong\Desktop\EE2024\assignment_2\Lib_EaBaseBoard\Debug\libLib_EaBaseBoard.a(light.o)
                                0x501 (size before relaxing)
 .debug_str     0x00001132      0x1a9 C:\Users\Sherry Wong\Desktop\EE2024\assignment_2\Lib_EaBaseBoard\Debug\libLib_EaBaseBoard.a(oled.o)
                                0x3b9 (size before relaxing)
 .debug_str     0x000012db      0x136 C:\Users\Sherry Wong\Desktop\EE2024\assignment_2\Lib_EaBaseBoard\Debug\libLib_EaBaseBoard.a(pca9532.o)
                                0x3f3 (size before relaxing)
 .debug_str     0x00001411       0x2d C:\Users\Sherry Wong\Desktop\EE2024\assignment_2\Lib_EaBaseBoard\Debug\libLib_EaBaseBoard.a(temp.o)
                                0x170 (size before relaxing)
 .debug_str     0x0000143e       0x11 C:\Users\Sherry Wong\Desktop\EE2024\assignment_2\Lib_EaBaseBoard\Debug\libLib_EaBaseBoard.a(font5x7.o)
                                 0xc4 (size before relaxing)
 .debug_str     0x0000144f      0x37d C:\Users\Sherry Wong\Desktop\EE2024\assignment_2\Lib_MCU\Debug\libLib_MCU.a(lpc17xx_gpio.o)
                                0x475 (size before relaxing)
 .debug_str     0x000017cc      0x309 C:\Users\Sherry Wong\Desktop\EE2024\assignment_2\Lib_MCU\Debug\libLib_MCU.a(lpc17xx_i2c.o)
                                0x80b (size before relaxing)
 .debug_str     0x00001ad5      0x214 C:\Users\Sherry Wong\Desktop\EE2024\assignment_2\Lib_MCU\Debug\libLib_MCU.a(lpc17xx_pinsel.o)
                                0x3aa (size before relaxing)
 .debug_str     0x00001ce9      0x204 C:\Users\Sherry Wong\Desktop\EE2024\assignment_2\Lib_MCU\Debug\libLib_MCU.a(lpc17xx_ssp.o)
                                0x488 (size before relaxing)
 .debug_str     0x00001eed      0x42e C:\Users\Sherry Wong\Desktop\EE2024\assignment_2\Lib_MCU\Debug\libLib_MCU.a(lpc17xx_timer.o)
                                0x5be (size before relaxing)
 .debug_str     0x0000231b      0x91f C:\Users\Sherry Wong\Desktop\EE2024\assignment_2\Lib_MCU\Debug\libLib_MCU.a(lpc17xx_uart.o)
                                0xc5e (size before relaxing)
 .debug_str     0x00002c3a       0xcb C:\Users\Sherry Wong\Desktop\EE2024\assignment_2\Lib_MCU\Debug\libLib_MCU.a(lpc17xx_clkpwr.o)
                                0x3a6 (size before relaxing)
 .debug_str     0x00002d05       0xbc c:/nxp/lpcxpresso_6.1.4_194/lpcxpresso/tools/bin/../lib/gcc/arm-none-eabi/4.6.2/../../../../arm-none-eabi/lib/armv7-m\libcr_newlib_semihost.a(_cr_sbrk.o)
                                0x145 (size before relaxing)
 .debug_str     0x00002dc1      0x2dd c:/nxp/lpcxpresso_6.1.4_194/lpcxpresso/tools/bin/../lib/gcc/arm-none-eabi/4.6.2/../../../../arm-none-eabi/lib/armv7-m\libcr_newlib_semihost.a(syscalls.o)
                                0x40b (size before relaxing)
 .debug_str     0x0000309e       0x3b c:/nxp/lpcxpresso_6.1.4_194/lpcxpresso/tools/bin/../lib/gcc/arm-none-eabi/4.6.2/../../../../arm-none-eabi/lib/armv7-m\libcr_newlib_semihost.a(_cr_check_heap.o)
                                 0xd1 (size before relaxing)

.comment        0x00000000       0x9a
 .comment       0x00000000       0x70 ./src/cr_startup_lpc17.o
                                 0x71 (size before relaxing)
 .comment       0x00000000       0x71 ./src/main.o
 .comment       0x00000000       0x71 C:\Users\Sherry Wong\Desktop\EE2024\assignment_2\Lib_CMSISv1p30_LPC17xx\Debug\libCMSISv1p30_LPC17xx.a(system_LPC17xx.o)
 .comment       0x00000000       0x71 C:\Users\Sherry Wong\Desktop\EE2024\assignment_2\Lib_EaBaseBoard\Debug\libLib_EaBaseBoard.a(acc.o)
 .comment       0x00000000       0x71 C:\Users\Sherry Wong\Desktop\EE2024\assignment_2\Lib_EaBaseBoard\Debug\libLib_EaBaseBoard.a(joystick.o)
 .comment       0x00000000       0x71 C:\Users\Sherry Wong\Desktop\EE2024\assignment_2\Lib_EaBaseBoard\Debug\libLib_EaBaseBoard.a(led7seg.o)
 .comment       0x00000000       0x71 C:\Users\Sherry Wong\Desktop\EE2024\assignment_2\Lib_EaBaseBoard\Debug\libLib_EaBaseBoard.a(light.o)
 .comment       0x00000000       0x71 C:\Users\Sherry Wong\Desktop\EE2024\assignment_2\Lib_EaBaseBoard\Debug\libLib_EaBaseBoard.a(oled.o)
 .comment       0x00000000       0x71 C:\Users\Sherry Wong\Desktop\EE2024\assignment_2\Lib_EaBaseBoard\Debug\libLib_EaBaseBoard.a(pca9532.o)
 .comment       0x00000000       0x71 C:\Users\Sherry Wong\Desktop\EE2024\assignment_2\Lib_EaBaseBoard\Debug\libLib_EaBaseBoard.a(temp.o)
 .comment       0x00000000       0x71 C:\Users\Sherry Wong\Desktop\EE2024\assignment_2\Lib_EaBaseBoard\Debug\libLib_EaBaseBoard.a(font5x7.o)
 .comment       0x00000000       0x71 C:\Users\Sherry Wong\Desktop\EE2024\assignment_2\Lib_MCU\Debug\libLib_MCU.a(lpc17xx_gpio.o)
 .comment       0x00000000       0x71 C:\Users\Sherry Wong\Desktop\EE2024\assignment_2\Lib_MCU\Debug\libLib_MCU.a(lpc17xx_i2c.o)
 .comment       0x00000000       0x71 C:\Users\Sherry Wong\Desktop\EE2024\assignment_2\Lib_MCU\Debug\libLib_MCU.a(lpc17xx_pinsel.o)
 .comment       0x00000000       0x71 C:\Users\Sherry Wong\Desktop\EE2024\assignment_2\Lib_MCU\Debug\libLib_MCU.a(lpc17xx_ssp.o)
 .comment       0x00000000       0x71 C:\Users\Sherry Wong\Desktop\EE2024\assignment_2\Lib_MCU\Debug\libLib_MCU.a(lpc17xx_timer.o)
 .comment       0x00000000       0x71 C:\Users\Sherry Wong\Desktop\EE2024\assignment_2\Lib_MCU\Debug\libLib_MCU.a(lpc17xx_uart.o)
 .comment       0x00000000       0x71 C:\Users\Sherry Wong\Desktop\EE2024\assignment_2\Lib_MCU\Debug\libLib_MCU.a(lpc17xx_clkpwr.o)
 .comment       0x00000070       0x2a c:/nxp/lpcxpresso_6.1.4_194/lpcxpresso/tools/bin/../lib/gcc/arm-none-eabi/4.6.2/../../../../arm-none-eabi/lib/armv7-m\libcr_newlib_semihost.a(_cr_sbrk.o)
                                 0x2b (size before relaxing)
 .comment       0x00000000       0x2b c:/nxp/lpcxpresso_6.1.4_194/lpcxpresso/tools/bin/../lib/gcc/arm-none-eabi/4.6.2/../../../../arm-none-eabi/lib/armv7-m\libcr_newlib_semihost.a(syscalls.o)
 .comment       0x00000000       0x2b c:/nxp/lpcxpresso_6.1.4_194/lpcxpresso/tools/bin/../lib/gcc/arm-none-eabi/4.6.2/../../../../arm-none-eabi/lib/armv7-m\libcr_newlib_semihost.a(_cr_check_heap.o)

.ARM.attributes
                0x00000000       0x33
 .ARM.attributes
                0x00000000       0x33 ./src/cr_startup_lpc17.o
 .ARM.attributes
                0x00000033       0x33 ./src/main.o
 .ARM.attributes
                0x00000066       0x33 C:\Users\Sherry Wong\Desktop\EE2024\assignment_2\Lib_CMSISv1p30_LPC17xx\Debug\libCMSISv1p30_LPC17xx.a(system_LPC17xx.o)
 .ARM.attributes
                0x00000099       0x33 C:\Users\Sherry Wong\Desktop\EE2024\assignment_2\Lib_EaBaseBoard\Debug\libLib_EaBaseBoard.a(acc.o)
 .ARM.attributes
                0x000000cc       0x33 C:\Users\Sherry Wong\Desktop\EE2024\assignment_2\Lib_EaBaseBoard\Debug\libLib_EaBaseBoard.a(joystick.o)
 .ARM.attributes
                0x000000ff       0x33 C:\Users\Sherry Wong\Desktop\EE2024\assignment_2\Lib_EaBaseBoard\Debug\libLib_EaBaseBoard.a(led7seg.o)
 .ARM.attributes
                0x00000132       0x33 C:\Users\Sherry Wong\Desktop\EE2024\assignment_2\Lib_EaBaseBoard\Debug\libLib_EaBaseBoard.a(light.o)
 .ARM.attributes
                0x00000165       0x33 C:\Users\Sherry Wong\Desktop\EE2024\assignment_2\Lib_EaBaseBoard\Debug\libLib_EaBaseBoard.a(oled.o)
 .ARM.attributes
                0x00000198       0x33 C:\Users\Sherry Wong\Desktop\EE2024\assignment_2\Lib_EaBaseBoard\Debug\libLib_EaBaseBoard.a(pca9532.o)
 .ARM.attributes
                0x000001cb       0x33 C:\Users\Sherry Wong\Desktop\EE2024\assignment_2\Lib_EaBaseBoard\Debug\libLib_EaBaseBoard.a(temp.o)
 .ARM.attributes
                0x000001fe       0x33 C:\Users\Sherry Wong\Desktop\EE2024\assignment_2\Lib_EaBaseBoard\Debug\libLib_EaBaseBoard.a(font5x7.o)
 .ARM.attributes
                0x00000231       0x33 C:\Users\Sherry Wong\Desktop\EE2024\assignment_2\Lib_MCU\Debug\libLib_MCU.a(lpc17xx_gpio.o)
 .ARM.attributes
                0x00000264       0x33 C:\Users\Sherry Wong\Desktop\EE2024\assignment_2\Lib_MCU\Debug\libLib_MCU.a(lpc17xx_i2c.o)
 .ARM.attributes
                0x00000297       0x33 C:\Users\Sherry Wong\Desktop\EE2024\assignment_2\Lib_MCU\Debug\libLib_MCU.a(lpc17xx_pinsel.o)
 .ARM.attributes
                0x000002ca       0x33 C:\Users\Sherry Wong\Desktop\EE2024\assignment_2\Lib_MCU\Debug\libLib_MCU.a(lpc17xx_ssp.o)
 .ARM.attributes
                0x000002fd       0x33 C:\Users\Sherry Wong\Desktop\EE2024\assignment_2\Lib_MCU\Debug\libLib_MCU.a(lpc17xx_timer.o)
 .ARM.attributes
                0x00000330       0x33 C:\Users\Sherry Wong\Desktop\EE2024\assignment_2\Lib_MCU\Debug\libLib_MCU.a(lpc17xx_uart.o)
 .ARM.attributes
                0x00000363       0x33 C:\Users\Sherry Wong\Desktop\EE2024\assignment_2\Lib_MCU\Debug\libLib_MCU.a(lpc17xx_clkpwr.o)
 .ARM.attributes
                0x00000396       0x1d c:/nxp/lpcxpresso_6.1.4_194/lpcxpresso/tools/bin/../lib/gcc/arm-none-eabi/4.6.2/armv7-m\libgcc.a(_aeabi_uldivmod.o)
 .ARM.attributes
                0x000003b3       0x2d c:/nxp/lpcxpresso_6.1.4_194/lpcxpresso/tools/bin/../lib/gcc/arm-none-eabi/4.6.2/armv7-m\libgcc.a(bpabi.o)
 .ARM.attributes
                0x000003e0       0x1d c:/nxp/lpcxpresso_6.1.4_194/lpcxpresso/tools/bin/../lib/gcc/arm-none-eabi/4.6.2/armv7-m\libgcc.a(_dvmd_tls.o)
 .ARM.attributes
                0x000003fd       0x2d c:/nxp/lpcxpresso_6.1.4_194/lpcxpresso/tools/bin/../lib/gcc/arm-none-eabi/4.6.2/armv7-m\libgcc.a(_divdi3.o)
 .ARM.attributes
                0x0000042a       0x2d c:/nxp/lpcxpresso_6.1.4_194/lpcxpresso/tools/bin/../lib/gcc/arm-none-eabi/4.6.2/armv7-m\libgcc.a(_udivdi3.o)
 .ARM.attributes
                0x00000457       0x2d c:/nxp/lpcxpresso_6.1.4_194/lpcxpresso/tools/bin/../lib/gcc/arm-none-eabi/4.6.2/../../../../arm-none-eabi/lib/armv7-m\libc.a(lib_a-memcpy.o)
 .ARM.attributes
                0x00000484       0x2d c:/nxp/lpcxpresso_6.1.4_194/lpcxpresso/tools/bin/../lib/gcc/arm-none-eabi/4.6.2/../../../../arm-none-eabi/lib/armv7-m\libc.a(lib_a-memset.o)
 .ARM.attributes
                0x000004b1       0x2d c:/nxp/lpcxpresso_6.1.4_194/lpcxpresso/tools/bin/../lib/gcc/arm-none-eabi/4.6.2/../../../../arm-none-eabi/lib/armv7-m\libc.a(lib_a-printf.o)
 .ARM.attributes
                0x000004de       0x2d c:/nxp/lpcxpresso_6.1.4_194/lpcxpresso/tools/bin/../lib/gcc/arm-none-eabi/4.6.2/../../../../arm-none-eabi/lib/armv7-m\libc.a(lib_a-sprintf.o)
 .ARM.attributes
                0x0000050b       0x2d c:/nxp/lpcxpresso_6.1.4_194/lpcxpresso/tools/bin/../lib/gcc/arm-none-eabi/4.6.2/../../../../arm-none-eabi/lib/armv7-m\libc.a(lib_a-strlen.o)
 .ARM.attributes
                0x00000538       0x2d c:/nxp/lpcxpresso_6.1.4_194/lpcxpresso/tools/bin/../lib/gcc/arm-none-eabi/4.6.2/../../../../arm-none-eabi/lib/armv7-m\libc.a(lib_a-svfprintf.o)
 .ARM.attributes
                0x00000565       0x2d c:/nxp/lpcxpresso_6.1.4_194/lpcxpresso/tools/bin/../lib/gcc/arm-none-eabi/4.6.2/../../../../arm-none-eabi/lib/armv7-m\libc.a(lib_a-vfprintf.o)
 .ARM.attributes
                0x00000592       0x2d c:/nxp/lpcxpresso_6.1.4_194/lpcxpresso/tools/bin/../lib/gcc/arm-none-eabi/4.6.2/../../../../arm-none-eabi/lib/armv7-m\libc.a(lib_a-wsetup.o)
 .ARM.attributes
                0x000005bf       0x2d c:/nxp/lpcxpresso_6.1.4_194/lpcxpresso/tools/bin/../lib/gcc/arm-none-eabi/4.6.2/../../../../arm-none-eabi/lib/armv7-m\libc.a(lib_a-dtoa.o)
 .ARM.attributes
                0x000005ec       0x2d c:/nxp/lpcxpresso_6.1.4_194/lpcxpresso/tools/bin/../lib/gcc/arm-none-eabi/4.6.2/../../../../arm-none-eabi/lib/armv7-m\libc.a(lib_a-fflush.o)
 .ARM.attributes
                0x00000619       0x2d c:/nxp/lpcxpresso_6.1.4_194/lpcxpresso/tools/bin/../lib/gcc/arm-none-eabi/4.6.2/../../../../arm-none-eabi/lib/armv7-m\libc.a(lib_a-findfp.o)
 .ARM.attributes
                0x00000646       0x2d c:/nxp/lpcxpresso_6.1.4_194/lpcxpresso/tools/bin/../lib/gcc/arm-none-eabi/4.6.2/../../../../arm-none-eabi/lib/armv7-m\libc.a(lib_a-freer.o)
 .ARM.attributes
                0x00000673       0x2d c:/nxp/lpcxpresso_6.1.4_194/lpcxpresso/tools/bin/../lib/gcc/arm-none-eabi/4.6.2/../../../../arm-none-eabi/lib/armv7-m\libc.a(lib_a-fwalk.o)
 .ARM.attributes
                0x000006a0       0x2d c:/nxp/lpcxpresso_6.1.4_194/lpcxpresso/tools/bin/../lib/gcc/arm-none-eabi/4.6.2/../../../../arm-none-eabi/lib/armv7-m\libc.a(lib_a-impure.o)
 .ARM.attributes
                0x000006cd       0x2d c:/nxp/lpcxpresso_6.1.4_194/lpcxpresso/tools/bin/../lib/gcc/arm-none-eabi/4.6.2/../../../../arm-none-eabi/lib/armv7-m\libc.a(lib_a-locale.o)
 .ARM.attributes
                0x000006fa       0x2d c:/nxp/lpcxpresso_6.1.4_194/lpcxpresso/tools/bin/../lib/gcc/arm-none-eabi/4.6.2/../../../../arm-none-eabi/lib/armv7-m\libc.a(lib_a-makebuf.o)
 .ARM.attributes
                0x00000727       0x2d c:/nxp/lpcxpresso_6.1.4_194/lpcxpresso/tools/bin/../lib/gcc/arm-none-eabi/4.6.2/../../../../arm-none-eabi/lib/armv7-m\libc.a(lib_a-mallocr.o)
 .ARM.attributes
                0x00000754       0x2d c:/nxp/lpcxpresso_6.1.4_194/lpcxpresso/tools/bin/../lib/gcc/arm-none-eabi/4.6.2/../../../../arm-none-eabi/lib/armv7-m\libc.a(lib_a-memchr.o)
 .ARM.attributes
                0x00000781       0x2d c:/nxp/lpcxpresso_6.1.4_194/lpcxpresso/tools/bin/../lib/gcc/arm-none-eabi/4.6.2/../../../../arm-none-eabi/lib/armv7-m\libc.a(lib_a-mlock.o)
 .ARM.attributes
                0x000007ae       0x2d c:/nxp/lpcxpresso_6.1.4_194/lpcxpresso/tools/bin/../lib/gcc/arm-none-eabi/4.6.2/../../../../arm-none-eabi/lib/armv7-m\libc.a(lib_a-mprec.o)
 .ARM.attributes
                0x000007db       0x2d c:/nxp/lpcxpresso_6.1.4_194/lpcxpresso/tools/bin/../lib/gcc/arm-none-eabi/4.6.2/../../../../arm-none-eabi/lib/armv7-m\libc.a(lib_a-s_fpclassify.o)
 .ARM.attributes
                0x00000808       0x2d c:/nxp/lpcxpresso_6.1.4_194/lpcxpresso/tools/bin/../lib/gcc/arm-none-eabi/4.6.2/../../../../arm-none-eabi/lib/armv7-m\libc.a(lib_a-sbrkr.o)
 .ARM.attributes
                0x00000835       0x2d c:/nxp/lpcxpresso_6.1.4_194/lpcxpresso/tools/bin/../lib/gcc/arm-none-eabi/4.6.2/../../../../arm-none-eabi/lib/armv7-m\libc.a(lib_a-stdio.o)
 .ARM.attributes